../drivers/fsl_clock.h:671:24:CLOCK_GetCoreSysClkFreq	8	static
../drivers/fsl_clock.h:719:24:CLOCK_GetSystemPLLFreq	8	static
../drivers/fsl_clock.h:727:24:CLOCK_GetWdtOscFreq	8	static
../drivers/fsl_clock.h:735:24:CLOCK_GetExtClkFreq	8	static
../drivers/fsl_clock.c:61:17:CLOCK_GetFRGInputClkFreq	24	static
../drivers/fsl_clock.c:79:13:CLOCK_SetFRGClkFreq	56	static
../drivers/fsl_clock.c:99:13:CLOCK_UpdateClkSrc	16	static
../drivers/fsl_clock.c:115:6:CLOCK_SetFRG0ClkFreq	16	static
../drivers/fsl_clock.c:125:6:CLOCK_SetFRG1ClkFreq	16	static
../drivers/fsl_clock.c:133:10:CLOCK_GetFRG0ClkFreq	40	static
../drivers/fsl_clock.c:144:10:CLOCK_GetFRG1ClkFreq	40	static
../drivers/fsl_clock.c:155:10:CLOCK_GetMainClkFreq	16	static
../drivers/fsl_clock.c:192:10:CLOCK_GetFroFreq	16	static
../drivers/fsl_clock.c:222:10:CLOCK_GetClockOutClkFreq	16	static
../drivers/fsl_clock.c:259:10:CLOCK_GetUart0ClkFreq	16	static
../drivers/fsl_clock.c:292:10:CLOCK_GetUart1ClkFreq	16	static
../drivers/fsl_clock.c:325:10:CLOCK_GetUart2ClkFreq	16	static
../drivers/fsl_clock.c:358:10:CLOCK_GetUart3ClkFreq	16	static
../drivers/fsl_clock.c:391:10:CLOCK_GetUart4ClkFreq	16	static
../drivers/fsl_clock.c:424:10:CLOCK_GetFreq	24	static
../drivers/fsl_clock.c:469:10:CLOCK_GetSystemPLLInClockRate	16	static
../drivers/fsl_clock.c:500:17:findSyestemPllPsel	24	static
../drivers/fsl_clock.c:527:6:CLOCK_InitSystemPll	32	static
../drivers/fsl_clock.c:565:6:CLOCK_InitExtClkin	16	static
../drivers/fsl_clock.c:582:6:CLOCK_InitXtalin	16	static
../drivers/fsl_clock.c:606:6:CLOCK_InitSysOsc	24	static
../drivers/fsl_clock.c:643:6:CLOCK_InitWdtOsc	24	static
../drivers/fsl_clock.c:665:6:CLOCK_SetMainClkSrc	24	static
../drivers/fsl_clock.c:687:6:CLOCK_SetFroOutClkSrc	16	static
