/home/juan/Documentos/UTN/TC1/Proyecto/LPC845/Sine_generator_DAC_DMA/drivers/fsl_clock.h:580:20:CLOCK_Select	16	static
/home/juan/Documentos/UTN/TC1/Proyecto/LPC845/Sine_generator_DAC_DMA/drivers/fsl_clock.h:612:20:CLOCK_SetCoreSysClkDiv	16	static
/home/juan/Documentos/UTN/TC1/Proyecto/LPC845/Sine_generator_DAC_DMA/drivers/fsl_clock.h:836:20:CLOCK_SetFroOscFreq	16	static
/home/juan/Documentos/UTN/TC1/Proyecto/LPC845/Sine_generator_DAC_DMA/drivers/fsl_power.h:153:20:POWER_DisablePD	16	static
../board/clock_config.c:38:6:BOARD_InitBootClocks	8	static
../board/clock_config.c:72:6:BOARD_BootClockFRO18M	8	static
../board/clock_config.c:117:6:BOARD_BootClockFRO24M	8	static
../board/clock_config.c:161:6:BOARD_BootClockFRO30M	8	static
../board/clock_config.c:207:6:BOARD_BootClockPll24M	16	static
