Archive member included to satisfy reference by file (symbol)

/usr/local/mcuxpressoide-11.5.0_7232/ide/plugins/com.nxp.mcuxpresso.tools.linux_11.5.0.202107051138/tools/bin/../lib/gcc/arm-none-eabi/10.3.1/../../../../arm-none-eabi/lib/thumb/v6-m/nofp/libcr_nohost_nf.a(_cr__main.o)
                              ./startup/startup_lpc845.o (__main)
/usr/local/mcuxpressoide-11.5.0_7232/ide/plugins/com.nxp.mcuxpresso.tools.linux_11.5.0.202107051138/tools/bin/../lib/gcc/arm-none-eabi/10.3.1/../../../../arm-none-eabi/lib/thumb/v6-m/nofp/libcr_nohost_nf.a(_cr_assert.o)
                              ./drivers/fsl_clock.o (__assertion_failed)
/usr/local/mcuxpressoide-11.5.0_7232/ide/plugins/com.nxp.mcuxpresso.tools.linux_11.5.0.202107051138/tools/bin/../lib/gcc/arm-none-eabi/10.3.1/../../../../arm-none-eabi/lib/thumb/v6-m/nofp/libcr_nohost_nf.a(__ciob.o)
                              /usr/local/mcuxpressoide-11.5.0_7232/ide/plugins/com.nxp.mcuxpresso.tools.linux_11.5.0.202107051138/tools/bin/../lib/gcc/arm-none-eabi/10.3.1/../../../../arm-none-eabi/lib/thumb/v6-m/nofp/libcr_nohost_nf.a(_cr_assert.o) (__Ciob)
/usr/local/mcuxpressoide-11.5.0_7232/ide/plugins/com.nxp.mcuxpresso.tools.linux_11.5.0.202107051138/tools/bin/../lib/gcc/arm-none-eabi/10.3.1/../../../../arm-none-eabi/lib/thumb/v6-m/nofp/libcr_nohost_nf.a(__sys_appexit.o)
                              /usr/local/mcuxpressoide-11.5.0_7232/ide/plugins/com.nxp.mcuxpresso.tools.linux_11.5.0.202107051138/tools/bin/../lib/gcc/arm-none-eabi/10.3.1/../../../../arm-none-eabi/lib/thumb/v6-m/nofp/libcr_nohost_nf.a(_cr_assert.o) (__sys_appexit)
/usr/local/mcuxpressoide-11.5.0_7232/ide/plugins/com.nxp.mcuxpresso.tools.linux_11.5.0.202107051138/tools/bin/../lib/gcc/arm-none-eabi/10.3.1/../../../../arm-none-eabi/lib/thumb/v6-m/nofp/libcr_c.a(memcpy.o)
                              ./utilities/fsl_debug_console.o (memcpy)
/usr/local/mcuxpressoide-11.5.0_7232/ide/plugins/com.nxp.mcuxpresso.tools.linux_11.5.0.202107051138/tools/bin/../lib/gcc/arm-none-eabi/10.3.1/../../../../arm-none-eabi/lib/thumb/v6-m/nofp/libcr_c.a(memset.o)
                              ./drivers/fsl_dac.o (memset)
/usr/local/mcuxpressoide-11.5.0_7232/ide/plugins/com.nxp.mcuxpresso.tools.linux_11.5.0.202107051138/tools/bin/../lib/gcc/arm-none-eabi/10.3.1/../../../../arm-none-eabi/lib/thumb/v6-m/nofp/libcr_c.a(_deferredlazyseek.o)
                              /usr/local/mcuxpressoide-11.5.0_7232/ide/plugins/com.nxp.mcuxpresso.tools.linux_11.5.0.202107051138/tools/bin/../lib/gcc/arm-none-eabi/10.3.1/../../../../arm-none-eabi/lib/thumb/v6-m/nofp/libcr_nohost_nf.a(_cr_assert.o) (__flsbuf)
/usr/local/mcuxpressoide-11.5.0_7232/ide/plugins/com.nxp.mcuxpresso.tools.linux_11.5.0.202107051138/tools/bin/../lib/gcc/arm-none-eabi/10.3.1/../../../../arm-none-eabi/lib/thumb/v6-m/nofp/libcr_c.a(_fflush.o)
                              /usr/local/mcuxpressoide-11.5.0_7232/ide/plugins/com.nxp.mcuxpresso.tools.linux_11.5.0.202107051138/tools/bin/../lib/gcc/arm-none-eabi/10.3.1/../../../../arm-none-eabi/lib/thumb/v6-m/nofp/libcr_c.a(_deferredlazyseek.o) (_fflush)
/usr/local/mcuxpressoide-11.5.0_7232/ide/plugins/com.nxp.mcuxpresso.tools.linux_11.5.0.202107051138/tools/bin/../lib/gcc/arm-none-eabi/10.3.1/../../../../arm-none-eabi/lib/thumb/v6-m/nofp/libcr_c.a(_writebuf.o)
                              /usr/local/mcuxpressoide-11.5.0_7232/ide/plugins/com.nxp.mcuxpresso.tools.linux_11.5.0.202107051138/tools/bin/../lib/gcc/arm-none-eabi/10.3.1/../../../../arm-none-eabi/lib/thumb/v6-m/nofp/libcr_c.a(_deferredlazyseek.o) (_Cwritebuf)
/usr/local/mcuxpressoide-11.5.0_7232/ide/plugins/com.nxp.mcuxpresso.tools.linux_11.5.0.202107051138/tools/bin/../lib/gcc/arm-none-eabi/10.3.1/../../../../arm-none-eabi/lib/thumb/v6-m/nofp/libcr_c.a(alloc.o)
                              ./drivers/fsl_common.o (malloc)
/usr/local/mcuxpressoide-11.5.0_7232/ide/plugins/com.nxp.mcuxpresso.tools.linux_11.5.0.202107051138/tools/bin/../lib/gcc/arm-none-eabi/10.3.1/../../../../arm-none-eabi/lib/thumb/v6-m/nofp/libcr_c.a(fputs.o)
                              /usr/local/mcuxpressoide-11.5.0_7232/ide/plugins/com.nxp.mcuxpresso.tools.linux_11.5.0.202107051138/tools/bin/../lib/gcc/arm-none-eabi/10.3.1/../../../../arm-none-eabi/lib/thumb/v6-m/nofp/libcr_nohost_nf.a(_cr_assert.o) (fputs)
/usr/local/mcuxpressoide-11.5.0_7232/ide/plugins/com.nxp.mcuxpresso.tools.linux_11.5.0.202107051138/tools/bin/../lib/gcc/arm-none-eabi/10.3.1/../../../../arm-none-eabi/lib/thumb/v6-m/nofp/libcr_c.a(fseek.o)
                              /usr/local/mcuxpressoide-11.5.0_7232/ide/plugins/com.nxp.mcuxpresso.tools.linux_11.5.0.202107051138/tools/bin/../lib/gcc/arm-none-eabi/10.3.1/../../../../arm-none-eabi/lib/thumb/v6-m/nofp/libcr_c.a(_deferredlazyseek.o) (fseek)
/usr/local/mcuxpressoide-11.5.0_7232/ide/plugins/com.nxp.mcuxpresso.tools.linux_11.5.0.202107051138/tools/bin/../lib/gcc/arm-none-eabi/10.3.1/../../../../arm-none-eabi/lib/thumb/v6-m/nofp/libcr_c.a(ftell.o)
[...]
Memory Configuration

Name             Origin             Length             Attributes
PROGRAM_FLASH    0x0000000000000000 0x0000000000010000 xr
SRAM             0x0000000010000000 0x0000000000003fe0 xrw
IAP_SRAM         0x0000000010003fe0 0x0000000000000020 xrw
*default*        0x0000000000000000 0xffffffffffffffff

Linker script and memory map

LOAD ./utilities/fsl_debug_console.o
LOAD ./startup/startup_lpc845.o
LOAD ./source/Sine_generator_DAC_DMA.o
LOAD ./source/mtb.o
LOAD ./source/semihost_hardfault.o
LOAD ./drivers/fsl_clock.o
LOAD ./drivers/fsl_common.o
LOAD ./drivers/fsl_common_arm.o
LOAD ./drivers/fsl_dac.o
LOAD ./drivers/fsl_dma.o
LOAD ./drivers/fsl_gpio.o
LOAD ./drivers/fsl_power.o
LOAD ./drivers/fsl_reset.o
LOAD ./drivers/fsl_swm.o
LOAD ./drivers/fsl_usart.o
LOAD ./device/system_LPC845.o
LOAD ./component/uart/fsl_adapter_miniusart.o
LOAD ./board/board.o
LOAD ./board/clock_config.o
LOAD ./board/peripherals.o
LOAD ./board/pin_mux.o
LOAD ./OwnDrivers/freq_boton.o
LOAD ./OwnDrivers/sine_generator.o
START GROUP
LOAD /usr/local/mcuxpressoide-11.5.0_7232/ide/plugins/com.nxp.mcuxpresso.tools.linux_11.5.0.202107051138/tools/bin/../lib/gcc/arm-none-eabi/10.3.1/../../../../arm-none-eabi/lib/thumb/v6-m/nofp/libcr_nohost_nf.a
LOAD /usr/local/mcuxpressoide-11.5.0_7232/ide/plugins/com.nxp.mcuxpresso.tools.linux_11.5.0.202107051138/tools/bin/../lib/gcc/arm-none-eabi/10.3.1/../../../../arm-none-eabi/lib/thumb/v6-m/nofp/libcr_c.a
LOAD /usr/local/mcuxpressoide-11.5.0_7232/ide/plugins/com.nxp.mcuxpresso.tools.linux_11.5.0.202107051138/tools/bin/../lib/gcc/arm-none-eabi/10.3.1/thumb/v6-m/nofp/libcr_eabihelpers.a
LOAD /usr/local/mcuxpressoide-11.5.0_7232/ide/plugins/com.nxp.mcuxpresso.tools.linux_11.5.0.202107051138/tools/bin/../lib/gcc/arm-none-eabi/10.3.1/thumb/v6-m/nofp/libgcc.a
END GROUP
                0x0000000000000000                __base_PROGRAM_FLASH = 0x0
                0x0000000000000000                __base_Flash = 0x0
                0x0000000000010000                __top_PROGRAM_FLASH = 0x10000
                0x0000000000010000                __top_Flash = 0x10000
                0x0000000010000000                __base_SRAM = 0x10000000
                0x0000000010000000                __base_RAM = 0x10000000
                0x0000000010003fe0                __top_SRAM = 0x10003fe0
                0x0000000010003fe0                __top_RAM = 0x10003fe0
                0x0000000010003fe0                __base_IAP_SRAM = 0x10003fe0
                0x0000000010003fe0                __base_RAM2 = 0x10003fe0
                0x0000000010004000                __top_IAP_SRAM = 0x10004000
                0x0000000010004000                __top_RAM2 = 0x10004000

.text           0x0000000000000000     0x2e58
 FILL mask 0xff
                0x0000000000000000                __vectors_start__ = ABSOLUTE (.)
 *(SORT_BY_ALIGNMENT(.isr_vector))
 .isr_vector    0x0000000000000000       0xc0 ./startup/startup_lpc845.o
                0x0000000000000000                __Vectors
                0x0000000000000000                g_pfnVectors
                0x00000000000000c0                . = ALIGN (0x4)
                0x00000000000000c0                __section_table_start = .
                0x00000000000000c0                __data_section_table = .
                0x00000000000000c0        0x4 LONG 0x2e58 LOADADDR (.data)
                0x00000000000000c4        0x4 LONG 0x10000080 ADDR (.data)
                0x00000000000000c8        0x4 LONG 0x8 SIZEOF (.data)
                0x00000000000000cc        0x4 LONG 0x2e58 LOADADDR (.data_RAM2)
                0x00000000000000d0        0x4 LONG 0x10003fe0 ADDR (.data_RAM2)
                0x00000000000000d4        0x4 LONG 0x0 SIZEOF (.data_RAM2)
                0x00000000000000d8                __data_section_table_end = .
                0x00000000000000d8                __bss_section_table = .
                0x00000000000000d8        0x4 LONG 0x10000200 ADDR (.bss)
                0x00000000000000dc        0x4 LONG 0x2ec SIZEOF (.bss)
                0x00000000000000e0        0x4 LONG 0x10003fe0 ADDR (.bss_RAM2)
                0x00000000000000e4        0x4 LONG 0x0 SIZEOF (.bss_RAM2)
                0x00000000000000e8                __bss_section_table_end = .
                0x00000000000000e8                __section_table_end = .
 *(SORT_BY_ALIGNMENT(.after_vectors*))
 .after_vectors.reset
                0x00000000000000e8       0x54 ./startup/startup_lpc845.o
                0x00000000000000e8                ResetISR
 .after_vectors.init_data
                0x000000000000013c       0x12 ./startup/startup_lpc845.o
                0x000000000000013c                data_init
 .after_vectors.init_bss
                0x000000000000014e       0x10 ./startup/startup_lpc845.o
                0x000000000000014e                bss_init
 .after_vectors
                0x000000000000015e      0x10c ./startup/startup_lpc845.o
                0x000000000000015e                NMI_Handler
                0x0000000000000162                SVC_Handler
                0x0000000000000164                PendSV_Handler
                0x0000000000000166                SysTick_Handler
                0x0000000000000168                ADC0_OVR_DriverIRQHandler
                0x0000000000000168                SPI1_DriverIRQHandler
                0x0000000000000168                I2C3_DriverIRQHandler
                0x0000000000000168                PIN_INT3_DriverIRQHandler
                0x0000000000000168                PIN_INT5_DAC1_DriverIRQHandler
                0x0000000000000168                PIN_INT2_DriverIRQHandler
                0x0000000000000168                I2C2_DriverIRQHandler
                0x0000000000000168                PIN_INT0_DriverIRQHandler
                0x0000000000000168                IntDefaultHandler
                0x0000000000000168                WKT_DriverIRQHandler
                0x0000000000000168                DAC0_DriverIRQHandler
                0x0000000000000168                MRT0_DriverIRQHandler
                0x0000000000000168                PIN_INT4_DriverIRQHandler
                0x0000000000000168                CMP_CAPT_DriverIRQHandler
                0x0000000000000168                ADC0_THCMP_DriverIRQHandler
                0x0000000000000168                Reserved22_DriverIRQHandler
                0x0000000000000168                FLASH_DriverIRQHandler
                0x0000000000000168                ADC0_SEQB_DriverIRQHandler
                0x0000000000000168                CTIMER0_DriverIRQHandler
                0x0000000000000168                WDT_DriverIRQHandler
                0x0000000000000168                PIN_INT1_DriverIRQHandler
                0x0000000000000168                BOD_DriverIRQHandler
                0x0000000000000168                I2C1_DriverIRQHandler
                0x0000000000000168                ADC0_SEQA_DriverIRQHandler
                0x0000000000000168                SPI0_DriverIRQHandler
                0x0000000000000168                I2C0_DriverIRQHandler
                0x0000000000000168                SCT0_DriverIRQHandler
                0x000000000000016a                SPI0_IRQHandler
                0x0000000000000172                SPI1_IRQHandler
                0x0000000000000182                USART0_IRQHandler
                0x000000000000018a                USART1_IRQHandler
                0x0000000000000192                USART2_IRQHandler
                0x000000000000019a                Reserved22_IRQHandler
                0x00000000000001a2                I2C1_IRQHandler
                0x00000000000001aa                I2C0_IRQHandler
                0x00000000000001b2                SCT0_IRQHandler
                0x00000000000001ba                MRT0_IRQHandler
                0x00000000000001c2                CMP_CAPT_IRQHandler
                0x00000000000001ca                WDT_IRQHandler
                0x00000000000001d2                BOD_IRQHandler
                0x00000000000001da                FLASH_IRQHandler
                0x00000000000001e2                WKT_IRQHandler
                0x00000000000001ea                ADC0_SEQA_IRQHandler
                0x00000000000001f2                ADC0_SEQB_IRQHandler
                0x00000000000001fa                ADC0_THCMP_IRQHandler
                0x0000000000000202                ADC0_OVR_IRQHandler
                0x000000000000020a                DMA0_IRQHandler
                0x0000000000000212                I2C2_IRQHandler
                0x000000000000021a                I2C3_IRQHandler
                0x0000000000000222                CTIMER0_IRQHandler
                0x000000000000022a                PIN_INT0_IRQHandler
                0x0000000000000232                PIN_INT1_IRQHandler
                0x000000000000023a                PIN_INT2_IRQHandler
                0x0000000000000242                PIN_INT3_IRQHandler
                0x000000000000024a                PIN_INT4_IRQHandler
                0x0000000000000252                PIN_INT5_DAC1_IRQHandler
                0x000000000000025a                PIN_INT6_USART3_IRQHandler
                0x0000000000000262                PIN_INT7_USART4_IRQHandler
                0x00000000000002fc                . = 0x2fc
 *fill*         0x000000000000026a       0x92 ff
                0x00000000000002fc                PROVIDE (__CRP_WORD_START__ = .)
 *(SORT_BY_ALIGNMENT(.crp))
 .crp           0x00000000000002fc        0x4 ./startup/startup_lpc845.o
                0x00000000000002fc                CRP_WORD
                0x0000000000000300                PROVIDE (__CRP_WORD_END__ = .)
                0x0000000000000001                ASSERT (! ((__CRP_WORD_START__ == __CRP_WORD_END__)), Linker CRP Enabled, but no CRP_WORD provided within application)
 *(SORT_BY_ALIGNMENT(.text*))
 .text.DbgConsole_Init
                0x0000000000000300       0x9c ./utilities/fsl_debug_console.o
                0x0000000000000300                DbgConsole_Init
 .text.HardFault_Handler
                0x000000000000039c       0x30 ./source/semihost_hardfault.o
                0x000000000000039c                HardFault_Handler
 .text.CLOCK_GetSystemPLLFreq
                0x00000000000003cc       0x20 ./drivers/fsl_clock.o
 .text.CLOCK_GetWdtOscFreq
                0x00000000000003ec       0x14 ./drivers/fsl_clock.o
 .text.CLOCK_GetExtClkFreq
                0x0000000000000400       0x14 ./drivers/fsl_clock.o
 .text.CLOCK_UpdateClkSrc
                0x0000000000000414       0x4c ./drivers/fsl_clock.o
 .text.CLOCK_GetMainClkFreq
                0x0000000000000460       0x78 ./drivers/fsl_clock.o
                0x0000000000000460                CLOCK_GetMainClkFreq
 .text.CLOCK_GetFroFreq
                0x00000000000004d8       0x78 ./drivers/fsl_clock.o
                0x00000000000004d8                CLOCK_GetFroFreq
 .text.CLOCK_GetSystemPLLInClockRate
                0x0000000000000550       0x64 ./drivers/fsl_clock.o
                0x0000000000000550                CLOCK_GetSystemPLLInClockRate
 .text.CLOCK_SetMainClkSrc
                0x00000000000005b4       0x9c ./drivers/fsl_clock.o
                0x00000000000005b4                CLOCK_SetMainClkSrc
 .text.CLOCK_SetFroOutClkSrc
                0x0000000000000650       0x48 ./drivers/fsl_clock.o
                0x0000000000000650                CLOCK_SetFroOutClkSrc
 .text.CLOCK_EnableClock
                0x0000000000000698       0x54 ./drivers/fsl_dac.o
 .text.DAC_GetInstance
                0x00000000000006ec       0x4c ./drivers/fsl_dac.o
 .text.DAC_Init
                0x0000000000000738       0x80 ./drivers/fsl_dac.o
                0x0000000000000738                DAC_Init
 .text.DAC_SetBufferValue
                0x00000000000007b8       0x44 ./drivers/fsl_dac.o
                0x00000000000007b8                DAC_SetBufferValue
 .text.DAC_SetCounterValue
                0x00000000000007fc       0x44 ./drivers/fsl_dac.o
                0x00000000000007fc                DAC_SetCounterValue
 .text.CLOCK_EnableClock
                0x0000000000000840       0x54 ./drivers/fsl_dma.o
 .text.DMA_GetInstance
                0x0000000000000894       0x48 ./drivers/fsl_dma.o
 .text.DMA_Init
                0x00000000000008dc       0x5c ./drivers/fsl_dma.o
                0x00000000000008dc                DMA_Init
 .text.DMA_IRQHandle
                0x0000000000000938      0x17c ./drivers/fsl_dma.o
                0x0000000000000938                DMA_IRQHandle
 .text.DMA0_DriverIRQHandler
                0x0000000000000ab4       0x18 ./drivers/fsl_dma.o
                0x0000000000000ab4                DMA0_DriverIRQHandler
 .text.CLOCK_EnableClock
                0x0000000000000acc       0x54 ./drivers/fsl_gpio.o
 .text.GPIO_EnablePortClock
                0x0000000000000b20       0x38 ./drivers/fsl_gpio.o
 .text.RESET_SetPeripheralReset
                0x0000000000000b58       0x70 ./drivers/fsl_reset.o
 .text.RESET_ClearPeripheralReset
                0x0000000000000bc8       0x6c ./drivers/fsl_reset.o
 .text.SWM_SetMovablePinSelect
                0x0000000000000c34       0x98 ./drivers/fsl_swm.o
                0x0000000000000c34                SWM_SetMovablePinSelect
 .text.SWM_SetFixedPinSelect
                0x0000000000000ccc       0xa0 ./drivers/fsl_swm.o
                0x0000000000000ccc                SWM_SetFixedPinSelect
 .text.CLOCK_EnableClock
                0x0000000000000d6c       0x54 ./drivers/fsl_usart.o
 .text.USART_EnableContinuousSCLK
                0x0000000000000dc0       0x40 ./drivers/fsl_usart.o
 .text.USART_GetInstance
                0x0000000000000e00       0x4c ./drivers/fsl_usart.o
                0x0000000000000e00                USART_GetInstance
 .text.USART_Init
                0x0000000000000e4c      0x12c ./drivers/fsl_usart.o
                0x0000000000000e4c                USART_Init
 .text.USART_GetDefaultConfig
                0x0000000000000f78       0x74 ./drivers/fsl_usart.o
                0x0000000000000f78                USART_GetDefaultConfig
 .text.USART_SetBaudRate
                0x0000000000000fec      0x148 ./drivers/fsl_usart.o
                0x0000000000000fec                USART_SetBaudRate
 .text.USART_WriteBlocking
                0x0000000000001134       0x64 ./drivers/fsl_usart.o
                0x0000000000001134                USART_WriteBlocking
 .text.USART_ReadBlocking
                0x0000000000001198       0xc0 ./drivers/fsl_usart.o
                0x0000000000001198                USART_ReadBlocking
 .text.USART0_DriverIRQHandler
                0x0000000000001258       0x24 ./drivers/fsl_usart.o
                0x0000000000001258                USART0_DriverIRQHandler
 .text.USART1_DriverIRQHandler
                0x000000000000127c       0x24 ./drivers/fsl_usart.o
                0x000000000000127c                USART1_DriverIRQHandler
 .text.USART2_DriverIRQHandler
                0x00000000000012a0       0x24 ./drivers/fsl_usart.o
                0x00000000000012a0                USART2_DriverIRQHandler
 .text.PIN_INT6_USART3_DriverIRQHandler
                0x00000000000012c4       0x24 ./drivers/fsl_usart.o
                0x00000000000012c4                PIN_INT6_USART3_DriverIRQHandler
 .text.PIN_INT7_USART4_DriverIRQHandler
                0x00000000000012e8       0x24 ./drivers/fsl_usart.o
                0x00000000000012e8                PIN_INT7_USART4_DriverIRQHandler
 .text.SystemInit
                0x000000000000130c       0x3c ./device/system_LPC845.o
                0x000000000000130c                SystemInit
 .text.HAL_UartGetStatus
                0x0000000000001348       0x20 ./component/uart/fsl_adapter_miniusart.o
 .text.HAL_UartInit
                0x0000000000001368      0x11c ./component/uart/fsl_adapter_miniusart.o
                0x0000000000001368                HAL_UartInit
 .text.HAL_UartReceiveBlocking
                0x0000000000001484       0x78 ./component/uart/fsl_adapter_miniusart.o
                0x0000000000001484                HAL_UartReceiveBlocking
 .text.HAL_UartSendBlocking
                0x00000000000014fc       0x6c ./component/uart/fsl_adapter_miniusart.o
                0x00000000000014fc                HAL_UartSendBlocking
 .text.CLOCK_Select
                0x0000000000001568       0x38 ./board/board.o
 .text.BOARD_InitDebugConsole
                0x00000000000015a0       0x4c ./board/board.o
                0x00000000000015a0                BOARD_InitDebugConsole
 .text.CLOCK_Select
                0x00000000000015ec       0x38 ./board/clock_config.o
 .text.CLOCK_SetCoreSysClkDiv
                0x0000000000001624       0x3c ./board/clock_config.o
 .text.CLOCK_SetFroOscFreq
                0x0000000000001660       0x24 ./board/clock_config.o
 .text.POWER_DisablePD
                0x0000000000001684       0x2c ./board/clock_config.o
 .text.BOARD_BootClockFRO30M
                0x00000000000016b0       0x58 ./board/clock_config.o
                0x00000000000016b0                BOARD_BootClockFRO30M
 .text.__NVIC_EnableIRQ
                0x0000000000001708       0x34 ./board/peripherals.o
 .text.DAC0_init
                0x000000000000173c       0x44 ./board/peripherals.o
 .text.BOARD_InitPeripherals
                0x0000000000001780       0x1c ./board/peripherals.o
                0x0000000000001780                BOARD_InitPeripherals
 .text.CLOCK_EnableClock
                0x000000000000179c       0x54 ./board/pin_mux.o
 .text.CLOCK_DisableClock
                0x00000000000017f0       0x58 ./board/pin_mux.o
 .text.BOARD_InitPins
                0x0000000000001848       0x40 ./board/pin_mux.o
                0x0000000000001848                BOARD_InitPins
 .text.BOARD_InitLEDsPins
                0x0000000000001888       0x9c ./board/pin_mux.o
                0x0000000000001888                BOARD_InitLEDsPins
 .text.BOARD_InitDEBUG_UARTPins
                0x0000000000001924       0x60 ./board/pin_mux.o
                0x0000000000001924                BOARD_InitDEBUG_UARTPins
 .text.BOARD_InitSWD_DEBUGPins
                0x0000000000001984       0x80 ./board/pin_mux.o
                0x0000000000001984                BOARD_InitSWD_DEBUGPins
 .text.BOARD_InitBUTTONsPins
                0x0000000000001a04       0x50 ./board/pin_mux.o
                0x0000000000001a04                BOARD_InitBUTTONsPins
 .text.BOARD_InitCAPTPins
                0x0000000000001a54       0xa4 ./board/pin_mux.o
                0x0000000000001a54                BOARD_InitCAPTPins
 .text.POWER_DisablePD
                0x0000000000001af8       0x2c ./OwnDrivers/sine_generator.o
 .text.sine_generator_init
                0x0000000000001b24       0x20 ./OwnDrivers/sine_generator.o
                0x0000000000001b24                sine_generator_init
 .text.sine_generator_send
                0x0000000000001b44       0x20 ./OwnDrivers/sine_generator.o
                0x0000000000001b44                sine_generator_send
 .text.sine_generator_freq
                0x0000000000001b64       0x20 ./OwnDrivers/sine_generator.o
                0x0000000000001b64                sine_generator_freq
 .text.DAC0_IRQHandler
                0x0000000000001b84       0x40 ./OwnDrivers/sine_generator.o
                0x0000000000001b84                DAC0_IRQHandler
 .text.__assertion_failed
                0x0000000000001bc4       0x4c /usr/local/mcuxpressoide-11.5.0_7232/ide/plugins/com.nxp.mcuxpresso.tools.linux_11.5.0.202107051138/tools/bin/../lib/gcc/arm-none-eabi/10.3.1/../../../../arm-none-eabi/lib/thumb/v6-m/nofp/libcr_nohost_nf.a(_cr_assert.o)
                0x0000000000001bc4                __assertion_failed
 .text._deferredlazyseek
                0x0000000000001c10       0x40 /usr/local/mcuxpressoide-11.5.0_7232/ide/plugins/com.nxp.mcuxpresso.tools.linux_11.5.0.202107051138/tools/bin/../lib/gcc/arm-none-eabi/10.3.1/../../../../arm-none-eabi/lib/thumb/v6-m/nofp/libcr_c.a(_deferredlazyseek.o)
                0x0000000000001c10                _deferredlazyseek
 .text.__flsbuf
                0x0000000000001c50      0x150 /usr/local/mcuxpressoide-11.5.0_7232/ide/plugins/com.nxp.mcuxpresso.tools.linux_11.5.0.202107051138/tools/bin/../lib/gcc/arm-none-eabi/10.3.1/../../../../arm-none-eabi/lib/thumb/v6-m/nofp/libcr_c.a(_deferredlazyseek.o)
                0x0000000000001c50                __flsbuf
 .text._fflush  0x0000000000001da0       0x60 /usr/local/mcuxpressoide-11.5.0_7232/ide/plugins/com.nxp.mcuxpresso.tools.linux_11.5.0.202107051138/tools/bin/../lib/gcc/arm-none-eabi/10.3.1/../../../../arm-none-eabi/lib/thumb/v6-m/nofp/libcr_c.a(_fflush.o)
                0x0000000000001da0                _fflush
 .text._Cwritebuf
                0x0000000000001e00       0x68 /usr/local/mcuxpressoide-11.5.0_7232/ide/plugins/com.nxp.mcuxpresso.tools.linux_11.5.0.202107051138/tools/bin/../lib/gcc/arm-none-eabi/10.3.1/../../../../arm-none-eabi/lib/thumb/v6-m/nofp/libcr_c.a(_writebuf.o)
                0x0000000000001e00                _Cwritebuf
 .text.malloc   0x0000000000001e68       0xcc /usr/local/mcuxpressoide-11.5.0_7232/ide/plugins/com.nxp.mcuxpresso.tools.linux_11.5.0.202107051138/tools/bin/../lib/gcc/arm-none-eabi/10.3.1/../../../../arm-none-eabi/lib/thumb/v6-m/nofp/libcr_c.a(alloc.o)
                0x0000000000001e68                malloc
 .text._Csys_alloc
                0x0000000000001f34       0x20 /usr/local/mcuxpressoide-11.5.0_7232/ide/plugins/com.nxp.mcuxpresso.tools.linux_11.5.0.202107051138/tools/bin/../lib/gcc/arm-none-eabi/10.3.1/../../../../arm-none-eabi/lib/thumb/v6-m/nofp/libcr_c.a(alloc.o)
                0x0000000000001f34                _Csys_alloc
 .text.fseek    0x0000000000001f54       0xf0 /usr/local/mcuxpressoide-11.5.0_7232/ide/plugins/com.nxp.mcuxpresso.tools.linux_11.5.0.202107051138/tools/bin/../lib/gcc/arm-none-eabi/10.3.1/../../../../arm-none-eabi/lib/thumb/v6-m/nofp/libcr_c.a(fseek.o)
                0x0000000000001f54                fseek
 .text.ftell    0x0000000000002044       0x48 /usr/local/mcuxpressoide-11.5.0_7232/ide/plugins/com.nxp.mcuxpresso.tools.linux_11.5.0.202107051138/tools/bin/../lib/gcc/arm-none-eabi/10.3.1/../../../../arm-none-eabi/lib/thumb/v6-m/nofp/libcr_c.a(ftell.o)
                0x0000000000002044                ftell
 .text._initio  0x000000000000208c       0x7c /usr/local/mcuxpressoide-11.5.0_7232/ide/plugins/com.nxp.mcuxpresso.tools.linux_11.5.0.202107051138/tools/bin/../lib/gcc/arm-none-eabi/10.3.1/../../../../arm-none-eabi/lib/thumb/v6-m/nofp/libcr_c.a(initio.o)
                0x000000000000208c                _initio
 .text.setvbuf  0x0000000000002108       0x4c /usr/local/mcuxpressoide-11.5.0_7232/ide/plugins/com.nxp.mcuxpresso.tools.linux_11.5.0.202107051138/tools/bin/../lib/gcc/arm-none-eabi/10.3.1/../../../../arm-none-eabi/lib/thumb/v6-m/nofp/libcr_c.a(setvbuf.o)
                0x0000000000002108                setvbuf
 .text.strlen   0x0000000000002154       0x58 /usr/local/mcuxpressoide-11.5.0_7232/ide/plugins/com.nxp.mcuxpresso.tools.linux_11.5.0.202107051138/tools/bin/../lib/gcc/arm-none-eabi/10.3.1/../../../../arm-none-eabi/lib/thumb/v6-m/nofp/libcr_c.a(strlen.o)
                0x0000000000002154                strlen
 .text._sbrk    0x00000000000021ac       0x44 /usr/local/mcuxpressoide-11.5.0_7232/ide/plugins/com.nxp.mcuxpresso.tools.linux_11.5.0.202107051138/tools/bin/../lib/gcc/arm-none-eabi/10.3.1/../../../../arm-none-eabi/lib/thumb/v6-m/nofp/libcr_c.a(_cr_sbrk.o)
                0x00000000000021ac                _sbrk
 .text._fdopen  0x00000000000021f0       0x74 /usr/local/mcuxpressoide-11.5.0_7232/ide/plugins/com.nxp.mcuxpresso.tools.linux_11.5.0.202107051138/tools/bin/../lib/gcc/arm-none-eabi/10.3.1/../../../../arm-none-eabi/lib/thumb/v6-m/nofp/libcr_c.a(_fdopen.o)
                0x00000000000021f0                _fdopen
 .text.fclose   0x0000000000002264       0x5c /usr/local/mcuxpressoide-11.5.0_7232/ide/plugins/com.nxp.mcuxpresso.tools.linux_11.5.0.202107051138/tools/bin/../lib/gcc/arm-none-eabi/10.3.1/../../../../arm-none-eabi/lib/thumb/v6-m/nofp/libcr_c.a(fclose.o)
                0x0000000000002264                fclose
 .text.fflush   0x00000000000022c0       0x44 /usr/local/mcuxpressoide-11.5.0_7232/ide/plugins/com.nxp.mcuxpresso.tools.linux_11.5.0.202107051138/tools/bin/../lib/gcc/arm-none-eabi/10.3.1/../../../../arm-none-eabi/lib/thumb/v6-m/nofp/libcr_c.a(fflush.o)
                0x00000000000022c0                fflush
 .text.__check_heap_overflow
                0x0000000000002304       0x18 /usr/local/mcuxpressoide-11.5.0_7232/ide/plugins/com.nxp.mcuxpresso.tools.linux_11.5.0.202107051138/tools/bin/../lib/gcc/arm-none-eabi/10.3.1/../../../../arm-none-eabi/lib/thumb/v6-m/nofp/libcr_c.a(_cr_check_heap.o)
                0x0000000000002304                __check_heap_overflow
 .text._do_fflush
                0x000000000000231c       0x48 /usr/local/mcuxpressoide-11.5.0_7232/ide/plugins/com.nxp.mcuxpresso.tools.linux_11.5.0.202107051138/tools/bin/../lib/gcc/arm-none-eabi/10.3.1/../../../../arm-none-eabi/lib/thumb/v6-m/nofp/libcr_c.a(_do_fflush.o)
                0x000000000000231c                _do_fflush
 .text.main     0x0000000000002364       0x1a ./source/Sine_generator_DAC_DMA.o
                0x0000000000002364                main
 .text.DMA_GetVirtualStartChannel
                0x000000000000237e       0x44 ./drivers/fsl_dma.o
 .text.GPIO_PinInit
                0x00000000000023c2       0xc0 ./drivers/fsl_gpio.o
                0x00000000000023c2                GPIO_PinInit
 .text.RESET_PeripheralReset
                0x0000000000002482       0x20 ./drivers/fsl_reset.o
                0x0000000000002482                RESET_PeripheralReset
 .text.USART_EnableTx
                0x00000000000024a2       0x46 ./drivers/fsl_usart.o
 .text.USART_EnableRx
                0x00000000000024e8       0x44 ./drivers/fsl_usart.o
 .text.SystemInitHook
                0x000000000000252c        0xa ./device/system_LPC845.o
                0x000000000000252c                SystemInitHook
 .text.BOARD_InitBootClocks
                0x0000000000002536        0xe ./board/clock_config.o
                0x0000000000002536                BOARD_InitBootClocks
 .text.EnableIRQ
                0x0000000000002544       0x36 ./board/peripherals.o
 .text.DAC_EnableCounter
                0x000000000000257a       0x3a ./board/peripherals.o
 .text.BOARD_InitBootPeripherals
                0x00000000000025b4        0xe ./board/peripherals.o
                0x00000000000025b4                BOARD_InitBootPeripherals
 .text.IOCON_PinMuxSet
                0x00000000000025c2       0x26 ./board/pin_mux.o
 .text.BOARD_InitBootPins
                0x00000000000025e8       0x26 ./board/pin_mux.o
                0x00000000000025e8                BOARD_InitBootPins
 .text.BOARD_InitDACPins
                0x000000000000260e       0x10 ./board/pin_mux.o
                0x000000000000260e                BOARD_InitDACPins
 .text.__main   0x000000000000261e        0xc /usr/local/mcuxpressoide-11.5.0_7232/ide/plugins/com.nxp.mcuxpresso.tools.linux_11.5.0.202107051138/tools/bin/../lib/gcc/arm-none-eabi/10.3.1/../../../../arm-none-eabi/lib/thumb/v6-m/nofp/libcr_nohost_nf.a(_cr__main.o)
                0x000000000000261e                __main
 .text.__sys_appexit
                0x000000000000262a        0x2 /usr/local/mcuxpressoide-11.5.0_7232/ide/plugins/com.nxp.mcuxpresso.tools.linux_11.5.0.202107051138/tools/bin/../lib/gcc/arm-none-eabi/10.3.1/../../../../arm-none-eabi/lib/thumb/v6-m/nofp/libcr_nohost_nf.a(__sys_appexit.o)
                0x000000000000262a                __exit
                0x000000000000262a                __sys_appexit
 .text.memset   0x000000000000262c        0x8 /usr/local/mcuxpressoide-11.5.0_7232/ide/plugins/com.nxp.mcuxpresso.tools.linux_11.5.0.202107051138/tools/bin/../lib/gcc/arm-none-eabi/10.3.1/../../../../arm-none-eabi/lib/thumb/v6-m/nofp/libcr_c.a(memset.o)
                0x000000000000262c                memset
 .text.free     0x0000000000002634       0x2c /usr/local/mcuxpressoide-11.5.0_7232/ide/plugins/com.nxp.mcuxpresso.tools.linux_11.5.0.202107051138/tools/bin/../lib/gcc/arm-none-eabi/10.3.1/../../../../arm-none-eabi/lib/thumb/v6-m/nofp/libcr_c.a(alloc.o)
                0x0000000000002634                free
 .text.fputs    0x0000000000002660       0x2e /usr/local/mcuxpressoide-11.5.0_7232/ide/plugins/com.nxp.mcuxpresso.tools.linux_11.5.0.202107051138/tools/bin/../lib/gcc/arm-none-eabi/10.3.1/../../../../arm-none-eabi/lib/thumb/v6-m/nofp/libcr_c.a(fputs.o)
                0x0000000000002660                fputs
 .text.remove   0x000000000000268e       0x12 /usr/local/mcuxpressoide-11.5.0_7232/ide/plugins/com.nxp.mcuxpresso.tools.linux_11.5.0.202107051138/tools/bin/../lib/gcc/arm-none-eabi/10.3.1/../../../../arm-none-eabi/lib/thumb/v6-m/nofp/libcr_c.a(remove.o)
                0x000000000000268e                remove
 .text.__aeabi_division_idivmod
                0x00000000000026a0       0x78 /usr/local/mcuxpressoide-11.5.0_7232/ide/plugins/com.nxp.mcuxpresso.tools.linux_11.5.0.202107051138/tools/bin/../lib/gcc/arm-none-eabi/10.3.1/thumb/v6-m/nofp/libcr_eabihelpers.a(division_32.o)
                0x00000000000026a0                __aeabi_idiv
                0x00000000000026a0                __aeabi_idivmod
                0x00000000000026a6                __aeabi_uidiv
                0x00000000000026a6                __aeabi_uidivmod
 .text.__aeabi_division_idiv0
                0x0000000000002718        0x2 /usr/local/mcuxpressoide-11.5.0_7232/ide/plugins/com.nxp.mcuxpresso.tools.linux_11.5.0.202107051138/tools/bin/../lib/gcc/arm-none-eabi/10.3.1/thumb/v6-m/nofp/libcr_eabihelpers.a(division_idiv0.o)
                0x0000000000002718                __aeabi_idiv0
 .text.__aeabi_memset_lowlevel
                0x000000000000271a       0x2a /usr/local/mcuxpressoide-11.5.0_7232/ide/plugins/com.nxp.mcuxpresso.tools.linux_11.5.0.202107051138/tools/bin/../lib/gcc/arm-none-eabi/10.3.1/thumb/v6-m/nofp/libcr_eabihelpers.a(memcpy.o)
                0x000000000000271a                __aeabi_lowlevel_memset
 .text.__sys_close
                0x0000000000002744        0x6 /usr/local/mcuxpressoide-11.5.0_7232/ide/plugins/com.nxp.mcuxpresso.tools.linux_11.5.0.202107051138/tools/bin/../lib/gcc/arm-none-eabi/10.3.1/../../../../arm-none-eabi/lib/thumb/v6-m/nofp/libcr_nohost_nf.a(__sys_close.o)
                0x0000000000002744                __sys_close
 .text.__sys_flen
                0x000000000000274a        0x6 /usr/local/mcuxpressoide-11.5.0_7232/ide/plugins/com.nxp.mcuxpresso.tools.linux_11.5.0.202107051138/tools/bin/../lib/gcc/arm-none-eabi/10.3.1/../../../../arm-none-eabi/lib/thumb/v6-m/nofp/libcr_nohost_nf.a(__sys_flen.o)
                0x000000000000274a                __sys_flen
 .text.__sys_istty
                0x0000000000002750        0x6 /usr/local/mcuxpressoide-11.5.0_7232/ide/plugins/com.nxp.mcuxpresso.tools.linux_11.5.0.202107051138/tools/bin/../lib/gcc/arm-none-eabi/10.3.1/../../../../arm-none-eabi/lib/thumb/v6-m/nofp/libcr_nohost_nf.a(__sys_istty.o)
                0x0000000000002750                __sys_istty
 .text.__sys_remove
                0x0000000000002756        0x6 /usr/local/mcuxpressoide-11.5.0_7232/ide/plugins/com.nxp.mcuxpresso.tools.linux_11.5.0.202107051138/tools/bin/../lib/gcc/arm-none-eabi/10.3.1/../../../../arm-none-eabi/lib/thumb/v6-m/nofp/libcr_nohost_nf.a(__sys_remove.o)
                0x0000000000002756                __sys_remove
 .text.__sys_seek
                0x000000000000275c        0x6 /usr/local/mcuxpressoide-11.5.0_7232/ide/plugins/com.nxp.mcuxpresso.tools.linux_11.5.0.202107051138/tools/bin/../lib/gcc/arm-none-eabi/10.3.1/../../../../arm-none-eabi/lib/thumb/v6-m/nofp/libcr_nohost_nf.a(__sys_seek.o)
                0x000000000000275c                __sys_seek
 .text.__sys_tmpnam
                0x0000000000002762        0x6 /usr/local/mcuxpressoide-11.5.0_7232/ide/plugins/com.nxp.mcuxpresso.tools.linux_11.5.0.202107051138/tools/bin/../lib/gcc/arm-none-eabi/10.3.1/../../../../arm-none-eabi/lib/thumb/v6-m/nofp/libcr_nohost_nf.a(__sys_tmpnam.o)
                0x0000000000002762                __sys_tmpnam
 .text.__sys_write
                0x0000000000002768        0x4 /usr/local/mcuxpressoide-11.5.0_7232/ide/plugins/com.nxp.mcuxpresso.tools.linux_11.5.0.202107051138/tools/bin/../lib/gcc/arm-none-eabi/10.3.1/../../../../arm-none-eabi/lib/thumb/v6-m/nofp/libcr_nohost_nf.a(__sys_write.o)
                0x0000000000002768                __sys_write
 *(SORT_BY_ALIGNMENT(.rodata) SORT_BY_ALIGNMENT(.rodata.*) SORT_BY_ALIGNMENT(.constdata) SORT_BY_ALIGNMENT(.constdata.*))
 .rodata.CLOCK_UpdateClkSrc.str1.4
                0x000000000000276c       0x17 ./drivers/fsl_clock.o
 *fill*         0x0000000000002783        0x1 ff
 .rodata.s_dacBases
                0x0000000000002784        0x8 ./drivers/fsl_dac.o
 .rodata.s_dacClocks
                0x000000000000278c        0x4 ./drivers/fsl_dac.o
 .rodata.s_dacResets
                0x0000000000002790        0x8 ./drivers/fsl_dac.o
 .rodata.DAC_GetInstance.str1.4
                0x0000000000002798       0x31 ./drivers/fsl_dac.o
 *fill*         0x00000000000027c9        0x3 ff
 .rodata.DAC_Init.str1.4
                0x00000000000027cc       0x1e ./drivers/fsl_dac.o
 *fill*         0x00000000000027ea        0x2 ff
 .rodata.DAC_SetBufferValue.str1.4
                0x00000000000027ec       0x1e ./drivers/fsl_dac.o
 *fill*         0x000000000000280a        0x2 ff
 .rodata.DAC_SetCounterValue.str1.4
                0x000000000000280c       0x1f ./drivers/fsl_dac.o
 *fill*         0x000000000000282b        0x1 ff
 .rodata.DMA_GetInstance.str1.4
                0x000000000000282c       0x32 ./drivers/fsl_dma.o
 *fill*         0x000000000000285e        0x2 ff
 .rodata.s_gpioClockName
                0x0000000000002860        0x4 ./drivers/fsl_gpio.o
 .rodata.GPIO_EnablePortClock.str1.4
                0x0000000000002864       0x33 ./drivers/fsl_gpio.o
 *fill*         0x0000000000002897        0x1 ff
 .rodata.RESET_SetPeripheralReset.str1.4
                0x0000000000002898       0x1f ./drivers/fsl_reset.o
 *fill*         0x00000000000028b7        0x1 ff
 .rodata.RESET_ClearPeripheralReset.str1.4
                0x00000000000028b8       0x1f ./drivers/fsl_reset.o
 *fill*         0x00000000000028d7        0x1 ff
 .rodata.SWM_SetMovablePinSelect.str1.4
                0x00000000000028d8       0x49 ./drivers/fsl_swm.o
 *fill*         0x0000000000002921        0x3 ff
 .rodata.SWM_SetFixedPinSelect.str1.4
                0x0000000000002924       0x1d ./drivers/fsl_swm.o
 *fill*         0x0000000000002941        0x3 ff
 .rodata.s_usartBaseAddrs
                0x0000000000002944       0x14 ./drivers/fsl_usart.o
 .rodata.s_usartClock
                0x0000000000002958        0xa ./drivers/fsl_usart.o
 *fill*         0x0000000000002962        0x2 ff
 .rodata.s_usartRest
                0x0000000000002964       0x14 ./drivers/fsl_usart.o
 .rodata.USART_GetInstance.str1.4
                0x0000000000002978       0x3b ./drivers/fsl_usart.o
 *fill*         0x00000000000029b3        0x1 ff
 .rodata.USART_Init.str1.4
                0x00000000000029b4       0x4f ./drivers/fsl_usart.o
 *fill*         0x0000000000002a03        0x1 ff
 .rodata.USART_GetDefaultConfig.str1.4
                0x0000000000002a04       0x21 ./drivers/fsl_usart.o
 *fill*         0x0000000000002a25        0x3 ff
 .rodata.USART_SetBaudRate.str1.4
                0x0000000000002a28       0x8f ./drivers/fsl_usart.o
 *fill*         0x0000000000002ab7        0x1 ff
 .rodata.USART_WriteBlocking.str1.4
                0x0000000000002ab8       0x36 ./drivers/fsl_usart.o
 *fill*         0x0000000000002aee        0x2 ff
 .rodata.USART_ReadBlocking.str1.4
                0x0000000000002af0       0x36 ./drivers/fsl_usart.o
 *fill*         0x0000000000002b26        0x2 ff
 .rodata.s_UsartAdapterBase
                0x0000000000002b28       0x14 ./component/uart/fsl_adapter_miniusart.o
 .rodata.HAL_UartInit.str1.4
                0x0000000000002b3c       0xfb ./component/uart/fsl_adapter_miniusart.o
 *fill*         0x0000000000002c37        0x1 ff
 .rodata.HAL_UartReceiveBlocking.str1.4
                0x0000000000002c38       0x71 ./component/uart/fsl_adapter_miniusart.o
 *fill*         0x0000000000002ca9        0x3 ff
 .rodata.HAL_UartSendBlocking.str1.4
                0x0000000000002cac       0x71 ./component/uart/fsl_adapter_miniusart.o
 *fill*         0x0000000000002d1d        0x3 ff
 .rodata.BOARD_InitDebugConsole.str1.4
                0x0000000000002d20       0x27 ./board/board.o
 *fill*         0x0000000000002d47        0x1 ff
 .rodata.CLOCK_SetCoreSysClkDiv.str1.4
                0x0000000000002d48       0x6b ./board/clock_config.o
 *fill*         0x0000000000002db3        0x1 ff
 .rodata.DAC0_config
                0x0000000000002db4        0x1 ./board/peripherals.o
                0x0000000000002db4                DAC0_config
 *fill*         0x0000000000002db5        0x3 ff
 .rodata        0x0000000000002db8        0x2 ./board/pin_mux.o
 *fill*         0x0000000000002dba        0x2 ff
 .rodata.SinusOutputData
                0x0000000000002dbc       0x64 ./OwnDrivers/sine_generator.o
 .rodata.__num_Ciob_streams
                0x0000000000002e20        0x4 /usr/local/mcuxpressoide-11.5.0_7232/ide/plugins/com.nxp.mcuxpresso.tools.linux_11.5.0.202107051138/tools/bin/../lib/gcc/arm-none-eabi/10.3.1/../../../../arm-none-eabi/lib/thumb/v6-m/nofp/libcr_nohost_nf.a(__ciob.o)
                0x0000000000002e20                __num_Ciob_streams
 .rodata.__assertion_failed.str1.1
                0x0000000000002e24       0x15 /usr/local/mcuxpressoide-11.5.0_7232/ide/plugins/com.nxp.mcuxpresso.tools.linux_11.5.0.202107051138/tools/bin/../lib/gcc/arm-none-eabi/10.3.1/../../../../arm-none-eabi/lib/thumb/v6-m/nofp/libcr_nohost_nf.a(_cr_assert.o)
 .rodata._Csys_alloc.str1.1
                0x0000000000002e39       0x18 /usr/local/mcuxpressoide-11.5.0_7232/ide/plugins/com.nxp.mcuxpresso.tools.linux_11.5.0.202107051138/tools/bin/../lib/gcc/arm-none-eabi/10.3.1/../../../../arm-none-eabi/lib/thumb/v6-m/nofp/libcr_c.a(alloc.o)
 .rodata._initio.str1.1
                0x0000000000002e51        0x4 /usr/local/mcuxpressoide-11.5.0_7232/ide/plugins/com.nxp.mcuxpresso.tools.linux_11.5.0.202107051138/tools/bin/../lib/gcc/arm-none-eabi/10.3.1/../../../../arm-none-eabi/lib/thumb/v6-m/nofp/libcr_c.a(initio.o)
                0x0000000000002e58                . = ALIGN (0x4)
 *fill*         0x0000000000002e55        0x3 ff

.glue_7         0x0000000000002e58        0x0
 .glue_7        0x0000000000002e58        0x0 linker stubs

.glue_7t        0x0000000000002e58        0x0
 .glue_7t       0x0000000000002e58        0x0 linker stubs

.vfp11_veneer   0x0000000000002e58        0x0
 .vfp11_veneer  0x0000000000002e58        0x0 linker stubs

.v4_bx          0x0000000000002e58        0x0
 .v4_bx         0x0000000000002e58        0x0 linker stubs

.iplt           0x0000000000002e58        0x0
 .iplt          0x0000000000002e58        0x0 ./utilities/fsl_debug_console.o

.rel.dyn        0x0000000000002e58        0x0
 .rel.iplt      0x0000000000002e58        0x0 ./utilities/fsl_debug_console.o

.ARM.extab
 *(SORT_BY_ALIGNMENT(.ARM.extab*) SORT_BY_ALIGNMENT(.gnu.linkonce.armextab.*))

.ARM.exidx      0x0000000000002e58        0x0
                0x0000000000002e58                __exidx_start = .
 *(SORT_BY_ALIGNMENT(.ARM.exidx*) SORT_BY_ALIGNMENT(.gnu.linkonce.armexidx.*))
                0x0000000000002e58                __exidx_end = .
                0x0000000000002e58                _etext = .

.mtb_buffer_RAM2
 *(SORT_BY_ALIGNMENT(.mtb.$RAM2*))
 *(SORT_BY_ALIGNMENT(.mtb.$IAP_SRAM*))

.data_RAM2      0x0000000010003fe0        0x0 load address 0x0000000000002e58
 FILL mask 0xff
                [!provide]                        PROVIDE (__start_data_RAM2 = .)
                [!provide]                        PROVIDE (__start_data_IAP_SRAM = .)
 *(SORT_BY_ALIGNMENT(.ramfunc.$RAM2))
 *(SORT_BY_ALIGNMENT(.ramfunc.$IAP_SRAM))
 *(SORT_BY_ALIGNMENT(.data.$RAM2))
 *(SORT_BY_ALIGNMENT(.data.$IAP_SRAM))
 *(SORT_BY_ALIGNMENT(.data.$RAM2.*))
 *(SORT_BY_ALIGNMENT(.data.$IAP_SRAM.*))
                0x0000000010003fe0                . = ALIGN (0x4)
                [!provide]                        PROVIDE (__end_data_RAM2 = .)
                [!provide]                        PROVIDE (__end_data_IAP_SRAM = .)

.mtb_buffer_default
                0x0000000010000000       0x80
 *(SORT_BY_ALIGNMENT(.mtb*))
 .mtb.$RAM1     0x0000000010000000       0x80 ./source/mtb.o
                0x0000000010000000                __mtb_buffer__

.uninit_RESERVED
                0x0000000010000080        0x0
                0x0000000010000080                _start_uninit_RESERVED = .
 *(SORT_BY_ALIGNMENT(.bss.$RESERVED*))
                0x0000000010000080                . = ALIGN (0x4)
                0x0000000010000080                _end_uninit_RESERVED = .

.data           0x0000000010000080        0x8 load address 0x0000000000002e58
 FILL mask 0xff
                0x0000000010000080                _data = .
                [!provide]                        PROVIDE (__start_data_RAM = .)
                [!provide]                        PROVIDE (__start_data_SRAM = .)
 *(SORT_BY_ALIGNMENT(vtable))
 *(SORT_BY_ALIGNMENT(.ramfunc*))
 *(SORT_BY_ALIGNMENT(CodeQuickAccess))
 *(SORT_BY_ALIGNMENT(DataQuickAccess))
 *(SORT_BY_ALIGNMENT(RamFunction))
 *(SORT_BY_ALIGNMENT(.data*))
 .data.s_dma_descriptor_table
                0x0000000010000080        0x4 ./drivers/fsl_dma.o
 .data.SystemCoreClock
                0x0000000010000084        0x4 ./device/system_LPC845.o
                0x0000000010000084                SystemCoreClock
                0x0000000010000088                . = ALIGN (0x4)
                0x0000000010000088                _edata = .
                [!provide]                        PROVIDE (__end_data_RAM = .)
                [!provide]                        PROVIDE (__end_data_SRAM = .)

.igot.plt       0x0000000010000088        0x0 load address 0x0000000000002e60
 .igot.plt      0x0000000010000088        0x0 ./utilities/fsl_debug_console.o

.bss_RAM2       0x0000000010003fe0        0x0
                [!provide]                        PROVIDE (__start_bss_RAM2 = .)
                [!provide]                        PROVIDE (__start_bss_IAP_SRAM = .)
 *(SORT_BY_ALIGNMENT(.bss.$RAM2))
 *(SORT_BY_ALIGNMENT(.bss.$IAP_SRAM))
 *(SORT_BY_ALIGNMENT(.bss.$RAM2.*))
 *(SORT_BY_ALIGNMENT(.bss.$IAP_SRAM.*))
                0x0000000010003fe0                . = ALIGN ((. != 0x0)?0x4:0x1)
                [!provide]                        PROVIDE (__end_bss_RAM2 = .)
                [!provide]                        PROVIDE (__end_bss_IAP_SRAM = .)

.bss            0x0000000010000200      0x2ec
                0x0000000010000200                _bss = .
                [!provide]                        PROVIDE (__start_bss_RAM = .)
                [!provide]                        PROVIDE (__start_bss_SRAM = .)
 *(SORT_BY_ALIGNMENT(.bss*))
 .bss.s_dma_descriptor_table0
                0x0000000010000200      0x190 ./drivers/fsl_dma.o
 .bss.s_debugConsole
                0x0000000010000390       0x14 ./utilities/fsl_debug_console.o
 .bss.g_Ext_Clk_Freq
                0x00000000100003a4        0x4 ./drivers/fsl_clock.o
                0x00000000100003a4                g_Ext_Clk_Freq
 .bss.g_Wdt_Osc_Freq
                0x00000000100003a8        0x4 ./drivers/fsl_clock.o
                0x00000000100003a8                g_Wdt_Osc_Freq
 .bss.s_DMAHandle
                0x00000000100003ac       0x64 ./drivers/fsl_dma.o
 .bss.s_usartHandle
                0x0000000010000410       0x14 ./drivers/fsl_usart.o
 .bss.s_usartIsr
                0x0000000010000424        0x4 ./drivers/fsl_usart.o
 .bss.__Ciob    0x0000000010000428       0xb4 /usr/local/mcuxpressoide-11.5.0_7232/ide/plugins/com.nxp.mcuxpresso.tools.linux_11.5.0.202107051138/tools/bin/../lib/gcc/arm-none-eabi/10.3.1/../../../../arm-none-eabi/lib/thumb/v6-m/nofp/libcr_nohost_nf.a(__ciob.o)
                0x0000000010000428                __Ciob
 .bss.__end_of_heap
                0x00000000100004dc        0x4 /usr/local/mcuxpressoide-11.5.0_7232/ide/plugins/com.nxp.mcuxpresso.tools.linux_11.5.0.202107051138/tools/bin/../lib/gcc/arm-none-eabi/10.3.1/../../../../arm-none-eabi/lib/thumb/v6-m/nofp/libcr_c.a(__init_alloc.o)
                0x00000000100004dc                __end_of_heap
 .bss.__heaps   0x00000000100004e0        0x4 /usr/local/mcuxpressoide-11.5.0_7232/ide/plugins/com.nxp.mcuxpresso.tools.linux_11.5.0.202107051138/tools/bin/../lib/gcc/arm-none-eabi/10.3.1/../../../../arm-none-eabi/lib/thumb/v6-m/nofp/libcr_c.a(__init_alloc.o)
                0x00000000100004e0                __heaps
 .bss.errno     0x00000000100004e4        0x4 /usr/local/mcuxpressoide-11.5.0_7232/ide/plugins/com.nxp.mcuxpresso.tools.linux_11.5.0.202107051138/tools/bin/../lib/gcc/arm-none-eabi/10.3.1/../../../../arm-none-eabi/lib/thumb/v6-m/nofp/libcr_c.a(errno.o)
                0x00000000100004e4                errno
 .bss.index.0   0x00000000100004e8        0x1 ./OwnDrivers/sine_generator.o
 *(SORT_BY_ALIGNMENT(COMMON))
                0x00000000100004ec                . = ALIGN (0x4)
 *fill*         0x00000000100004e9        0x3 
                0x00000000100004ec                _ebss = .
                [!provide]                        PROVIDE (__end_bss_RAM = .)
                [!provide]                        PROVIDE (__end_bss_SRAM = .)
                [!provide]                        PROVIDE (end = .)

.noinit_RAM2    0x0000000010003fe0        0x0
                [!provide]                        PROVIDE (__start_noinit_RAM2 = .)
                [!provide]                        PROVIDE (__start_noinit_IAP_SRAM = .)
 *(SORT_BY_ALIGNMENT(.noinit.$RAM2))
 *(SORT_BY_ALIGNMENT(.noinit.$IAP_SRAM))
 *(SORT_BY_ALIGNMENT(.noinit.$RAM2.*))
 *(SORT_BY_ALIGNMENT(.noinit.$IAP_SRAM.*))
                0x0000000010003fe0                . = ALIGN (0x4)
                [!provide]                        PROVIDE (__end_noinit_RAM2 = .)
                [!provide]                        PROVIDE (__end_noinit_IAP_SRAM = .)

.noinit         0x00000000100004ec        0x0
                0x00000000100004ec                _noinit = .
                [!provide]                        PROVIDE (__start_noinit_RAM = .)
                [!provide]                        PROVIDE (__start_noinit_SRAM = .)
 *(SORT_BY_ALIGNMENT(.noinit*))
                0x00000000100004ec                . = ALIGN (0x4)
                0x00000000100004ec                _end_noinit = .
                [!provide]                        PROVIDE (__end_noinit_RAM = .)
                [!provide]                        PROVIDE (__end_noinit_SRAM = .)
                0x00000000000003f8                _HeapSize = 0x3f8

.heap           0x00000000100004ec      0x3f8
                0x00000000100004ec                _pvHeapStart = .
                0x00000000100008e4                . = (. + _HeapSize)
 *fill*         0x00000000100004ec      0x3f8 
                0x00000000100008e4                . = ALIGN (0x4)
                0x00000000100008e4                _pvHeapLimit = .
                0x00000000000003f8                _StackSize = 0x3f8

.heap2stackfill
                0x00000000100008e4      0x3f8
                0x0000000010000cdc                . = (. + _StackSize)
 *fill*         0x00000000100008e4      0x3f8 

.stack          0x0000000010003be8        0x0
                0x0000000010003be8                _vStackBase = .
                0x0000000010003be8                . = ALIGN (0x4)
                0x0000000010003fe0                _vStackTop = (. + _StackSize)
                0xffffffffefffba3b                PROVIDE (__valid_user_code_checksum = (0x0 - (((_vStackTop + (ResetISR + 0x1)) + (DEFINED (NMI_Handler)?NMI_Handler:M0_NMI_Handler + 0x1)) + (DEFINED (HardFault_Handler)?HardFault_Handler:M0_HardFault_Handler + 0x1))))
                0x0000000000000000                _image_start = LOADADDR (.text)
                0x0000000000002e60                _image_end = (LOADADDR (.data) + SIZEOF (.data))
                0x0000000000002e60                _image_size = (_image_end - _image_start)
OUTPUT(Sine_generator_DAC_DMA.axf elf32-littlearm)
LOAD linker stubs

.debug_info     0x0000000000000000     0xe11e
 .debug_info    0x0000000000000000     0x1177 ./utilities/fsl_debug_console.o
 .debug_info    0x0000000000001177      0x4a6 ./startup/startup_lpc845.o
 .debug_info    0x000000000000161d       0x94 ./source/Sine_generator_DAC_DMA.o
 .debug_info    0x00000000000016b1       0x53 ./source/mtb.o
 .debug_info    0x0000000000001704       0x3c ./source/semihost_hardfault.o
 .debug_info    0x0000000000001740     0x11a6 ./drivers/fsl_clock.o
 .debug_info    0x00000000000028e6      0xccb ./drivers/fsl_dac.o
 .debug_info    0x00000000000035b1     0x1f22 ./drivers/fsl_dma.o
 .debug_info    0x00000000000054d3      0xd88 ./drivers/fsl_gpio.o
 .debug_info    0x000000000000625b      0x724 ./drivers/fsl_reset.o
 .debug_info    0x000000000000697f      0x71c ./drivers/fsl_swm.o
 .debug_info    0x000000000000709b     0x1b7c ./drivers/fsl_usart.o
 .debug_info    0x0000000000008c17      0x77e ./device/system_LPC845.o
 .debug_info    0x0000000000009395      0xe87 ./component/uart/fsl_adapter_miniusart.o
 .debug_info    0x000000000000a21c      0xc1c ./board/board.o
 .debug_info    0x000000000000ae38      0xa2f ./board/clock_config.o
 .debug_info    0x000000000000b867      0xe2c ./board/peripherals.o
 .debug_info    0x000000000000c693     0x10d0 ./board/pin_mux.o
 .debug_info    0x000000000000d763      0x9bb ./OwnDrivers/sine_generator.o

.debug_abbrev   0x0000000000000000     0x2131
 .debug_abbrev  0x0000000000000000      0x2bb ./utilities/fsl_debug_console.o
 .debug_abbrev  0x00000000000002bb      0x1ba ./startup/startup_lpc845.o
 .debug_abbrev  0x0000000000000475       0x49 ./source/Sine_generator_DAC_DMA.o
 .debug_abbrev  0x00000000000004be       0x46 ./source/mtb.o
 .debug_abbrev  0x0000000000000504       0x31 ./source/semihost_hardfault.o
 .debug_abbrev  0x0000000000000535      0x2cd ./drivers/fsl_clock.o
 .debug_abbrev  0x0000000000000802      0x1d9 ./drivers/fsl_dac.o
 .debug_abbrev  0x00000000000009db      0x32c ./drivers/fsl_dma.o
 .debug_abbrev  0x0000000000000d07      0x1c3 ./drivers/fsl_gpio.o
 .debug_abbrev  0x0000000000000eca      0x15c ./drivers/fsl_reset.o
 .debug_abbrev  0x0000000000001026      0x16e ./drivers/fsl_swm.o
 .debug_abbrev  0x0000000000001194      0x316 ./drivers/fsl_usart.o
 .debug_abbrev  0x00000000000014aa      0x143 ./device/system_LPC845.o
 .debug_abbrev  0x00000000000015ed      0x1cb ./component/uart/fsl_adapter_miniusart.o
 .debug_abbrev  0x00000000000017b8      0x188 ./board/board.o
 .debug_abbrev  0x0000000000001940      0x1fd ./board/clock_config.o
 .debug_abbrev  0x0000000000001b3d      0x210 ./board/peripherals.o
 .debug_abbrev  0x0000000000001d4d      0x26e ./board/pin_mux.o
 .debug_abbrev  0x0000000000001fbb      0x176 ./OwnDrivers/sine_generator.o

.debug_aranges  0x0000000000000000      0x878
 .debug_aranges
                0x0000000000000000       0x78 ./utilities/fsl_debug_console.o
 .debug_aranges
                0x0000000000000078      0x160 ./startup/startup_lpc845.o
 .debug_aranges
                0x00000000000001d8       0x20 ./source/Sine_generator_DAC_DMA.o
 .debug_aranges
                0x00000000000001f8       0x18 ./source/mtb.o
 .debug_aranges
                0x0000000000000210       0x20 ./source/semihost_hardfault.o
 .debug_aranges
                0x0000000000000230      0x100 ./drivers/fsl_clock.o
 .debug_aranges
                0x0000000000000330       0x60 ./drivers/fsl_dac.o
 .debug_aranges
                0x0000000000000390      0x130 ./drivers/fsl_dma.o
 .debug_aranges
                0x00000000000004c0       0x38 ./drivers/fsl_gpio.o
 .debug_aranges
                0x00000000000004f8       0x30 ./drivers/fsl_reset.o
 .debug_aranges
                0x0000000000000528       0x28 ./drivers/fsl_swm.o
 .debug_aranges
                0x0000000000000550      0x128 ./drivers/fsl_usart.o
 .debug_aranges
                0x0000000000000678       0x30 ./device/system_LPC845.o
 .debug_aranges
                0x00000000000006a8       0x50 ./component/uart/fsl_adapter_miniusart.o
 .debug_aranges
                0x00000000000006f8       0x28 ./board/board.o
 .debug_aranges
                0x0000000000000720       0x60 ./board/clock_config.o
 .debug_aranges
                0x0000000000000780       0x48 ./board/peripherals.o
 .debug_aranges
                0x00000000000007c8       0x70 ./board/pin_mux.o
 .debug_aranges
                0x0000000000000838       0x40 ./OwnDrivers/sine_generator.o

.debug_ranges   0x0000000000000000      0x740
 .debug_ranges  0x0000000000000000       0x68 ./utilities/fsl_debug_console.o
 .debug_ranges  0x0000000000000068      0x150 ./startup/startup_lpc845.o
 .debug_ranges  0x00000000000001b8       0x10 ./source/Sine_generator_DAC_DMA.o
 .debug_ranges  0x00000000000001c8       0x10 ./source/semihost_hardfault.o
 .debug_ranges  0x00000000000001d8       0xf0 ./drivers/fsl_clock.o
 .debug_ranges  0x00000000000002c8       0x50 ./drivers/fsl_dac.o
 .debug_ranges  0x0000000000000318      0x120 ./drivers/fsl_dma.o
 .debug_ranges  0x0000000000000438       0x28 ./drivers/fsl_gpio.o
 .debug_ranges  0x0000000000000460       0x20 ./drivers/fsl_reset.o
 .debug_ranges  0x0000000000000480       0x18 ./drivers/fsl_swm.o
 .debug_ranges  0x0000000000000498      0x118 ./drivers/fsl_usart.o
 .debug_ranges  0x00000000000005b0       0x20 ./device/system_LPC845.o
 .debug_ranges  0x00000000000005d0       0x40 ./component/uart/fsl_adapter_miniusart.o
 .debug_ranges  0x0000000000000610       0x18 ./board/board.o
 .debug_ranges  0x0000000000000628       0x50 ./board/clock_config.o
 .debug_ranges  0x0000000000000678       0x38 ./board/peripherals.o
 .debug_ranges  0x00000000000006b0       0x60 ./board/pin_mux.o
 .debug_ranges  0x0000000000000710       0x30 ./OwnDrivers/sine_generator.o

.debug_macro    0x0000000000000000     0x91ce
 .debug_macro   0x0000000000000000      0x161 ./utilities/fsl_debug_console.o
 .debug_macro   0x0000000000000161      0xa7e ./utilities/fsl_debug_console.o
 .debug_macro   0x0000000000000bdf       0x10 ./utilities/fsl_debug_console.o
 .debug_macro   0x0000000000000bef       0x16 ./utilities/fsl_debug_console.o
 .debug_macro   0x0000000000000c05       0x10 ./utilities/fsl_debug_console.o
 .debug_macro   0x0000000000000c15      0x12e ./utilities/fsl_debug_console.o
 .debug_macro   0x0000000000000d43       0x28 ./utilities/fsl_debug_console.o
 .debug_macro   0x0000000000000d6b       0xc4 ./utilities/fsl_debug_console.o
 .debug_macro   0x0000000000000e2f       0x16 ./utilities/fsl_debug_console.o
 .debug_macro   0x0000000000000e45       0x22 ./utilities/fsl_debug_console.o
 .debug_macro   0x0000000000000e67      0x5b3 ./utilities/fsl_debug_console.o
 .debug_macro   0x000000000000141a       0x10 ./utilities/fsl_debug_console.o
 .debug_macro   0x000000000000142a       0x3f ./utilities/fsl_debug_console.o
 .debug_macro   0x0000000000001469       0x1c ./utilities/fsl_debug_console.o
 .debug_macro   0x0000000000001485       0x22 ./utilities/fsl_debug_console.o
 .debug_macro   0x00000000000014a7       0xd1 ./utilities/fsl_debug_console.o
 .debug_macro   0x0000000000001578      0x3ad ./utilities/fsl_debug_console.o
 .debug_macro   0x0000000000001925       0x22 ./utilities/fsl_debug_console.o
 .debug_macro   0x0000000000001947     0x58a3 ./utilities/fsl_debug_console.o
 .debug_macro   0x00000000000071ea      0x20f ./utilities/fsl_debug_console.o
 .debug_macro   0x00000000000073f9       0x7a ./utilities/fsl_debug_console.o
 .debug_macro   0x0000000000007473       0x96 ./utilities/fsl_debug_console.o
 .debug_macro   0x0000000000007509      0x125 ./utilities/fsl_debug_console.o
 .debug_macro   0x000000000000762e       0x81 ./utilities/fsl_debug_console.o
 .debug_macro   0x00000000000076af       0x16 ./utilities/fsl_debug_console.o
 .debug_macro   0x00000000000076c5       0x2e ./utilities/fsl_debug_console.o
 .debug_macro   0x00000000000076f3       0x46 ./utilities/fsl_debug_console.o
 .debug_macro   0x0000000000007739       0x32 ./startup/startup_lpc845.o
 .debug_macro   0x000000000000776b       0x34 ./startup/startup_lpc845.o
 .debug_macro   0x000000000000779f      0x1b1 ./source/Sine_generator_DAC_DMA.o
 .debug_macro   0x0000000000007950       0xd8 ./source/Sine_generator_DAC_DMA.o
 .debug_macro   0x0000000000007a28       0x22 ./source/Sine_generator_DAC_DMA.o
 .debug_macro   0x0000000000007a4a       0x28 ./source/Sine_generator_DAC_DMA.o
 .debug_macro   0x0000000000007a72       0x10 ./source/Sine_generator_DAC_DMA.o
 .debug_macro   0x0000000000007a82       0xf4 ./source/Sine_generator_DAC_DMA.o
 .debug_macro   0x0000000000007b76       0x76 ./source/Sine_generator_DAC_DMA.o
 .debug_macro   0x0000000000007bec       0x10 ./source/Sine_generator_DAC_DMA.o
 .debug_macro   0x0000000000007bfc       0x28 ./source/Sine_generator_DAC_DMA.o
 .debug_macro   0x0000000000007c24      0x1da ./source/Sine_generator_DAC_DMA.o
 .debug_macro   0x0000000000007dfe       0x1c ./source/Sine_generator_DAC_DMA.o
 .debug_macro   0x0000000000007e1a       0x1c ./source/Sine_generator_DAC_DMA.o
 .debug_macro   0x0000000000007e36       0x2f ./source/mtb.o
 .debug_macro   0x0000000000007e65       0x82 ./source/mtb.o
 .debug_macro   0x0000000000007ee7       0x10 ./source/mtb.o
 .debug_macro   0x0000000000007ef7       0x11 ./source/semihost_hardfault.o
 .debug_macro   0x0000000000007f08      0x14e ./drivers/fsl_clock.o
 .debug_macro   0x0000000000008056       0x1c ./drivers/fsl_clock.o
 .debug_macro   0x0000000000008072      0x13a ./drivers/fsl_dac.o
 .debug_macro   0x00000000000081ac      0x139 ./drivers/fsl_dma.o
 .debug_macro   0x00000000000082e5       0x70 ./drivers/fsl_dma.o
 .debug_macro   0x0000000000008355      0x13a ./drivers/fsl_gpio.o
 .debug_macro   0x000000000000848f      0x12a ./drivers/fsl_reset.o
 .debug_macro   0x00000000000085b9      0x144 ./drivers/fsl_swm.o
 .debug_macro   0x00000000000086fd      0x139 ./drivers/fsl_usart.o
 .debug_macro   0x0000000000008836       0x1c ./drivers/fsl_usart.o
 .debug_macro   0x0000000000008852       0x97 ./device/system_LPC845.o
 .debug_macro   0x00000000000088e9      0x136 ./component/uart/fsl_adapter_miniusart.o
 .debug_macro   0x0000000000008a1f       0x22 ./component/uart/fsl_adapter_miniusart.o
 .debug_macro   0x0000000000008a41      0x162 ./board/board.o
 .debug_macro   0x0000000000008ba3       0x2e ./board/board.o
 .debug_macro   0x0000000000008bd1      0x14a ./board/clock_config.o
 .debug_macro   0x0000000000008d1b      0x14f ./board/peripherals.o
 .debug_macro   0x0000000000008e6a      0x159 ./board/pin_mux.o
 .debug_macro   0x0000000000008fc3       0x76 ./board/pin_mux.o
 .debug_macro   0x0000000000009039      0x173 ./OwnDrivers/sine_generator.o
 .debug_macro   0x00000000000091ac       0x22 ./OwnDrivers/sine_generator.o

.debug_line     0x0000000000000000     0x6afa
 .debug_line    0x0000000000000000      0xc4d ./utilities/fsl_debug_console.o
 .debug_line    0x0000000000000c4d      0x273 ./startup/startup_lpc845.o
 .debug_line    0x0000000000000ec0      0x522 ./source/Sine_generator_DAC_DMA.o
 .debug_line    0x00000000000013e2       0xd5 ./source/mtb.o
 .debug_line    0x00000000000014b7       0x59 ./source/semihost_hardfault.o
 .debug_line    0x0000000000001510      0xa3d ./drivers/fsl_clock.o
 .debug_line    0x0000000000001f4d      0x4a6 ./drivers/fsl_dac.o
 .debug_line    0x00000000000023f3      0xe0c ./drivers/fsl_dma.o
 .debug_line    0x00000000000031ff      0x3d2 ./drivers/fsl_gpio.o
 .debug_line    0x00000000000035d1      0x39f ./drivers/fsl_reset.o
 .debug_line    0x0000000000003970      0x3f2 ./drivers/fsl_swm.o
 .debug_line    0x0000000000003d62      0xcd2 ./drivers/fsl_usart.o
 .debug_line    0x0000000000004a34      0x3f5 ./device/system_LPC845.o
 .debug_line    0x0000000000004e29      0x532 ./component/uart/fsl_adapter_miniusart.o
 .debug_line    0x000000000000535b      0x44a ./board/board.o
 .debug_line    0x00000000000057a5      0x4c9 ./board/clock_config.o
 .debug_line    0x0000000000005c6e      0x45b ./board/peripherals.o
 .debug_line    0x00000000000060c9      0x591 ./board/pin_mux.o
 .debug_line    0x000000000000665a      0x4a0 ./OwnDrivers/sine_generator.o

.debug_str      0x0000000000000000    0x3f07b
 .debug_str     0x0000000000000000    0x38008 ./utilities/fsl_debug_console.o
                                      0x38128 (size before relaxing)
 .debug_str     0x0000000000038008      0x4bf ./startup/startup_lpc845.o
                                       0x31b4 (size before relaxing)
 .debug_str     0x00000000000384c7     0x1ec9 ./source/Sine_generator_DAC_DMA.o
                                      0x38642 (size before relaxing)
 .debug_str     0x000000000003a390      0x532 ./source/mtb.o
                                       0x31e6 (size before relaxing)
 .debug_str     0x000000000003a8c2       0x1f ./source/semihost_hardfault.o
                                       0x2cd3 (size before relaxing)
 .debug_str     0x000000000003a8e1      0x91c ./drivers/fsl_clock.o
                                      0x37afa (size before relaxing)
 .debug_str     0x000000000003b1fd      0x60b ./drivers/fsl_dac.o
                                      0x37838 (size before relaxing)
 .debug_str     0x000000000003b808      0xccf ./drivers/fsl_dma.o
                                      0x38d0a (size before relaxing)
 .debug_str     0x000000000003c4d7      0x145 ./drivers/fsl_gpio.o
                                      0x377e4 (size before relaxing)
 .debug_str     0x000000000003c61c       0xae ./drivers/fsl_reset.o
                                      0x36c5a (size before relaxing)
 .debug_str     0x000000000003c6ca      0xb13 ./drivers/fsl_swm.o
                                      0x37236 (size before relaxing)
 .debug_str     0x000000000003d1dd      0xccf ./drivers/fsl_usart.o
                                      0x3873e (size before relaxing)
 .debug_str     0x000000000003deac       0xd0 ./device/system_LPC845.o
                                      0x35051 (size before relaxing)
 .debug_str     0x000000000003df7c       0xfb ./component/uart/fsl_adapter_miniusart.o
                                      0x37ade (size before relaxing)
 .debug_str     0x000000000003e077      0x6ff ./board/board.o
                                      0x38903 (size before relaxing)
 .debug_str     0x000000000003e776      0x303 ./board/clock_config.o
                                      0x37538 (size before relaxing)
 .debug_str     0x000000000003ea79       0x6f ./board/peripherals.o
                                      0x37fdd (size before relaxing)
 .debug_str     0x000000000003eae8      0x518 ./board/pin_mux.o
                                      0x3839f (size before relaxing)
 .debug_str     0x000000000003f000       0x7b ./OwnDrivers/sine_generator.o
                                      0x37dc8 (size before relaxing)

.comment        0x0000000000000000       0x49
 .comment       0x0000000000000000       0x49 ./utilities/fsl_debug_console.o
                                         0x4a (size before relaxing)
 .comment       0x0000000000000049       0x4a ./startup/startup_lpc845.o
 .comment       0x0000000000000049       0x4a ./source/Sine_generator_DAC_DMA.o
 .comment       0x0000000000000049       0x4a ./source/mtb.o
 .comment       0x0000000000000049       0x4a ./source/semihost_hardfault.o
 .comment       0x0000000000000049       0x4a ./drivers/fsl_clock.o
 .comment       0x0000000000000049       0x4a ./drivers/fsl_dac.o
 .comment       0x0000000000000049       0x4a ./drivers/fsl_dma.o
 .comment       0x0000000000000049       0x4a ./drivers/fsl_gpio.o
 .comment       0x0000000000000049       0x4a ./drivers/fsl_reset.o
 .comment       0x0000000000000049       0x4a ./drivers/fsl_swm.o
 .comment       0x0000000000000049       0x4a ./drivers/fsl_usart.o
 .comment       0x0000000000000049       0x4a ./device/system_LPC845.o
 .comment       0x0000000000000049       0x4a ./component/uart/fsl_adapter_miniusart.o
 .comment       0x0000000000000049       0x4a ./board/board.o
 .comment       0x0000000000000049       0x4a ./board/clock_config.o
 .comment       0x0000000000000049       0x4a ./board/peripherals.o
 .comment       0x0000000000000049       0x4a ./board/pin_mux.o
 .comment       0x0000000000000049       0x4a ./OwnDrivers/sine_generator.o
 .comment       0x0000000000000049       0x4a /usr/local/mcuxpressoide-11.5.0_7232/ide/plugins/com.nxp.mcuxpresso.tools.linux_11.5.0.202107051138/tools/bin/../lib/gcc/arm-none-eabi/10.3.1/../../../../arm-none-eabi/lib/thumb/v6-m/nofp/libcr_nohost_nf.a(_cr__main.o)
 .comment       0x0000000000000049       0x4a /usr/local/mcuxpressoide-11.5.0_7232/ide/plugins/com.nxp.mcuxpresso.tools.linux_11.5.0.202107051138/tools/bin/../lib/gcc/arm-none-eabi/10.3.1/../../../../arm-none-eabi/lib/thumb/v6-m/nofp/libcr_nohost_nf.a(_cr_assert.o)
 .comment       0x0000000000000049       0x4a /usr/local/mcuxpressoide-11.5.0_7232/ide/plugins/com.nxp.mcuxpresso.tools.linux_11.5.0.202107051138/tools/bin/../lib/gcc/arm-none-eabi/10.3.1/../../../../arm-none-eabi/lib/thumb/v6-m/nofp/libcr_nohost_nf.a(__ciob.o)
 .comment       0x0000000000000049       0x4a /usr/local/mcuxpressoide-11.5.0_7232/ide/plugins/com.nxp.mcuxpresso.tools.linux_11.5.0.202107051138/tools/bin/../lib/gcc/arm-none-eabi/10.3.1/../../../../arm-none-eabi/lib/thumb/v6-m/nofp/libcr_nohost_nf.a(__sys_appexit.o)
 .comment       0x0000000000000049       0x4a /usr/local/mcuxpressoide-11.5.0_7232/ide/plugins/com.nxp.mcuxpresso.tools.linux_11.5.0.202107051138/tools/bin/../lib/gcc/arm-none-eabi/10.3.1/../../../../arm-none-eabi/lib/thumb/v6-m/nofp/libcr_c.a(memset.o)
 .comment       0x0000000000000049       0x4a /usr/local/mcuxpressoide-11.5.0_7232/ide/plugins/com.nxp.mcuxpresso.tools.linux_11.5.0.202107051138/tools/bin/../lib/gcc/arm-none-eabi/10.3.1/../../../../arm-none-eabi/lib/thumb/v6-m/nofp/libcr_c.a(_deferredlazyseek.o)
 .comment       0x0000000000000049       0x4a /usr/local/mcuxpressoide-11.5.0_7232/ide/plugins/com.nxp.mcuxpresso.tools.linux_11.5.0.202107051138/tools/bin/../lib/gcc/arm-none-eabi/10.3.1/../../../../arm-none-eabi/lib/thumb/v6-m/nofp/libcr_c.a(_fflush.o)
 .comment       0x0000000000000049       0x4a /usr/local/mcuxpressoide-11.5.0_7232/ide/plugins/com.nxp.mcuxpresso.tools.linux_11.5.0.202107051138/tools/bin/../lib/gcc/arm-none-eabi/10.3.1/../../../../arm-none-eabi/lib/thumb/v6-m/nofp/libcr_c.a(_writebuf.o)
 .comment       0x0000000000000049       0x4a /usr/local/mcuxpressoide-11.5.0_7232/ide/plugins/com.nxp.mcuxpresso.tools.linux_11.5.0.202107051138/tools/bin/../lib/gcc/arm-none-eabi/10.3.1/../../../../arm-none-eabi/lib/thumb/v6-m/nofp/libcr_c.a(alloc.o)
 .comment       0x0000000000000049       0x4a /usr/local/mcuxpressoide-11.5.0_7232/ide/plugins/com.nxp.mcuxpresso.tools.linux_11.5.0.202107051138/tools/bin/../lib/gcc/arm-none-eabi/10.3.1/../../../../arm-none-eabi/lib/thumb/v6-m/nofp/libcr_c.a(fputs.o)
 .comment       0x0000000000000049       0x4a /usr/local/mcuxpressoide-11.5.0_7232/ide/plugins/com.nxp.mcuxpresso.tools.linux_11.5.0.202107051138/tools/bin/../lib/gcc/arm-none-eabi/10.3.1/../../../../arm-none-eabi/lib/thumb/v6-m/nofp/libcr_c.a(fseek.o)
 .comment       0x0000000000000049       0x4a /usr/local/mcuxpressoide-11.5.0_7232/ide/plugins/com.nxp.mcuxpresso.tools.linux_11.5.0.202107051138/tools/bin/../lib/gcc/arm-none-eabi/10.3.1/../../../../arm-none-eabi/lib/thumb/v6-m/nofp/libcr_c.a(ftell.o)
 .comment       0x0000000000000049       0x4a /usr/local/mcuxpressoide-11.5.0_7232/ide/plugins/com.nxp.mcuxpresso.tools.linux_11.5.0.202107051138/tools/bin/../lib/gcc/arm-none-eabi/10.3.1/../../../../arm-none-eabi/lib/thumb/v6-m/nofp/libcr_c.a(initio.o)
 .comment       0x0000000000000049       0x4a /usr/local/mcuxpressoide-11.5.0_7232/ide/plugins/com.nxp.mcuxpresso.tools.linux_11.5.0.202107051138/tools/bin/../lib/gcc/arm-none-eabi/10.3.1/../../../../arm-none-eabi/lib/thumb/v6-m/nofp/libcr_c.a(setvbuf.o)
 .comment       0x0000000000000049       0x4a /usr/local/mcuxpressoide-11.5.0_7232/ide/plugins/com.nxp.mcuxpresso.tools.linux_11.5.0.202107051138/tools/bin/../lib/gcc/arm-none-eabi/10.3.1/../../../../arm-none-eabi/lib/thumb/v6-m/nofp/libcr_c.a(strlen.o)
 .comment       0x0000000000000049       0x4a /usr/local/mcuxpressoide-11.5.0_7232/ide/plugins/com.nxp.mcuxpresso.tools.linux_11.5.0.202107051138/tools/bin/../lib/gcc/arm-none-eabi/10.3.1/../../../../arm-none-eabi/lib/thumb/v6-m/nofp/libcr_c.a(__init_alloc.o)
 .comment       0x0000000000000049       0x4a /usr/local/mcuxpressoide-11.5.0_7232/ide/plugins/com.nxp.mcuxpresso.tools.linux_11.5.0.202107051138/tools/bin/../lib/gcc/arm-none-eabi/10.3.1/../../../../arm-none-eabi/lib/thumb/v6-m/nofp/libcr_c.a(_cr_sbrk.o)
 .comment       0x0000000000000049       0x4a /usr/local/mcuxpressoide-11.5.0_7232/ide/plugins/com.nxp.mcuxpresso.tools.linux_11.5.0.202107051138/tools/bin/../lib/gcc/arm-none-eabi/10.3.1/../../../../arm-none-eabi/lib/thumb/v6-m/nofp/libcr_c.a(_fdopen.o)
 .comment       0x0000000000000049       0x4a /usr/local/mcuxpressoide-11.5.0_7232/ide/plugins/com.nxp.mcuxpresso.tools.linux_11.5.0.202107051138/tools/bin/../lib/gcc/arm-none-eabi/10.3.1/../../../../arm-none-eabi/lib/thumb/v6-m/nofp/libcr_c.a(errno.o)
 .comment       0x0000000000000049       0x4a /usr/local/mcuxpressoide-11.5.0_7232/ide/plugins/com.nxp.mcuxpresso.tools.linux_11.5.0.202107051138/tools/bin/../lib/gcc/arm-none-eabi/10.3.1/../../../../arm-none-eabi/lib/thumb/v6-m/nofp/libcr_c.a(fclose.o)
 .comment       0x0000000000000049       0x4a /usr/local/mcuxpressoide-11.5.0_7232/ide/plugins/com.nxp.mcuxpresso.tools.linux_11.5.0.202107051138/tools/bin/../lib/gcc/arm-none-eabi/10.3.1/../../../../arm-none-eabi/lib/thumb/v6-m/nofp/libcr_c.a(fflush.o)
 .comment       0x0000000000000049       0x4a /usr/local/mcuxpressoide-11.5.0_7232/ide/plugins/com.nxp.mcuxpresso.tools.linux_11.5.0.202107051138/tools/bin/../lib/gcc/arm-none-eabi/10.3.1/../../../../arm-none-eabi/lib/thumb/v6-m/nofp/libcr_c.a(remove.o)
 .comment       0x0000000000000049       0x4a /usr/local/mcuxpressoide-11.5.0_7232/ide/plugins/com.nxp.mcuxpresso.tools.linux_11.5.0.202107051138/tools/bin/../lib/gcc/arm-none-eabi/10.3.1/../../../../arm-none-eabi/lib/thumb/v6-m/nofp/libcr_c.a(_cr_check_heap.o)
 .comment       0x0000000000000049       0x4a /usr/local/mcuxpressoide-11.5.0_7232/ide/plugins/com.nxp.mcuxpresso.tools.linux_11.5.0.202107051138/tools/bin/../lib/gcc/arm-none-eabi/10.3.1/../../../../arm-none-eabi/lib/thumb/v6-m/nofp/libcr_c.a(_do_fflush.o)
 .comment       0x0000000000000049       0x4a /usr/local/mcuxpressoide-11.5.0_7232/ide/plugins/com.nxp.mcuxpresso.tools.linux_11.5.0.202107051138/tools/bin/../lib/gcc/arm-none-eabi/10.3.1/../../../../arm-none-eabi/lib/thumb/v6-m/nofp/libcr_nohost_nf.a(__sys_close.o)
 .comment       0x0000000000000049       0x4a /usr/local/mcuxpressoide-11.5.0_7232/ide/plugins/com.nxp.mcuxpresso.tools.linux_11.5.0.202107051138/tools/bin/../lib/gcc/arm-none-eabi/10.3.1/../../../../arm-none-eabi/lib/thumb/v6-m/nofp/libcr_nohost_nf.a(__sys_flen.o)
 .comment       0x0000000000000049       0x4a /usr/local/mcuxpressoide-11.5.0_7232/ide/plugins/com.nxp.mcuxpresso.tools.linux_11.5.0.202107051138/tools/bin/../lib/gcc/arm-none-eabi/10.3.1/../../../../arm-none-eabi/lib/thumb/v6-m/nofp/libcr_nohost_nf.a(__sys_istty.o)
 .comment       0x0000000000000049       0x4a /usr/local/mcuxpressoide-11.5.0_7232/ide/plugins/com.nxp.mcuxpresso.tools.linux_11.5.0.202107051138/tools/bin/../lib/gcc/arm-none-eabi/10.3.1/../../../../arm-none-eabi/lib/thumb/v6-m/nofp/libcr_nohost_nf.a(__sys_remove.o)
 .comment       0x0000000000000049       0x4a /usr/local/mcuxpressoide-11.5.0_7232/ide/plugins/com.nxp.mcuxpresso.tools.linux_11.5.0.202107051138/tools/bin/../lib/gcc/arm-none-eabi/10.3.1/../../../../arm-none-eabi/lib/thumb/v6-m/nofp/libcr_nohost_nf.a(__sys_seek.o)
 .comment       0x0000000000000049       0x4a /usr/local/mcuxpressoide-11.5.0_7232/ide/plugins/com.nxp.mcuxpresso.tools.linux_11.5.0.202107051138/tools/bin/../lib/gcc/arm-none-eabi/10.3.1/../../../../arm-none-eabi/lib/thumb/v6-m/nofp/libcr_nohost_nf.a(__sys_tmpnam.o)
 .comment       0x0000000000000049       0x4a /usr/local/mcuxpressoide-11.5.0_7232/ide/plugins/com.nxp.mcuxpresso.tools.linux_11.5.0.202107051138/tools/bin/../lib/gcc/arm-none-eabi/10.3.1/../../../../arm-none-eabi/lib/thumb/v6-m/nofp/libcr_nohost_nf.a(__sys_write.o)

.ARM.attributes
                0x0000000000000000       0x2a
 .ARM.attributes
                0x0000000000000000       0x2c ./utilities/fsl_debug_console.o
 .ARM.attributes
                0x000000000000002c       0x2c ./startup/startup_lpc845.o
 .ARM.attributes
                0x0000000000000058       0x2c ./source/Sine_generator_DAC_DMA.o
 .ARM.attributes
                0x0000000000000084       0x32 ./source/mtb.o
 .ARM.attributes
                0x00000000000000b6       0x2c ./source/semihost_hardfault.o
 .ARM.attributes
                0x00000000000000e2       0x2c ./drivers/fsl_clock.o
 .ARM.attributes
                0x000000000000010e       0x2c ./drivers/fsl_dac.o
 .ARM.attributes
                0x000000000000013a       0x2c ./drivers/fsl_dma.o
 .ARM.attributes
                0x0000000000000166       0x2c ./drivers/fsl_gpio.o
 .ARM.attributes
                0x0000000000000192       0x2c ./drivers/fsl_reset.o
 .ARM.attributes
                0x00000000000001be       0x2c ./drivers/fsl_swm.o
 .ARM.attributes
                0x00000000000001ea       0x2c ./drivers/fsl_usart.o
 .ARM.attributes
                0x0000000000000216       0x2c ./device/system_LPC845.o
 .ARM.attributes
                0x0000000000000242       0x2c ./component/uart/fsl_adapter_miniusart.o
 .ARM.attributes
                0x000000000000026e       0x2c ./board/board.o
 .ARM.attributes
                0x000000000000029a       0x2c ./board/clock_config.o
 .ARM.attributes
                0x00000000000002c6       0x2c ./board/peripherals.o
 .ARM.attributes
                0x00000000000002f2       0x2c ./board/pin_mux.o
 .ARM.attributes
                0x000000000000031e       0x2c ./OwnDrivers/sine_generator.o
 .ARM.attributes
                0x000000000000034a       0x2c /usr/local/mcuxpressoide-11.5.0_7232/ide/plugins/com.nxp.mcuxpresso.tools.linux_11.5.0.202107051138/tools/bin/../lib/gcc/arm-none-eabi/10.3.1/../../../../arm-none-eabi/lib/thumb/v6-m/nofp/libcr_nohost_nf.a(_cr__main.o)
 .ARM.attributes
                0x0000000000000376       0x2c /usr/local/mcuxpressoide-11.5.0_7232/ide/plugins/com.nxp.mcuxpresso.tools.linux_11.5.0.202107051138/tools/bin/../lib/gcc/arm-none-eabi/10.3.1/../../../../arm-none-eabi/lib/thumb/v6-m/nofp/libcr_nohost_nf.a(_cr_assert.o)
 .ARM.attributes
                0x00000000000003a2       0x31 /usr/local/mcuxpressoide-11.5.0_7232/ide/plugins/com.nxp.mcuxpresso.tools.linux_11.5.0.202107051138/tools/bin/../lib/gcc/arm-none-eabi/10.3.1/../../../../arm-none-eabi/lib/thumb/v6-m/nofp/libcr_nohost_nf.a(__ciob.o)
 .ARM.attributes
                0x00000000000003d3       0x2c /usr/local/mcuxpressoide-11.5.0_7232/ide/plugins/com.nxp.mcuxpresso.tools.linux_11.5.0.202107051138/tools/bin/../lib/gcc/arm-none-eabi/10.3.1/../../../../arm-none-eabi/lib/thumb/v6-m/nofp/libcr_nohost_nf.a(__sys_appexit.o)
 .ARM.attributes
                0x00000000000003ff       0x2c /usr/local/mcuxpressoide-11.5.0_7232/ide/plugins/com.nxp.mcuxpresso.tools.linux_11.5.0.202107051138/tools/bin/../lib/gcc/arm-none-eabi/10.3.1/../../../../arm-none-eabi/lib/thumb/v6-m/nofp/libcr_c.a(memset.o)
 .ARM.attributes
                0x000000000000042b       0x2c /usr/local/mcuxpressoide-11.5.0_7232/ide/plugins/com.nxp.mcuxpresso.tools.linux_11.5.0.202107051138/tools/bin/../lib/gcc/arm-none-eabi/10.3.1/../../../../arm-none-eabi/lib/thumb/v6-m/nofp/libcr_c.a(_deferredlazyseek.o)
 .ARM.attributes
                0x0000000000000457       0x2c /usr/local/mcuxpressoide-11.5.0_7232/ide/plugins/com.nxp.mcuxpresso.tools.linux_11.5.0.202107051138/tools/bin/../lib/gcc/arm-none-eabi/10.3.1/../../../../arm-none-eabi/lib/thumb/v6-m/nofp/libcr_c.a(_fflush.o)
 .ARM.attributes
                0x0000000000000483       0x2c /usr/local/mcuxpressoide-11.5.0_7232/ide/plugins/com.nxp.mcuxpresso.tools.linux_11.5.0.202107051138/tools/bin/../lib/gcc/arm-none-eabi/10.3.1/../../../../arm-none-eabi/lib/thumb/v6-m/nofp/libcr_c.a(_writebuf.o)
 .ARM.attributes
                0x00000000000004af       0x2c /usr/local/mcuxpressoide-11.5.0_7232/ide/plugins/com.nxp.mcuxpresso.tools.linux_11.5.0.202107051138/tools/bin/../lib/gcc/arm-none-eabi/10.3.1/../../../../arm-none-eabi/lib/thumb/v6-m/nofp/libcr_c.a(alloc.o)
 .ARM.attributes
                0x00000000000004db       0x2c /usr/local/mcuxpressoide-11.5.0_7232/ide/plugins/com.nxp.mcuxpresso.tools.linux_11.5.0.202107051138/tools/bin/../lib/gcc/arm-none-eabi/10.3.1/../../../../arm-none-eabi/lib/thumb/v6-m/nofp/libcr_c.a(fputs.o)
 .ARM.attributes
                0x0000000000000507       0x2c /usr/local/mcuxpressoide-11.5.0_7232/ide/plugins/com.nxp.mcuxpresso.tools.linux_11.5.0.202107051138/tools/bin/../lib/gcc/arm-none-eabi/10.3.1/../../../../arm-none-eabi/lib/thumb/v6-m/nofp/libcr_c.a(fseek.o)
 .ARM.attributes
                0x0000000000000533       0x2c /usr/local/mcuxpressoide-11.5.0_7232/ide/plugins/com.nxp.mcuxpresso.tools.linux_11.5.0.202107051138/tools/bin/../lib/gcc/arm-none-eabi/10.3.1/../../../../arm-none-eabi/lib/thumb/v6-m/nofp/libcr_c.a(ftell.o)
 .ARM.attributes
                0x000000000000055f       0x2c /usr/local/mcuxpressoide-11.5.0_7232/ide/plugins/com.nxp.mcuxpresso.tools.linux_11.5.0.202107051138/tools/bin/../lib/gcc/arm-none-eabi/10.3.1/../../../../arm-none-eabi/lib/thumb/v6-m/nofp/libcr_c.a(initio.o)
 .ARM.attributes
                0x000000000000058b       0x2c /usr/local/mcuxpressoide-11.5.0_7232/ide/plugins/com.nxp.mcuxpresso.tools.linux_11.5.0.202107051138/tools/bin/../lib/gcc/arm-none-eabi/10.3.1/../../../../arm-none-eabi/lib/thumb/v6-m/nofp/libcr_c.a(setvbuf.o)
 .ARM.attributes
                0x00000000000005b7       0x2c /usr/local/mcuxpressoide-11.5.0_7232/ide/plugins/com.nxp.mcuxpresso.tools.linux_11.5.0.202107051138/tools/bin/../lib/gcc/arm-none-eabi/10.3.1/../../../../arm-none-eabi/lib/thumb/v6-m/nofp/libcr_c.a(strlen.o)
 .ARM.attributes
                0x00000000000005e3       0x2c /usr/local/mcuxpressoide-11.5.0_7232/ide/plugins/com.nxp.mcuxpresso.tools.linux_11.5.0.202107051138/tools/bin/../lib/gcc/arm-none-eabi/10.3.1/../../../../arm-none-eabi/lib/thumb/v6-m/nofp/libcr_c.a(__init_alloc.o)
 .ARM.attributes
                0x000000000000060f       0x2c /usr/local/mcuxpressoide-11.5.0_7232/ide/plugins/com.nxp.mcuxpresso.tools.linux_11.5.0.202107051138/tools/bin/../lib/gcc/arm-none-eabi/10.3.1/../../../../arm-none-eabi/lib/thumb/v6-m/nofp/libcr_c.a(_cr_sbrk.o)
 .ARM.attributes
                0x000000000000063b       0x2c /usr/local/mcuxpressoide-11.5.0_7232/ide/plugins/com.nxp.mcuxpresso.tools.linux_11.5.0.202107051138/tools/bin/../lib/gcc/arm-none-eabi/10.3.1/../../../../arm-none-eabi/lib/thumb/v6-m/nofp/libcr_c.a(_fdopen.o)
 .ARM.attributes
                0x0000000000000667       0x31 /usr/local/mcuxpressoide-11.5.0_7232/ide/plugins/com.nxp.mcuxpresso.tools.linux_11.5.0.202107051138/tools/bin/../lib/gcc/arm-none-eabi/10.3.1/../../../../arm-none-eabi/lib/thumb/v6-m/nofp/libcr_c.a(errno.o)
 .ARM.attributes
                0x0000000000000698       0x2c /usr/local/mcuxpressoide-11.5.0_7232/ide/plugins/com.nxp.mcuxpresso.tools.linux_11.5.0.202107051138/tools/bin/../lib/gcc/arm-none-eabi/10.3.1/../../../../arm-none-eabi/lib/thumb/v6-m/nofp/libcr_c.a(fclose.o)
 .ARM.attributes
                0x00000000000006c4       0x2c /usr/local/mcuxpressoide-11.5.0_7232/ide/plugins/com.nxp.mcuxpresso.tools.linux_11.5.0.202107051138/tools/bin/../lib/gcc/arm-none-eabi/10.3.1/../../../../arm-none-eabi/lib/thumb/v6-m/nofp/libcr_c.a(fflush.o)
 .ARM.attributes
                0x00000000000006f0       0x2c /usr/local/mcuxpressoide-11.5.0_7232/ide/plugins/com.nxp.mcuxpresso.tools.linux_11.5.0.202107051138/tools/bin/../lib/gcc/arm-none-eabi/10.3.1/../../../../arm-none-eabi/lib/thumb/v6-m/nofp/libcr_c.a(remove.o)
 .ARM.attributes
                0x000000000000071c       0x2c /usr/local/mcuxpressoide-11.5.0_7232/ide/plugins/com.nxp.mcuxpresso.tools.linux_11.5.0.202107051138/tools/bin/../lib/gcc/arm-none-eabi/10.3.1/../../../../arm-none-eabi/lib/thumb/v6-m/nofp/libcr_c.a(_cr_check_heap.o)
 .ARM.attributes
                0x0000000000000748       0x2c /usr/local/mcuxpressoide-11.5.0_7232/ide/plugins/com.nxp.mcuxpresso.tools.linux_11.5.0.202107051138/tools/bin/../lib/gcc/arm-none-eabi/10.3.1/../../../../arm-none-eabi/lib/thumb/v6-m/nofp/libcr_c.a(_do_fflush.o)
 .ARM.attributes
                0x0000000000000774       0x1c /usr/local/mcuxpressoide-11.5.0_7232/ide/plugins/com.nxp.mcuxpresso.tools.linux_11.5.0.202107051138/tools/bin/../lib/gcc/arm-none-eabi/10.3.1/thumb/v6-m/nofp/libcr_eabihelpers.a(division_32.o)
 .ARM.attributes
                0x0000000000000790       0x1c /usr/local/mcuxpressoide-11.5.0_7232/ide/plugins/com.nxp.mcuxpresso.tools.linux_11.5.0.202107051138/tools/bin/../lib/gcc/arm-none-eabi/10.3.1/thumb/v6-m/nofp/libcr_eabihelpers.a(division_idiv0.o)
 .ARM.attributes
                0x00000000000007ac       0x1c /usr/local/mcuxpressoide-11.5.0_7232/ide/plugins/com.nxp.mcuxpresso.tools.linux_11.5.0.202107051138/tools/bin/../lib/gcc/arm-none-eabi/10.3.1/thumb/v6-m/nofp/libcr_eabihelpers.a(memcpy.o)
 .ARM.attributes
                0x00000000000007c8       0x2c /usr/local/mcuxpressoide-11.5.0_7232/ide/plugins/com.nxp.mcuxpresso.tools.linux_11.5.0.202107051138/tools/bin/../lib/gcc/arm-none-eabi/10.3.1/../../../../arm-none-eabi/lib/thumb/v6-m/nofp/libcr_nohost_nf.a(__sys_close.o)
 .ARM.attributes
                0x00000000000007f4       0x2c /usr/local/mcuxpressoide-11.5.0_7232/ide/plugins/com.nxp.mcuxpresso.tools.linux_11.5.0.202107051138/tools/bin/../lib/gcc/arm-none-eabi/10.3.1/../../../../arm-none-eabi/lib/thumb/v6-m/nofp/libcr_nohost_nf.a(__sys_flen.o)
 .ARM.attributes
                0x0000000000000820       0x2c /usr/local/mcuxpressoide-11.5.0_7232/ide/plugins/com.nxp.mcuxpresso.tools.linux_11.5.0.202107051138/tools/bin/../lib/gcc/arm-none-eabi/10.3.1/../../../../arm-none-eabi/lib/thumb/v6-m/nofp/libcr_nohost_nf.a(__sys_istty.o)
 .ARM.attributes
                0x000000000000084c       0x2c /usr/local/mcuxpressoide-11.5.0_7232/ide/plugins/com.nxp.mcuxpresso.tools.linux_11.5.0.202107051138/tools/bin/../lib/gcc/arm-none-eabi/10.3.1/../../../../arm-none-eabi/lib/thumb/v6-m/nofp/libcr_nohost_nf.a(__sys_remove.o)
 .ARM.attributes
                0x0000000000000878       0x2c /usr/local/mcuxpressoide-11.5.0_7232/ide/plugins/com.nxp.mcuxpresso.tools.linux_11.5.0.202107051138/tools/bin/../lib/gcc/arm-none-eabi/10.3.1/../../../../arm-none-eabi/lib/thumb/v6-m/nofp/libcr_nohost_nf.a(__sys_seek.o)
 .ARM.attributes
                0x00000000000008a4       0x2c /usr/local/mcuxpressoide-11.5.0_7232/ide/plugins/com.nxp.mcuxpresso.tools.linux_11.5.0.202107051138/tools/bin/../lib/gcc/arm-none-eabi/10.3.1/../../../../arm-none-eabi/lib/thumb/v6-m/nofp/libcr_nohost_nf.a(__sys_tmpnam.o)
 .ARM.attributes
                0x00000000000008d0       0x2c /usr/local/mcuxpressoide-11.5.0_7232/ide/plugins/com.nxp.mcuxpresso.tools.linux_11.5.0.202107051138/tools/bin/../lib/gcc/arm-none-eabi/10.3.1/../../../../arm-none-eabi/lib/thumb/v6-m/nofp/libcr_nohost_nf.a(__sys_write.o)

.debug_frame    0x0000000000000000     0x19f4
 .debug_frame   0x0000000000000000      0x190 ./utilities/fsl_debug_console.o
 .debug_frame   0x0000000000000190      0x3a8 ./startup/startup_lpc845.o
 .debug_frame   0x0000000000000538       0x2c ./source/Sine_generator_DAC_DMA.o
 .debug_frame   0x0000000000000564       0x20 ./source/semihost_hardfault.o
 .debug_frame   0x0000000000000584      0x3ac ./drivers/fsl_clock.o
 .debug_frame   0x0000000000000930      0x130 ./drivers/fsl_dac.o
 .debug_frame   0x0000000000000a60      0x470 ./drivers/fsl_dma.o
 .debug_frame   0x0000000000000ed0       0x90 ./drivers/fsl_gpio.o
 .debug_frame   0x0000000000000f60       0x70 ./drivers/fsl_reset.o
 .debug_frame   0x0000000000000fd0       0x50 ./drivers/fsl_swm.o
 .debug_frame   0x0000000000001020      0x43c ./drivers/fsl_usart.o
 .debug_frame   0x000000000000145c       0x68 ./device/system_LPC845.o
 .debug_frame   0x00000000000014c4       0xf0 ./component/uart/fsl_adapter_miniusart.o
 .debug_frame   0x00000000000015b4       0x50 ./board/board.o
 .debug_frame   0x0000000000001604      0x120 ./board/clock_config.o
 .debug_frame   0x0000000000001724       0xc4 ./board/peripherals.o
 .debug_frame   0x00000000000017e8      0x164 ./board/pin_mux.o
 .debug_frame   0x000000000000194c       0xa8 ./OwnDrivers/sine_generator.o

Cross Reference Table

Symbol                                            File
ADC0_OVR_DriverIRQHandler                         ./startup/startup_lpc845.o
ADC0_OVR_IRQHandler                               ./startup/startup_lpc845.o
ADC0_SEQA_DriverIRQHandler                        ./startup/startup_lpc845.o
ADC0_SEQA_IRQHandler                              ./startup/startup_lpc845.o
ADC0_SEQB_DriverIRQHandler                        ./startup/startup_lpc845.o
ADC0_SEQB_IRQHandler                              ./startup/startup_lpc845.o
ADC0_THCMP_DriverIRQHandler                       ./startup/startup_lpc845.o
ADC0_THCMP_IRQHandler                             ./startup/startup_lpc845.o
BOARD_BootClockFRO18M                             ./board/clock_config.o
BOARD_BootClockFRO24M                             ./board/clock_config.o
BOARD_BootClockFRO30M                             ./board/clock_config.o
BOARD_BootClockPll24M                             ./board/clock_config.o
BOARD_InitBUTTONsPins                             ./board/pin_mux.o
BOARD_InitBootClocks                              ./board/clock_config.o
                                                  ./source/Sine_generator_DAC_DMA.o
BOARD_InitBootPeripherals                         ./board/peripherals.o
                                                  ./source/Sine_generator_DAC_DMA.o
BOARD_InitBootPins                                ./board/pin_mux.o
                                                  ./source/Sine_generator_DAC_DMA.o
BOARD_InitCAPTPins                                ./board/pin_mux.o
BOARD_InitDACPins                                 ./board/pin_mux.o
BOARD_InitDEBUG_UARTPins                          ./board/pin_mux.o
BOARD_InitDebugConsole                            ./board/board.o
                                                  ./source/Sine_generator_DAC_DMA.o
BOARD_InitLEDsPins                                ./board/pin_mux.o
BOARD_InitPeripherals                             ./board/peripherals.o
BOARD_InitPins                                    ./board/pin_mux.o
BOARD_InitSWD_DEBUGPins                           ./board/pin_mux.o
BOD_DriverIRQHandler                              ./startup/startup_lpc845.o
BOD_IRQHandler                                    ./startup/startup_lpc845.o
CLOCK_GetClockOutClkFreq                          ./drivers/fsl_clock.o
CLOCK_GetFRG0ClkFreq                              ./drivers/fsl_clock.o
CLOCK_GetFRG1ClkFreq                              ./drivers/fsl_clock.o
CLOCK_GetFreq                                     ./drivers/fsl_clock.o
CLOCK_GetFroFreq                                  ./drivers/fsl_clock.o
CLOCK_GetMainClkFreq                              ./drivers/fsl_clock.o
                                                  ./board/board.o
CLOCK_GetSystemPLLInClockRate                     ./drivers/fsl_clock.o
CLOCK_GetUart0ClkFreq                             ./drivers/fsl_clock.o
CLOCK_GetUart1ClkFreq                             ./drivers/fsl_clock.o
CLOCK_GetUart2ClkFreq                             ./drivers/fsl_clock.o
CLOCK_GetUart3ClkFreq                             ./drivers/fsl_clock.o
CLOCK_GetUart4ClkFreq                             ./drivers/fsl_clock.o
CLOCK_InitExtClkin                                ./drivers/fsl_clock.o
CLOCK_InitSysOsc                                  ./drivers/fsl_clock.o
CLOCK_InitSystemPll                               ./drivers/fsl_clock.o
                                                  ./board/clock_config.o
CLOCK_InitWdtOsc                                  ./drivers/fsl_clock.o
CLOCK_InitXtalin                                  ./drivers/fsl_clock.o
CLOCK_SetFRG0ClkFreq                              ./drivers/fsl_clock.o
CLOCK_SetFRG1ClkFreq                              ./drivers/fsl_clock.o
CLOCK_SetFroOutClkSrc                             ./drivers/fsl_clock.o
                                                  ./board/clock_config.o
CLOCK_SetMainClkSrc                               ./drivers/fsl_clock.o
                                                  ./board/clock_config.o
CMP_CAPT_DriverIRQHandler                         ./startup/startup_lpc845.o
CMP_CAPT_IRQHandler                               ./startup/startup_lpc845.o
CRP_WORD                                          ./startup/startup_lpc845.o
CTIMER0_DriverIRQHandler                          ./startup/startup_lpc845.o
CTIMER0_IRQHandler                                ./startup/startup_lpc845.o
DAC0_DriverIRQHandler                             ./startup/startup_lpc845.o
DAC0_IRQHandler                                   ./OwnDrivers/sine_generator.o
                                                  ./startup/startup_lpc845.o
DAC0_config                                       ./board/peripherals.o
DAC_Deinit                                        ./drivers/fsl_dac.o
DAC_EnableDoubleBuffering                         ./drivers/fsl_dac.o
DAC_GetDefaultConfig                              ./drivers/fsl_dac.o
DAC_Init                                          ./drivers/fsl_dac.o
                                                  ./board/peripherals.o
DAC_SetBufferValue                                ./drivers/fsl_dac.o
                                                  ./OwnDrivers/sine_generator.o
                                                  ./board/peripherals.o
DAC_SetCounterValue                               ./drivers/fsl_dac.o
                                                  ./OwnDrivers/sine_generator.o
                                                  ./board/peripherals.o
DMA0_DriverIRQHandler                             ./drivers/fsl_dma.o
                                                  ./startup/startup_lpc845.o
DMA0_IRQHandler                                   ./startup/startup_lpc845.o
DMA_AbortTransfer                                 ./drivers/fsl_dma.o
DMA_ConfigureChannelTrigger                       ./drivers/fsl_dma.o
DMA_CreateDescriptor                              ./drivers/fsl_dma.o
DMA_CreateHandle                                  ./drivers/fsl_dma.o
DMA_Deinit                                        ./drivers/fsl_dma.o
DMA_GetRemainingBytes                             ./drivers/fsl_dma.o
DMA_IRQHandle                                     ./drivers/fsl_dma.o
DMA_Init                                          ./drivers/fsl_dma.o
                                                  ./board/peripherals.o
DMA_InstallDescriptorMemory                       ./drivers/fsl_dma.o
DMA_LoadChannelDescriptor                         ./drivers/fsl_dma.o
DMA_PrepareChannelTransfer                        ./drivers/fsl_dma.o
DMA_PrepareTransfer                               ./drivers/fsl_dma.o
DMA_SetCallback                                   ./drivers/fsl_dma.o
DMA_SetChannelConfig                              ./drivers/fsl_dma.o
DMA_SetupChannelDescriptor                        ./drivers/fsl_dma.o
DMA_SetupDescriptor                               ./drivers/fsl_dma.o
DMA_StartTransfer                                 ./drivers/fsl_dma.o
DMA_SubmitChannelDescriptor                       ./drivers/fsl_dma.o
DMA_SubmitChannelTransfer                         ./drivers/fsl_dma.o
DMA_SubmitChannelTransferParameter                ./drivers/fsl_dma.o
DMA_SubmitTransfer                                ./drivers/fsl_dma.o
DbgConsole_Deinit                                 ./utilities/fsl_debug_console.o
DbgConsole_Getchar                                ./utilities/fsl_debug_console.o
DbgConsole_Init                                   ./utilities/fsl_debug_console.o
                                                  ./board/board.o
DbgConsole_Printf                                 ./utilities/fsl_debug_console.o
DbgConsole_Putchar                                ./utilities/fsl_debug_console.o
DbgConsole_Scanf                                  ./utilities/fsl_debug_console.o
DbgConsole_Vprintf                                ./utilities/fsl_debug_console.o
DisableDeepSleepIRQ                               ./drivers/fsl_power.o
EnableDeepSleepIRQ                                ./drivers/fsl_power.o
ExtClockIn                                        ./board/board.o
FLASH_DriverIRQHandler                            ./startup/startup_lpc845.o
FLASH_IRQHandler                                  ./startup/startup_lpc845.o
GPIO_PinInit                                      ./drivers/fsl_gpio.o
                                                  ./board/pin_mux.o
GPIO_PortInit                                     ./drivers/fsl_gpio.o
HAL_UartDeinit                                    ./component/uart/fsl_adapter_miniusart.o
                                                  ./utilities/fsl_debug_console.o
HAL_UartEnterLowpower                             ./component/uart/fsl_adapter_miniusart.o
HAL_UartExitLowpower                              ./component/uart/fsl_adapter_miniusart.o
HAL_UartInit                                      ./component/uart/fsl_adapter_miniusart.o
                                                  ./utilities/fsl_debug_console.o
HAL_UartReceiveBlocking                           ./component/uart/fsl_adapter_miniusart.o
                                                  ./utilities/fsl_debug_console.o
HAL_UartSendBlocking                              ./component/uart/fsl_adapter_miniusart.o
                                                  ./utilities/fsl_debug_console.o
HardFault_Handler                                 ./source/semihost_hardfault.o