C:\Users\Damian - PC\Documents\MCUXpressoIDE_11.6.1_8255\workspace\RLC_MeterV2\CMSIS/core_cm0plus.h:741:22:__NVIC_EnableIRQ	16	static
../drivers/fsl_clock.h:558:20:CLOCK_EnableClock	16	static
../drivers/fsl_clock.h:569:20:CLOCK_DisableClock	16	static
../drivers/fsl_common_arm.h:499:24:EnableIRQ	24	static
../drivers/fsl_usart.h:361:24:USART_GetStatusFlags	16	static
../drivers/fsl_usart.h:402:20:USART_EnableInterrupts	16	static
../drivers/fsl_usart.h:420:20:USART_DisableInterrupts	16	static
../drivers/fsl_usart.h:452:20:USART_EnableContinuousSCLK	16	static
../drivers/fsl_usart.h:511:20:USART_EnableTx	16	static
../drivers/fsl_usart.h:533:20:USART_EnableRx	16	static
../drivers/fsl_usart.c:65:10:USART_GetInstance	24	static
../drivers/fsl_usart.c:88:8:USART_TransferGetRxRingBufferLength	24	static
../drivers/fsl_usart.c:108:13:USART_TransferIsRxRingBufferFull	24	static
../drivers/fsl_usart.c:143:6:USART_TransferStartRingBuffer	24	static
../drivers/fsl_usart.c:169:6:USART_TransferStopRingBuffer	16	static
../drivers/fsl_usart.c:209:10:USART_Init	32	static
../drivers/fsl_usart.c:269:6:USART_Deinit	16	static
../drivers/fsl_usart.c:302:6:USART_GetDefaultConfig	16	static
../drivers/fsl_usart.c:340:10:USART_SetBaudRate	56	static
../drivers/fsl_usart.c:426:10:USART_WriteBlocking	24	static
../drivers/fsl_usart.c:487:10:USART_ReadBlocking	32	static
../drivers/fsl_usart.c:563:10:USART_TransferCreateHandle	32	static
../drivers/fsl_usart.c:611:10:USART_TransferSendNonBlocking	24	static
../drivers/fsl_usart.c:646:6:USART_TransferAbortSend	16	static
../drivers/fsl_usart.c:670:10:USART_TransferGetSendCount	32	static
../drivers/fsl_usart.c:716:10:USART_TransferReceiveNonBlocking	56	static
../drivers/fsl_usart.c:826:6:USART_TransferAbortReceive	16	static
../drivers/fsl_usart.c:853:10:USART_TransferGetReceiveCount	32	static
../drivers/fsl_usart.c:879:6:USART_TransferHandleIRQ	40	static
../drivers/fsl_usart.c:986:6:USART0_DriverIRQHandler	8	static
../drivers/fsl_usart.c:994:6:USART1_DriverIRQHandler	8	static
../drivers/fsl_usart.c:1002:6:USART2_DriverIRQHandler	8	static
../drivers/fsl_usart.c:1010:6:PIN_INT6_USART3_DriverIRQHandler	8	static
../drivers/fsl_usart.c:1018:6:PIN_INT7_USART4_DriverIRQHandler	8	static
