C:\Users\Damian - PC\Documents\MCUXpressoIDE_11.6.1_8255\workspace\RLC_MeterV2\CMSIS/core_cm0plus.h:741:22:__NVIC_EnableIRQ	16	static
C:\Users\Damian - PC\Documents\MCUXpressoIDE_11.6.1_8255\workspace\RLC_MeterV2\CMSIS/core_cm0plus.h:779:22:__NVIC_DisableIRQ	16	static
../drivers/fsl_clock.h:558:20:CLOCK_EnableClock	16	static
../drivers/fsl_clock.h:569:20:CLOCK_DisableClock	16	static
../drivers/fsl_common_arm.h:499:24:EnableIRQ	24	static
../drivers/fsl_common_arm.h:543:24:DisableIRQ	24	static
../drivers/fsl_ctimer.h:468:24:CTIMER_GetStatusFlags	16	static
../drivers/fsl_ctimer.h:480:20:CTIMER_ClearStatusFlags	16	static
../drivers/fsl_ctimer.c:71:17:CTIMER_GetInstance	24	static
../drivers/fsl_ctimer.c:98:6:CTIMER_Init	16	static
../drivers/fsl_ctimer.c:127:6:CTIMER_Deinit	24	static
../drivers/fsl_ctimer.c:153:6:CTIMER_GetDefaultConfig	16	static
../drivers/fsl_ctimer.c:190:10:CTIMER_SetupPwm	48	static
../drivers/fsl_ctimer.c:280:10:CTIMER_SetupPwmPeriod	40	static
../drivers/fsl_ctimer.c:347:6:CTIMER_UpdatePwmDutycycle	32	static
../drivers/fsl_ctimer.c:380:6:CTIMER_SetupMatch	40	static
../drivers/fsl_ctimer.c:433:10:CTIMER_GetOutputMatchStatus	16	static
../drivers/fsl_ctimer.c:448:6:CTIMER_SetupCapture	32	static
../drivers/fsl_ctimer.c:480:6:CTIMER_RegisterCallBack	32	static
../drivers/fsl_ctimer.c:492:13:CTIMER_GenericIRQHandler	32	static
../drivers/fsl_ctimer.c:536:6:CTIMER0_DriverIRQHandler	8	static
