Archive member included to satisfy reference by file (symbol)

d:/nxp/mcuxpressoide_11.6.1_8255/ide/plugins/com.nxp.mcuxpresso.tools.win32_11.6.1.202207200623/tools/bin/../lib/gcc/arm-none-eabi/10.3.1/../../../../arm-none-eabi/lib/thumb/v6-m/nofp\libcr_nohost_nf.a(_cr__main.o)
                              ./startup/startup_lpc845.o (__main)
d:/nxp/mcuxpressoide_11.6.1_8255/ide/plugins/com.nxp.mcuxpresso.tools.win32_11.6.1.202207200623/tools/bin/../lib/gcc/arm-none-eabi/10.3.1/../../../../arm-none-eabi/lib/thumb/v6-m/nofp\libcr_c.a(memcpy.o)
                              ./utilities/fsl_debug_console.o (memcpy)
d:/nxp/mcuxpressoide_11.6.1_8255/ide/plugins/com.nxp.mcuxpresso.tools.win32_11.6.1.202207200623/tools/bin/../lib/gcc/arm-none-eabi/10.3.1/../../../../arm-none-eabi/lib/thumb/v6-m/nofp\libcr_c.a(memset.o)
                              ./drivers/fsl_adc.o (memset)
d:/nxp/mcuxpressoide_11.6.1_8255/ide/plugins/com.nxp.mcuxpresso.tools.win32_11.6.1.202207200623/tools/bin/../lib/gcc/arm-none-eabi/10.3.1/../../../../arm-none-eabi/lib/thumb/v6-m/nofp\libcr_c.a(alloc.o)
                              ./drivers/fsl_common.o (malloc)
d:/nxp/mcuxpressoide_11.6.1_8255/ide/plugins/com.nxp.mcuxpresso.tools.win32_11.6.1.202207200623/tools/bin/../lib/gcc/arm-none-eabi/10.3.1/../../../../arm-none-eabi/lib/thumb/v6-m/nofp\libcr_c.a(initio.o)
                              d:/nxp/mcuxpressoide_11.6.1_8255/ide/plugins/com.nxp.mcuxpresso.tools.win32_11.6.1.202207200623/tools/bin/../lib/gcc/arm-none-eabi/10.3.1/../../../../arm-none-eabi/lib/thumb/v6-m/nofp\libcr_nohost_nf.a(_cr__main.o) (_initio)
d:/nxp/mcuxpressoide_11.6.1_8255/ide/plugins/com.nxp.mcuxpresso.tools.win32_11.6.1.202207200623/tools/bin/../lib/gcc/arm-none-eabi/10.3.1/../../../../arm-none-eabi/lib/thumb/v6-m/nofp\libcr_c.a(setvbuf.o)
                              d:/nxp/mcuxpressoide_11.6.1_8255/ide/plugins/com.nxp.mcuxpresso.tools.win32_11.6.1.202207200623/tools/bin/../lib/gcc/arm-none-eabi/10.3.1/../../../../arm-none-eabi/lib/thumb/v6-m/nofp\libcr_c.a(initio.o) (setvbuf)
d:/nxp/mcuxpressoide_11.6.1_8255/ide/plugins/com.nxp.mcuxpresso.tools.win32_11.6.1.202207200623/tools/bin/../lib/gcc/arm-none-eabi/10.3.1/../../../../arm-none-eabi/lib/thumb/v6-m/nofp\libcr_c.a(strlen.o)
                              ./utilities/fsl_debug_console.o (strlen)
d:/nxp/mcuxpressoide_11.6.1_8255/ide/plugins/com.nxp.mcuxpresso.tools.win32_11.6.1.202207200623/tools/bin/../lib/gcc/arm-none-eabi/10.3.1/../../../../arm-none-eabi/lib/thumb/v6-m/nofp\libcr_c.a(__init_alloc.o)
                              d:/nxp/mcuxpressoide_11.6.1_8255/ide/plugins/com.nxp.mcuxpresso.tools.win32_11.6.1.202207200623/tools/bin/../lib/gcc/arm-none-eabi/10.3.1/../../../../arm-none-eabi/lib/thumb/v6-m/nofp\libcr_c.a(alloc.o) (__heaps)
d:/nxp/mcuxpressoide_11.6.1_8255/ide/plugins/com.nxp.mcuxpresso.tools.win32_11.6.1.202207200623/tools/bin/../lib/gcc/arm-none-eabi/10.3.1/../../../../arm-none-eabi/lib/thumb/v6-m/nofp\libcr_c.a(_cr_sbrk.o)
                              d:/nxp/mcuxpressoide_11.6.1_8255/ide/plugins/com.nxp.mcuxpresso.tools.win32_11.6.1.202207200623/tools/bin/../lib/gcc/arm-none-eabi/10.3.1/../../../../arm-none-eabi/lib/thumb/v6-m/nofp\libcr_c.a(alloc.o) (_sbrk)
d:/nxp/mcuxpressoide_11.6.1_8255/ide/plugins/com.nxp.mcuxpresso.tools.win32_11.6.1.202207200623/tools/bin/../lib/gcc/arm-none-eabi/10.3.1/../../../../arm-none-eabi/lib/thumb/v6-m/nofp\libcr_c.a(_fdopen.o)
                              d:/nxp/mcuxpressoide_11.6.1_8255/ide/plugins/com.nxp.mcuxpresso.tools.win32_11.6.1.202207200623/tools/bin/../lib/gcc/arm-none-eabi/10.3.1/../../../../arm-none-eabi/lib/thumb/v6-m/nofp\libcr_c.a(initio.o) (_fdopen)
d:/nxp/mcuxpressoide_11.6.1_8255/ide/plugins/com.nxp.mcuxpresso.tools.win32_11.6.1.202207200623/tools/bin/../lib/gcc/arm-none-eabi/10.3.1/../../../../arm-none-eabi/lib/thumb/v6-m/nofp\libcr_c.a(errno.o)
                              d:/nxp/mcuxpressoide_11.6.1_8255/ide/plugins/com.nxp.mcuxpresso.tools.win32_11.6.1.202207200623/tools/bin/../lib/gcc/arm-none-eabi/10.3.1/../../../../arm-none-eabi/lib/thumb/v6-m/nofp\libcr_c.a(_cr_sbrk.o) (errno)
d:/nxp/mcuxpressoide_11.6.1_8255/ide/plugins/com.nxp.mcuxpresso.tools.win32_11.6.1.202207200623/tools/bin/../lib/gcc/arm-none-eabi/10.3.1/../../../../arm-none-eabi/lib/thumb/v6-m/nofp\libcr_c.a(fclose.o)
                              d:/nxp/mcuxpressoide_11.6.1_8255/ide/plugins/com.nxp.mcuxpresso.tools.win32_11.6.1.202207200623/tools/bin/../lib/gcc/arm-none-eabi/10.3.1/../../../../arm-none-eabi/lib/thumb/v6-m/nofp\libcr_c.a(initio.o) (fclose)
d:/nxp/mcuxpressoide_11.6.1_8255/ide/plugins/com.nxp.mcuxpresso.tools.win32_11.6.1.202207200623/tools/bin/../lib/gcc/arm-none-eabi/10.3.1/../../../../arm-none-eabi/lib/thumb/v6-m/nofp\libcr_c.a(fflush.o)
[...]
Memory Configuration

Name             Origin             Length             Attributes
PROGRAM_FLASH    0x00000000         0x00010000         xr
SRAM             0x10000000         0x00003fe0         xrw
IAP_SRAM         0x10003fe0         0x00000020         xrw
*default*        0x00000000         0xffffffff

Linker script and memory map

LOAD ./utilities/fsl_assert.o
LOAD ./utilities/fsl_debug_console.o
LOAD ./startup/startup_lpc845.o
LOAD ./source/ADC_DMA_test.o
LOAD ./source/mtb.o
LOAD ./source/semihost_hardfault.o
LOAD ./drivers/fsl_adc.o
LOAD ./drivers/fsl_clock.o
LOAD ./drivers/fsl_common.o
LOAD ./drivers/fsl_common_arm.o
LOAD ./drivers/fsl_dma.o
LOAD ./drivers/fsl_gpio.o
LOAD ./drivers/fsl_inputmux.o
LOAD ./drivers/fsl_power.o
LOAD ./drivers/fsl_reset.o
LOAD ./drivers/fsl_swm.o
LOAD ./drivers/fsl_usart.o
LOAD ./device/system_LPC845.o
LOAD ./component/uart/fsl_adapter_miniusart.o
LOAD ./board/board.o
LOAD ./board/clock_config.o
LOAD ./board/peripherals.o
LOAD ./board/pin_mux.o
START GROUP
LOAD d:/nxp/mcuxpressoide_11.6.1_8255/ide/plugins/com.nxp.mcuxpresso.tools.win32_11.6.1.202207200623/tools/bin/../lib/gcc/arm-none-eabi/10.3.1/../../../../arm-none-eabi/lib/thumb/v6-m/nofp\libcr_nohost_nf.a
LOAD d:/nxp/mcuxpressoide_11.6.1_8255/ide/plugins/com.nxp.mcuxpresso.tools.win32_11.6.1.202207200623/tools/bin/../lib/gcc/arm-none-eabi/10.3.1/../../../../arm-none-eabi/lib/thumb/v6-m/nofp\libcr_c.a
LOAD d:/nxp/mcuxpressoide_11.6.1_8255/ide/plugins/com.nxp.mcuxpresso.tools.win32_11.6.1.202207200623/tools/bin/../lib/gcc/arm-none-eabi/10.3.1/thumb/v6-m/nofp\libcr_eabihelpers.a
LOAD d:/nxp/mcuxpressoide_11.6.1_8255/ide/plugins/com.nxp.mcuxpresso.tools.win32_11.6.1.202207200623/tools/bin/../lib/gcc/arm-none-eabi/10.3.1/thumb/v6-m/nofp\libgcc.a
END GROUP
                0x00000000                __base_PROGRAM_FLASH = 0x0
                0x00000000                __base_Flash = 0x0
                0x00010000                __top_PROGRAM_FLASH = 0x10000
                0x00010000                __top_Flash = 0x10000
                0x10000000                __base_SRAM = 0x10000000
                0x10000000                __base_RAM = 0x10000000
                0x10003fe0                __top_SRAM = 0x10003fe0
                0x10003fe0                __top_RAM = 0x10003fe0
                0x10003fe0                __base_IAP_SRAM = 0x10003fe0
                0x10003fe0                __base_RAM2 = 0x10003fe0
                0x10004000                __top_IAP_SRAM = 0x10004000
                0x10004000                __top_RAM2 = 0x10004000

.text           0x00000000     0x3b50
 FILL mask 0xff
                0x00000000                __vectors_start__ = ABSOLUTE (.)
 *(SORT_BY_ALIGNMENT(.isr_vector))
 .isr_vector    0x00000000       0xc0 ./startup/startup_lpc845.o
                0x00000000                g_pfnVectors
                0x00000000                __Vectors
                0x000000c0                . = ALIGN (0x4)
                0x000000c0                __section_table_start = .
                0x000000c0                __data_section_table = .
                0x000000c0        0x4 LONG 0x3b50 LOADADDR (.data)
                0x000000c4        0x4 LONG 0x10000080 ADDR (.data)
                0x000000c8        0x4 LONG 0x18 SIZEOF (.data)
                0x000000cc        0x4 LONG 0x3b50 LOADADDR (.data_RAM2)
                0x000000d0        0x4 LONG 0x10003fe0 ADDR (.data_RAM2)
                0x000000d4        0x4 LONG 0x0 SIZEOF (.data_RAM2)
                0x000000d8                __data_section_table_end = .
                0x000000d8                __bss_section_table = .
                0x000000d8        0x4 LONG 0x10000200 ADDR (.bss)
                0x000000dc        0x4 LONG 0x314 SIZEOF (.bss)
                0x000000e0        0x4 LONG 0x10003fe0 ADDR (.bss_RAM2)
                0x000000e4        0x4 LONG 0x0 SIZEOF (.bss_RAM2)
                0x000000e8                __bss_section_table_end = .
                0x000000e8                __section_table_end = .
 *(SORT_BY_ALIGNMENT(.after_vectors*))
 .after_vectors.reset
                0x000000e8       0x54 ./startup/startup_lpc845.o
                0x000000e8                ResetISR
 .after_vectors.init_data
                0x0000013c       0x12 ./startup/startup_lpc845.o
                0x0000013c                data_init
 .after_vectors.init_bss
                0x0000014e       0x10 ./startup/startup_lpc845.o
                0x0000014e                bss_init
 .after_vectors
                0x0000015e      0x10c ./startup/startup_lpc845.o
                0x0000015e                NMI_Handler
                0x00000162                SVC_Handler
                0x00000164                PendSV_Handler
                0x00000166                SysTick_Handler
                0x00000168                I2C0_DriverIRQHandler
                0x00000168                BOD_DriverIRQHandler
                0x00000168                SCT0_DriverIRQHandler
                0x00000168                SPI1_DriverIRQHandler
                0x00000168                ADC0_OVR_DriverIRQHandler
                0x00000168                I2C1_DriverIRQHandler
                0x00000168                I2C3_DriverIRQHandler
                0x00000168                PIN_INT1_DriverIRQHandler
                0x00000168                PIN_INT3_DriverIRQHandler
                0x00000168                PIN_INT5_DAC1_DriverIRQHandler
                0x00000168                PIN_INT2_DriverIRQHandler
                0x00000168                WDT_DriverIRQHandler
                0x00000168                I2C2_DriverIRQHandler
                0x00000168                PIN_INT0_DriverIRQHandler
                0x00000168                CTIMER0_DriverIRQHandler
                0x00000168                ADC0_SEQB_DriverIRQHandler
                0x00000168                IntDefaultHandler
                0x00000168                FLASH_DriverIRQHandler
                0x00000168                WKT_DriverIRQHandler
                0x00000168                DAC0_DriverIRQHandler
                0x00000168                MRT0_DriverIRQHandler
                0x00000168                PIN_INT4_DriverIRQHandler
                0x00000168                SPI0_DriverIRQHandler
                0x00000168                CMP_CAPT_DriverIRQHandler
                0x00000168                ADC0_THCMP_DriverIRQHandler
                0x00000168                ADC0_SEQA_DriverIRQHandler
                0x00000168                Reserved22_DriverIRQHandler
                0x0000016a                SPI0_IRQHandler
                0x00000172                SPI1_IRQHandler
                0x0000017a                DAC0_IRQHandler
                0x00000182                USART0_IRQHandler
                0x0000018a                USART1_IRQHandler
                0x00000192                USART2_IRQHandler
                0x0000019a                Reserved22_IRQHandler
                0x000001a2                I2C1_IRQHandler
                0x000001aa                I2C0_IRQHandler
                0x000001b2                SCT0_IRQHandler
                0x000001ba                MRT0_IRQHandler
                0x000001c2                CMP_CAPT_IRQHandler
                0x000001ca                WDT_IRQHandler
                0x000001d2                BOD_IRQHandler
                0x000001da                FLASH_IRQHandler
                0x000001e2                WKT_IRQHandler
                0x000001ea                ADC0_SEQA_IRQHandler
                0x000001f2                ADC0_SEQB_IRQHandler
                0x000001fa                ADC0_THCMP_IRQHandler
                0x00000202                ADC0_OVR_IRQHandler
                0x0000020a                DMA0_IRQHandler
                0x00000212                I2C2_IRQHandler
                0x0000021a                I2C3_IRQHandler
                0x00000222                CTIMER0_IRQHandler
                0x0000022a                PIN_INT0_IRQHandler
                0x00000232                PIN_INT1_IRQHandler
                0x0000023a                PIN_INT2_IRQHandler
                0x00000242                PIN_INT3_IRQHandler
                0x0000024a                PIN_INT4_IRQHandler
                0x00000252                PIN_INT5_DAC1_IRQHandler
                0x0000025a                PIN_INT6_USART3_IRQHandler
                0x00000262                PIN_INT7_USART4_IRQHandler
                0x000002fc                . = 0x2fc
 *fill*         0x0000026a       0x92 ff
                0x000002fc                PROVIDE (__CRP_WORD_START__ = .)
 *(SORT_BY_ALIGNMENT(.crp))
 .crp           0x000002fc        0x4 ./startup/startup_lpc845.o
                0x000002fc                CRP_WORD
                0x00000300                PROVIDE (__CRP_WORD_END__ = .)
                0x00000001                ASSERT (! ((__CRP_WORD_START__ == __CRP_WORD_END__)), Linker CRP Enabled, but no CRP_WORD provided within application)
 *(SORT_BY_ALIGNMENT(.text*))
 .text.__assertion_failed
                0x00000300       0x1c ./utilities/fsl_assert.o
                0x00000300                __assertion_failed
 .text.DbgConsole_Init
                0x0000031c       0x9c ./utilities/fsl_debug_console.o
                0x0000031c                DbgConsole_Init
 .text.DbgConsole_Vprintf
                0x000003b8       0x40 ./utilities/fsl_debug_console.o
                0x000003b8                DbgConsole_Vprintf
 .text.DbgConsole_Putchar
                0x000003f8       0x30 ./utilities/fsl_debug_console.o
                0x000003f8                DbgConsole_Putchar
 .text.__NVIC_EnableIRQ
                0x00000428       0x34 ./source/ADC_DMA_test.o
 .text.ADC_EnableConvSeqABurstMode
                0x0000045c       0x40 ./source/ADC_DMA_test.o
 .text.POWER_DisablePD
                0x0000049c       0x2c ./source/ADC_DMA_test.o
 .text.DMA0_CH0_Callback
                0x000004c8       0x3c ./source/ADC_DMA_test.o
                0x000004c8                DMA0_CH0_Callback
 .text.main     0x00000504       0x70 ./source/ADC_DMA_test.o
                0x00000504                main
 .text.HardFault_Handler
                0x00000574       0x30 ./source/semihost_hardfault.o
                0x00000574                HardFault_Handler
 .text.CLOCK_EnableClock
                0x000005a4       0x54 ./drivers/fsl_adc.o
 .text.ADC_GetInstance
                0x000005f8       0x48 ./drivers/fsl_adc.o
 .text.ADC_Init
                0x00000640       0x98 ./drivers/fsl_adc.o
                0x00000640                ADC_Init
 .text.ADC_DoSelfCalibration
                0x000006d8       0xb4 ./drivers/fsl_adc.o
                0x000006d8                ADC_DoSelfCalibration
 .text.ADC_SetConvSeqAConfig
                0x0000078c       0x94 ./drivers/fsl_adc.o
                0x0000078c                ADC_SetConvSeqAConfig
 .text.CLOCK_GetSystemPLLFreq
                0x00000820       0x20 ./drivers/fsl_clock.o
 .text.CLOCK_GetWdtOscFreq
                0x00000840       0x14 ./drivers/fsl_clock.o
 .text.CLOCK_GetExtClkFreq
                0x00000854       0x14 ./drivers/fsl_clock.o
 .text.CLOCK_UpdateClkSrc
                0x00000868       0x4c ./drivers/fsl_clock.o
 .text.CLOCK_GetMainClkFreq
                0x000008b4       0x78 ./drivers/fsl_clock.o
                0x000008b4                CLOCK_GetMainClkFreq
 .text.CLOCK_GetFroFreq
                0x0000092c       0x78 ./drivers/fsl_clock.o
                0x0000092c                CLOCK_GetFroFreq
 .text.CLOCK_GetSystemPLLInClockRate
                0x000009a4       0x64 ./drivers/fsl_clock.o
                0x000009a4                CLOCK_GetSystemPLLInClockRate
 .text.CLOCK_SetMainClkSrc
                0x00000a08       0x9c ./drivers/fsl_clock.o
                0x00000a08                CLOCK_SetMainClkSrc
 .text.CLOCK_SetFroOutClkSrc
                0x00000aa4       0x48 ./drivers/fsl_clock.o
                0x00000aa4                CLOCK_SetFroOutClkSrc
 .text.SDK_DelayAtLeastUs
                0x00000aec       0x78 ./drivers/fsl_common_arm.o
                0x00000aec                SDK_DelayAtLeastUs
 .text.__NVIC_EnableIRQ
                0x00000b64       0x34 ./drivers/fsl_dma.o
 .text.CLOCK_EnableClock
                0x00000b98       0x54 ./drivers/fsl_dma.o
 .text.DMA_EnableChannelInterrupts
                0x00000bec       0x5c ./drivers/fsl_dma.o
 .text.DMA_GetInstance
                0x00000c48       0x48 ./drivers/fsl_dma.o
 .text.DMA_Init
                0x00000c90       0x5c ./drivers/fsl_dma.o
                0x00000c90                DMA_Init
 .text.DMA_CreateHandle
                0x00000cec       0x8c ./drivers/fsl_dma.o
                0x00000cec                DMA_CreateHandle
 .text.DMA_SetCallback
                0x00000d78       0x34 ./drivers/fsl_dma.o
                0x00000d78                DMA_SetCallback
 .text.DMA_SetChannelConfig
                0x00000dac       0x88 ./drivers/fsl_dma.o
                0x00000dac                DMA_SetChannelConfig
 .text.DMA_LoadChannelDescriptor
                0x00000e34       0x8c ./drivers/fsl_dma.o
                0x00000e34                DMA_LoadChannelDescriptor
 .text.DMA_SubmitChannelDescriptor
                0x00000ec0       0x3c ./drivers/fsl_dma.o
                0x00000ec0                DMA_SubmitChannelDescriptor
 .text.DMA_IRQHandle
                0x00000efc      0x1f0 ./drivers/fsl_dma.o
                0x00000efc                DMA_IRQHandle
 .text.DMA0_DriverIRQHandler
                0x000010ec       0x18 ./drivers/fsl_dma.o
                0x000010ec                DMA0_DriverIRQHandler
 .text.CLOCK_EnableClock
                0x00001104       0x54 ./drivers/fsl_gpio.o
 .text.GPIO_EnablePortClock
                0x00001158       0x38 ./drivers/fsl_gpio.o
 .text.CLOCK_EnableClock
                0x00001190       0x54 ./drivers/fsl_inputmux.o
 .text.RESET_SetPeripheralReset
                0x000011e4       0x70 ./drivers/fsl_reset.o
 .text.RESET_ClearPeripheralReset
                0x00001254       0x6c ./drivers/fsl_reset.o
 .text.SWM_SetMovablePinSelect
                0x000012c0       0x98 ./drivers/fsl_swm.o
                0x000012c0                SWM_SetMovablePinSelect
 .text.SWM_SetFixedPinSelect
                0x00001358       0xa0 ./drivers/fsl_swm.o
                0x00001358                SWM_SetFixedPinSelect
 .text.CLOCK_EnableClock
                0x000013f8       0x54 ./drivers/fsl_usart.o
 .text.USART_EnableContinuousSCLK
                0x0000144c       0x40 ./drivers/fsl_usart.o
 .text.USART_GetInstance
                0x0000148c       0x4c ./drivers/fsl_usart.o
                0x0000148c                USART_GetInstance
 .text.USART_Init
                0x000014d8      0x12c ./drivers/fsl_usart.o
                0x000014d8                USART_Init
 .text.USART_GetDefaultConfig
                0x00001604       0x74 ./drivers/fsl_usart.o
                0x00001604                USART_GetDefaultConfig
 .text.USART_SetBaudRate
                0x00001678      0x148 ./drivers/fsl_usart.o
                0x00001678                USART_SetBaudRate
 .text.USART_WriteBlocking
                0x000017c0       0x64 ./drivers/fsl_usart.o
                0x000017c0                USART_WriteBlocking
 .text.USART_ReadBlocking
                0x00001824       0xc0 ./drivers/fsl_usart.o
                0x00001824                USART_ReadBlocking
 .text.USART0_DriverIRQHandler
                0x000018e4       0x24 ./drivers/fsl_usart.o
                0x000018e4                USART0_DriverIRQHandler
 .text.USART1_DriverIRQHandler
                0x00001908       0x24 ./drivers/fsl_usart.o
                0x00001908                USART1_DriverIRQHandler
 .text.USART2_DriverIRQHandler
                0x0000192c       0x24 ./drivers/fsl_usart.o
                0x0000192c                USART2_DriverIRQHandler
 .text.PIN_INT6_USART3_DriverIRQHandler
                0x00001950       0x24 ./drivers/fsl_usart.o
                0x00001950                PIN_INT6_USART3_DriverIRQHandler
 .text.PIN_INT7_USART4_DriverIRQHandler
                0x00001974       0x24 ./drivers/fsl_usart.o
                0x00001974                PIN_INT7_USART4_DriverIRQHandler
 .text.SystemInit
                0x00001998       0x3c ./device/system_LPC845.o
                0x00001998                SystemInit
 .text.HAL_UartGetStatus
                0x000019d4       0x20 ./component/uart/fsl_adapter_miniusart.o
 .text.HAL_UartInit
                0x000019f4      0x11c ./component/uart/fsl_adapter_miniusart.o
                0x000019f4                HAL_UartInit
 .text.HAL_UartReceiveBlocking
                0x00001b10       0x78 ./component/uart/fsl_adapter_miniusart.o
                0x00001b10                HAL_UartReceiveBlocking
 .text.HAL_UartSendBlocking
                0x00001b88       0x6c ./component/uart/fsl_adapter_miniusart.o
                0x00001b88                HAL_UartSendBlocking
 .text.CLOCK_Select
                0x00001bf4       0x38 ./board/board.o
 .text.BOARD_InitDebugConsole
                0x00001c2c       0x4c ./board/board.o
                0x00001c2c                BOARD_InitDebugConsole
 .text.CLOCK_Select
                0x00001c78       0x38 ./board/clock_config.o
 .text.CLOCK_SetClkDivider
                0x00001cb0       0x30 ./board/clock_config.o
 .text.CLOCK_SetCoreSysClkDiv
                0x00001ce0       0x3c ./board/clock_config.o
 .text.CLOCK_SetFroOscFreq
                0x00001d1c       0x24 ./board/clock_config.o
 .text.POWER_DisablePD
                0x00001d40       0x2c ./board/clock_config.o
 .text.BOARD_BootClockFRO18M
                0x00001d6c       0x68 ./board/clock_config.o
                0x00001d6c                BOARD_BootClockFRO18M
 .text.DMA_EnableChannel
                0x00001dd4       0x5c ./board/peripherals.o
 .text.DMA0_init
                0x00001e30       0x58 ./board/peripherals.o
 .text.ADC0_init
                0x00001e88       0x6c ./board/peripherals.o
 .text.BOARD_InitPeripherals
                0x00001ef4       0x20 ./board/peripherals.o
                0x00001ef4                BOARD_InitPeripherals
 .text.CLOCK_EnableClock
                0x00001f14       0x54 ./board/pin_mux.o
 .text.CLOCK_DisableClock
                0x00001f68       0x58 ./board/pin_mux.o
 .text.BOARD_InitPins
                0x00001fc0       0x5c ./board/pin_mux.o
                0x00001fc0                BOARD_InitPins
 .text.BOARD_InitLEDsPins
                0x0000201c       0x9c ./board/pin_mux.o
                0x0000201c                BOARD_InitLEDsPins
 .text.BOARD_InitDEBUG_UARTPins
                0x000020b8       0x60 ./board/pin_mux.o
                0x000020b8                BOARD_InitDEBUG_UARTPins
 .text.BOARD_InitSWD_DEBUGPins
                0x00002118       0x80 ./board/pin_mux.o
                0x00002118                BOARD_InitSWD_DEBUGPins
 .text.BOARD_InitBUTTONsPins
                0x00002198       0x50 ./board/pin_mux.o
                0x00002198                BOARD_InitBUTTONsPins
 .text.BOARD_InitCAPTPins
                0x000021e8       0xa4 ./board/pin_mux.o
                0x000021e8                BOARD_InitCAPTPins
 .text._initio  0x0000228c       0x7c d:/nxp/mcuxpressoide_11.6.1_8255/ide/plugins/com.nxp.mcuxpresso.tools.win32_11.6.1.202207200623/tools/bin/../lib/gcc/arm-none-eabi/10.3.1/../../../../arm-none-eabi/lib/thumb/v6-m/nofp\libcr_c.a(initio.o)
                0x0000228c                _initio
 .text.setvbuf  0x00002308       0x4c d:/nxp/mcuxpressoide_11.6.1_8255/ide/plugins/com.nxp.mcuxpresso.tools.win32_11.6.1.202207200623/tools/bin/../lib/gcc/arm-none-eabi/10.3.1/../../../../arm-none-eabi/lib/thumb/v6-m/nofp\libcr_c.a(setvbuf.o)
                0x00002308                setvbuf
 .text.strlen   0x00002354       0x58 d:/nxp/mcuxpressoide_11.6.1_8255/ide/plugins/com.nxp.mcuxpresso.tools.win32_11.6.1.202207200623/tools/bin/../lib/gcc/arm-none-eabi/10.3.1/../../../../arm-none-eabi/lib/thumb/v6-m/nofp\libcr_c.a(strlen.o)
                0x00002354                strlen
 .text._fdopen  0x000023ac       0x74 d:/nxp/mcuxpressoide_11.6.1_8255/ide/plugins/com.nxp.mcuxpresso.tools.win32_11.6.1.202207200623/tools/bin/../lib/gcc/arm-none-eabi/10.3.1/../../../../arm-none-eabi/lib/thumb/v6-m/nofp\libcr_c.a(_fdopen.o)
                0x000023ac                _fdopen
 .text.fclose   0x00002420       0x5c d:/nxp/mcuxpressoide_11.6.1_8255/ide/plugins/com.nxp.mcuxpresso.tools.win32_11.6.1.202207200623/tools/bin/../lib/gcc/arm-none-eabi/10.3.1/../../../../arm-none-eabi/lib/thumb/v6-m/nofp\libcr_c.a(fclose.o)
                0x00002420                fclose
 .text.fflush   0x0000247c       0x44 d:/nxp/mcuxpressoide_11.6.1_8255/ide/plugins/com.nxp.mcuxpresso.tools.win32_11.6.1.202207200623/tools/bin/../lib/gcc/arm-none-eabi/10.3.1/../../../../arm-none-eabi/lib/thumb/v6-m/nofp\libcr_c.a(fflush.o)
                0x0000247c                fflush
 .text.fseek    0x000024c0       0xf0 d:/nxp/mcuxpressoide_11.6.1_8255/ide/plugins/com.nxp.mcuxpresso.tools.win32_11.6.1.202207200623/tools/bin/../lib/gcc/arm-none-eabi/10.3.1/../../../../arm-none-eabi/lib/thumb/v6-m/nofp\libcr_c.a(fseek.o)
                0x000024c0                fseek
 .text.ftell    0x000025b0       0x48 d:/nxp/mcuxpressoide_11.6.1_8255/ide/plugins/com.nxp.mcuxpresso.tools.win32_11.6.1.202207200623/tools/bin/../lib/gcc/arm-none-eabi/10.3.1/../../../../arm-none-eabi/lib/thumb/v6-m/nofp\libcr_c.a(ftell.o)
                0x000025b0                ftell
 .text._do_fflush
                0x000025f8       0x48 d:/nxp/mcuxpressoide_11.6.1_8255/ide/plugins/com.nxp.mcuxpresso.tools.win32_11.6.1.202207200623/tools/bin/../lib/gcc/arm-none-eabi/10.3.1/../../../../arm-none-eabi/lib/thumb/v6-m/nofp\libcr_c.a(_do_fflush.o)
                0x000025f8                _do_fflush
 .text._fflush  0x00002640       0x60 d:/nxp/mcuxpressoide_11.6.1_8255/ide/plugins/com.nxp.mcuxpresso.tools.win32_11.6.1.202207200623/tools/bin/../lib/gcc/arm-none-eabi/10.3.1/../../../../arm-none-eabi/lib/thumb/v6-m/nofp\libcr_c.a(_fflush.o)
                0x00002640                _fflush
 .text._Cwritebuf
                0x000026a0       0x68 d:/nxp/mcuxpressoide_11.6.1_8255/ide/plugins/com.nxp.mcuxpresso.tools.win32_11.6.1.202207200623/tools/bin/../lib/gcc/arm-none-eabi/10.3.1/../../../../arm-none-eabi/lib/thumb/v6-m/nofp\libcr_c.a(_writebuf.o)
                0x000026a0                _Cwritebuf
 .text._deferredlazyseek
                0x00002708       0x40 d:/nxp/mcuxpressoide_11.6.1_8255/ide/plugins/com.nxp.mcuxpresso.tools.win32_11.6.1.202207200623/tools/bin/../lib/gcc/arm-none-eabi/10.3.1/../../../../arm-none-eabi/lib/thumb/v6-m/nofp\libcr_c.a(_deferredlazyseek.o)
                0x00002708                _deferredlazyseek
 .text.DbgConsole_Printf
                0x00002748       0x32 ./utilities/fsl_debug_console.o
                0x00002748                DbgConsole_Printf
 .text.DbgConsole_PrintfPaddingCharacter
                0x0000277a       0x48 ./utilities/fsl_debug_console.o
 .text.DbgConsole_ConvertRadixNumToString
                0x000027c2       0xc2 ./utilities/fsl_debug_console.o
 .text.DbgConsole_PrintfFormattedData
                0x00002884      0x3da ./utilities/fsl_debug_console.o
 .text.ADC_DoSoftwareTriggerConvSeqA
                0x00002c5e       0x1e ./source/ADC_DMA_test.o
 .text.ADC_ClearStatusFlags
                0x00002c7c       0x18 ./source/ADC_DMA_test.o
 .text.DelayLoop
                0x00002c94       0x1a ./drivers/fsl_common_arm.o
 .text.EnableIRQ
                0x00002cae       0x36 ./drivers/fsl_dma.o
 .text.DMA_GetVirtualStartChannel
                0x00002ce4       0x44 ./drivers/fsl_dma.o
 .text.GPIO_PinInit
                0x00002d28       0xc0 ./drivers/fsl_gpio.o
                0x00002d28                GPIO_PinInit
 .text.INPUTMUX_Init
                0x00002de8       0x1c ./drivers/fsl_inputmux.o
                0x00002de8                INPUTMUX_Init
 .text.INPUTMUX_AttachSignal
                0x00002e04       0x32 ./drivers/fsl_inputmux.o
                0x00002e04                INPUTMUX_AttachSignal
 .text.RESET_PeripheralReset
                0x00002e36       0x20 ./drivers/fsl_reset.o
                0x00002e36                RESET_PeripheralReset
 .text.USART_EnableTx
                0x00002e56       0x46 ./drivers/fsl_usart.o
 .text.USART_EnableRx
                0x00002e9c       0x44 ./drivers/fsl_usart.o
 .text.SystemInitHook
                0x00002ee0        0xa ./device/system_LPC845.o
                0x00002ee0                SystemInitHook
 .text.BOARD_InitBootClocks
                0x00002eea        0xe ./board/clock_config.o
                0x00002eea                BOARD_InitBootClocks
 .text.ADC_EnableConvSeqA
                0x00002ef8       0x3a ./board/peripherals.o
 .text.ADC_EnableInterrupts
                0x00002f32       0x22 ./board/peripherals.o
 .text.ADC_EnableThresholdCompareInterrupt
                0x00002f54       0x3e ./board/peripherals.o
 .text.BOARD_InitBootPeripherals
                0x00002f92        0xe ./board/peripherals.o
                0x00002f92                BOARD_InitBootPeripherals
 .text.IOCON_PinMuxSet
                0x00002fa0       0x26 ./board/pin_mux.o
 .text.BOARD_InitBootPins
                0x00002fc6       0x22 ./board/pin_mux.o
                0x00002fc6                BOARD_InitBootPins
 .text.__main   0x00002fe8        0xc d:/nxp/mcuxpressoide_11.6.1_8255/ide/plugins/com.nxp.mcuxpresso.tools.win32_11.6.1.202207200623/tools/bin/../lib/gcc/arm-none-eabi/10.3.1/../../../../arm-none-eabi/lib/thumb/v6-m/nofp\libcr_nohost_nf.a(_cr__main.o)
                0x00002fe8                __main
 .text.memcpy   0x00002ff4        0x8 d:/nxp/mcuxpressoide_11.6.1_8255/ide/plugins/com.nxp.mcuxpresso.tools.win32_11.6.1.202207200623/tools/bin/../lib/gcc/arm-none-eabi/10.3.1/../../../../arm-none-eabi/lib/thumb/v6-m/nofp\libcr_c.a(memcpy.o)
                0x00002ff4                memcpy
 .text.memset   0x00002ffc        0x8 d:/nxp/mcuxpressoide_11.6.1_8255/ide/plugins/com.nxp.mcuxpresso.tools.win32_11.6.1.202207200623/tools/bin/../lib/gcc/arm-none-eabi/10.3.1/../../../../arm-none-eabi/lib/thumb/v6-m/nofp\libcr_c.a(memset.o)
                0x00002ffc                memset
 .text.free     0x00003004       0x2c d:/nxp/mcuxpressoide_11.6.1_8255/ide/plugins/com.nxp.mcuxpresso.tools.win32_11.6.1.202207200623/tools/bin/../lib/gcc/arm-none-eabi/10.3.1/../../../../arm-none-eabi/lib/thumb/v6-m/nofp\libcr_c.a(alloc.o)
                0x00003004                free
 .text.remove   0x00003030       0x12 d:/nxp/mcuxpressoide_11.6.1_8255/ide/plugins/com.nxp.mcuxpresso.tools.win32_11.6.1.202207200623/tools/bin/../lib/gcc/arm-none-eabi/10.3.1/../../../../arm-none-eabi/lib/thumb/v6-m/nofp\libcr_c.a(remove.o)
                0x00003030                remove
 .text.__aeabi_division_idivmod
                0x00003042       0x78 d:/nxp/mcuxpressoide_11.6.1_8255/ide/plugins/com.nxp.mcuxpresso.tools.win32_11.6.1.202207200623/tools/bin/../lib/gcc/arm-none-eabi/10.3.1/thumb/v6-m/nofp\libcr_eabihelpers.a(division_32.o)
                0x00003042                __aeabi_idivmod
                0x00003042                __aeabi_idiv
                0x00003048                __aeabi_uidivmod
                0x00003048                __aeabi_uidiv
 .text.__aeabi_division_uldivmod
                0x000030ba       0x5a d:/nxp/mcuxpressoide_11.6.1_8255/ide/plugins/com.nxp.mcuxpresso.tools.win32_11.6.1.202207200623/tools/bin/../lib/gcc/arm-none-eabi/10.3.1/thumb/v6-m/nofp\libcr_eabihelpers.a(division_64.o)
                0x000030ba                __aeabi_uldivmod
 .text.__aeabi_division_idiv0
                0x00003114        0x2 d:/nxp/mcuxpressoide_11.6.1_8255/ide/plugins/com.nxp.mcuxpresso.tools.win32_11.6.1.202207200623/tools/bin/../lib/gcc/arm-none-eabi/10.3.1/thumb/v6-m/nofp\libcr_eabihelpers.a(division_idiv0.o)
                0x00003114                __aeabi_idiv0
 .text.__aeabi_llong_lmul
                0x00003116       0x2e d:/nxp/mcuxpressoide_11.6.1_8255/ide/plugins/com.nxp.mcuxpresso.tools.win32_11.6.1.202207200623/tools/bin/../lib/gcc/arm-none-eabi/10.3.1/thumb/v6-m/nofp\libcr_eabihelpers.a(llong.o)
                0x00003116                __aeabi_lmul
 .text.__aeabi_memcpy
                0x00003144       0x2c d:/nxp/mcuxpressoide_11.6.1_8255/ide/plugins/com.nxp.mcuxpresso.tools.win32_11.6.1.202207200623/tools/bin/../lib/gcc/arm-none-eabi/10.3.1/thumb/v6-m/nofp\libcr_eabihelpers.a(memcpy.o)
                0x00003144                __aeabi_memcpy4
                0x00003144                __aeabi_memcpy8
                0x00003144                __aeabi_memcpy
 .text.__aeabi_memset_lowlevel
                0x00003170       0x2a d:/nxp/mcuxpressoide_11.6.1_8255/ide/plugins/com.nxp.mcuxpresso.tools.win32_11.6.1.202207200623/tools/bin/../lib/gcc/arm-none-eabi/10.3.1/thumb/v6-m/nofp\libcr_eabihelpers.a(memcpy.o)
                0x00003170                __aeabi_lowlevel_memset
 .text.__sys_close
                0x0000319a        0x6 d:/nxp/mcuxpressoide_11.6.1_8255/ide/plugins/com.nxp.mcuxpresso.tools.win32_11.6.1.202207200623/tools/bin/../lib/gcc/arm-none-eabi/10.3.1/../../../../arm-none-eabi/lib/thumb/v6-m/nofp\libcr_nohost_nf.a(__sys_close.o)
                0x0000319a                __sys_close
 .text.__sys_flen
                0x000031a0        0x6 d:/nxp/mcuxpressoide_11.6.1_8255/ide/plugins/com.nxp.mcuxpresso.tools.win32_11.6.1.202207200623/tools/bin/../lib/gcc/arm-none-eabi/10.3.1/../../../../arm-none-eabi/lib/thumb/v6-m/nofp\libcr_nohost_nf.a(__sys_flen.o)
                0x000031a0                __sys_flen
 .text.__sys_istty
                0x000031a6        0x6 d:/nxp/mcuxpressoide_11.6.1_8255/ide/plugins/com.nxp.mcuxpresso.tools.win32_11.6.1.202207200623/tools/bin/../lib/gcc/arm-none-eabi/10.3.1/../../../../arm-none-eabi/lib/thumb/v6-m/nofp\libcr_nohost_nf.a(__sys_istty.o)
                0x000031a6                __sys_istty
 .text.__sys_remove
                0x000031ac        0x6 d:/nxp/mcuxpressoide_11.6.1_8255/ide/plugins/com.nxp.mcuxpresso.tools.win32_11.6.1.202207200623/tools/bin/../lib/gcc/arm-none-eabi/10.3.1/../../../../arm-none-eabi/lib/thumb/v6-m/nofp\libcr_nohost_nf.a(__sys_remove.o)
                0x000031ac                __sys_remove
 .text.__sys_seek
                0x000031b2        0x6 d:/nxp/mcuxpressoide_11.6.1_8255/ide/plugins/com.nxp.mcuxpresso.tools.win32_11.6.1.202207200623/tools/bin/../lib/gcc/arm-none-eabi/10.3.1/../../../../arm-none-eabi/lib/thumb/v6-m/nofp\libcr_nohost_nf.a(__sys_seek.o)
                0x000031b2                __sys_seek
 .text.__sys_tmpnam
                0x000031b8        0x6 d:/nxp/mcuxpressoide_11.6.1_8255/ide/plugins/com.nxp.mcuxpresso.tools.win32_11.6.1.202207200623/tools/bin/../lib/gcc/arm-none-eabi/10.3.1/../../../../arm-none-eabi/lib/thumb/v6-m/nofp\libcr_nohost_nf.a(__sys_tmpnam.o)
                0x000031b8                __sys_tmpnam
 .text.__sys_write
                0x000031be        0x4 d:/nxp/mcuxpressoide_11.6.1_8255/ide/plugins/com.nxp.mcuxpresso.tools.win32_11.6.1.202207200623/tools/bin/../lib/gcc/arm-none-eabi/10.3.1/../../../../arm-none-eabi/lib/thumb/v6-m/nofp\libcr_nohost_nf.a(__sys_write.o)
                0x000031be                __sys_write
 *(SORT_BY_ALIGNMENT(.rodata) SORT_BY_ALIGNMENT(.rodata.*) SORT_BY_ALIGNMENT(.constdata) SORT_BY_ALIGNMENT(.constdata.*))
 *fill*         0x000031c2        0x2 ff
 .rodata.__assertion_failed.str1.4
                0x000031c4       0x14 ./utilities/fsl_assert.o
 .rodata.ADC_GetInstance.str1.4
                0x000031d8       0x31 ./drivers/fsl_adc.o
 *fill*         0x00003209        0x3 ff
 .rodata.ADC_Init.str1.4
                0x0000320c       0x1e ./drivers/fsl_adc.o
 *fill*         0x0000322a        0x2 ff
 .rodata.ADC_DoSelfCalibration.str1.4
                0x0000322c       0x20 ./drivers/fsl_adc.o
 .rodata.ADC_SetConvSeqAConfig.str1.4
                0x0000324c       0x1f ./drivers/fsl_adc.o
 *fill*         0x0000326b        0x1 ff
 .rodata.CLOCK_UpdateClkSrc.str1.4
                0x0000326c       0x17 ./drivers/fsl_clock.o
 *fill*         0x00003283        0x1 ff
 .rodata.SDK_DelayAtLeastUs.str1.4
                0x00003284       0x2b ./drivers/fsl_common_arm.o
 *fill*         0x000032af        0x1 ff
 .rodata.DMA_EnableChannelInterrupts.str1.4
                0x000032b0       0x85 ./drivers/fsl_dma.o
 *fill*         0x00003335        0x3 ff
 .rodata.DMA_GetInstance.str1.4
                0x00003338       0x32 ./drivers/fsl_dma.o
 *fill*         0x0000336a        0x2 ff
 .rodata.DMA_CreateHandle.str1.4
                0x0000336c       0x64 ./drivers/fsl_dma.o
 .rodata.DMA_SetCallback.str1.4
                0x000033d0       0x1f ./drivers/fsl_dma.o
 *fill*         0x000033ef        0x1 ff
 .rodata.DMA_SetChannelConfig.str1.4
                0x000033f0       0x41 ./drivers/fsl_dma.o
 *fill*         0x00003431        0x3 ff
 .rodata.DMA_LoadChannelDescriptor.str1.4
                0x00003434       0x72 ./drivers/fsl_dma.o
 *fill*         0x000034a6        0x2 ff
 .rodata.DMA_SubmitChannelDescriptor.str1.4
                0x000034a8       0x39 ./drivers/fsl_dma.o
 *fill*         0x000034e1        0x3 ff
 .rodata.s_gpioClockName
                0x000034e4        0x4 ./drivers/fsl_gpio.o
 .rodata.GPIO_EnablePortClock.str1.4
                0x000034e8       0x33 ./drivers/fsl_gpio.o
 *fill*         0x0000351b        0x1 ff
 .rodata.RESET_SetPeripheralReset.str1.4
                0x0000351c       0x1f ./drivers/fsl_reset.o
 *fill*         0x0000353b        0x1 ff
 .rodata.RESET_ClearPeripheralReset.str1.4
                0x0000353c       0x1f ./drivers/fsl_reset.o
 *fill*         0x0000355b        0x1 ff
 .rodata.SWM_SetMovablePinSelect.str1.4
                0x0000355c       0x49 ./drivers/fsl_swm.o
 *fill*         0x000035a5        0x3 ff
 .rodata.SWM_SetFixedPinSelect.str1.4
                0x000035a8       0x1d ./drivers/fsl_swm.o
 *fill*         0x000035c5        0x3 ff
 .rodata.s_usartBaseAddrs
                0x000035c8       0x14 ./drivers/fsl_usart.o
 .rodata.s_usartClock
                0x000035dc        0xa ./drivers/fsl_usart.o
 *fill*         0x000035e6        0x2 ff
 .rodata.s_usartRest
                0x000035e8       0x14 ./drivers/fsl_usart.o
 .rodata.USART_GetInstance.str1.4
                0x000035fc       0x3b ./drivers/fsl_usart.o
 *fill*         0x00003637        0x1 ff
 .rodata.USART_Init.str1.4
                0x00003638       0x4f ./drivers/fsl_usart.o
 *fill*         0x00003687        0x1 ff
 .rodata.USART_GetDefaultConfig.str1.4
                0x00003688       0x21 ./drivers/fsl_usart.o
 *fill*         0x000036a9        0x3 ff
 .rodata.USART_SetBaudRate.str1.4
                0x000036ac       0x8f ./drivers/fsl_usart.o
 *fill*         0x0000373b        0x1 ff
 .rodata.USART_WriteBlocking.str1.4
                0x0000373c       0x36 ./drivers/fsl_usart.o
 *fill*         0x00003772        0x2 ff
 .rodata.USART_ReadBlocking.str1.4
                0x00003774       0x36 ./drivers/fsl_usart.o
 *fill*         0x000037aa        0x2 ff
 .rodata.s_UsartAdapterBase
                0x000037ac       0x14 ./component/uart/fsl_adapter_miniusart.o
 .rodata.HAL_UartInit.str1.4
                0x000037c0       0xfb ./component/uart/fsl_adapter_miniusart.o
 *fill*         0x000038bb        0x1 ff
 .rodata.HAL_UartReceiveBlocking.str1.4
                0x000038bc       0x71 ./component/uart/fsl_adapter_miniusart.o
 *fill*         0x0000392d        0x3 ff
 .rodata.HAL_UartSendBlocking.str1.4
                0x00003930       0x71 ./component/uart/fsl_adapter_miniusart.o
 *fill*         0x000039a1        0x3 ff
 .rodata.BOARD_InitDebugConsole.str1.4
                0x000039a4       0x27 ./board/board.o
 *fill*         0x000039cb        0x1 ff
 .rodata.CLOCK_SetCoreSysClkDiv.str1.4
                0x000039cc       0x76 ./board/clock_config.o
 *fill*         0x00003a42        0x2 ff
 .rodata.DMA_EnableChannel.str1.4
                0x00003a44       0xdd ./board/peripherals.o
 *fill*         0x00003b21        0x3 ff
 .rodata.DMA0_CH0_trigger_config
                0x00003b24        0x6 ./board/peripherals.o
                0x00003b24                DMA0_CH0_trigger_config
 *fill*         0x00003b2a        0x2 ff
 .rodata.ADC0configStruct
                0x00003b2c        0xc ./board/peripherals.o
                0x00003b2c                ADC0configStruct
 .rodata.ADC0ConvSeqAConfigStruct
                0x00003b38        0xc ./board/peripherals.o
                0x00003b38                ADC0ConvSeqAConfigStruct
 .rodata        0x00003b44        0x2 ./board/pin_mux.o
 *fill*         0x00003b46        0x2 ff
 .rodata.__num_Ciob_streams
                0x00003b48        0x4 d:/nxp/mcuxpressoide_11.6.1_8255/ide/plugins/com.nxp.mcuxpresso.tools.win32_11.6.1.202207200623/tools/bin/../lib/gcc/arm-none-eabi/10.3.1/../../../../arm-none-eabi/lib/thumb/v6-m/nofp\libcr_nohost_nf.a(__ciob.o)
                0x00003b48                __num_Ciob_streams
 .rodata._initio.str1.1
                0x00003b4c        0x4 d:/nxp/mcuxpressoide_11.6.1_8255/ide/plugins/com.nxp.mcuxpresso.tools.win32_11.6.1.202207200623/tools/bin/../lib/gcc/arm-none-eabi/10.3.1/../../../../arm-none-eabi/lib/thumb/v6-m/nofp\libcr_c.a(initio.o)
                0x00003b50                . = ALIGN (0x4)
                0x00003b50                _etext = .

.glue_7         0x00003b50        0x0
 .glue_7        0x00003b50        0x0 linker stubs

.glue_7t        0x00003b50        0x0
 .glue_7t       0x00003b50        0x0 linker stubs

.vfp11_veneer   0x00003b50        0x0
 .vfp11_veneer  0x00003b50        0x0 linker stubs

.v4_bx          0x00003b50        0x0
 .v4_bx         0x00003b50        0x0 linker stubs

.iplt           0x00003b50        0x0
 .iplt          0x00003b50        0x0 ./utilities/fsl_assert.o

.rel.dyn        0x00003b50        0x0
 .rel.iplt      0x00003b50        0x0 ./utilities/fsl_assert.o

.mtb_buffer_RAM2
 *(SORT_BY_ALIGNMENT(.mtb.$RAM2*))
 *(SORT_BY_ALIGNMENT(.mtb.$IAP_SRAM*))

.data_RAM2      0x10003fe0        0x0 load address 0x00003b50
 FILL mask 0xff
                [!provide]                PROVIDE (__start_data_RAM2 = .)
                [!provide]                PROVIDE (__start_data_IAP_SRAM = .)
 *(SORT_BY_ALIGNMENT(.ramfunc.$RAM2))
 *(SORT_BY_ALIGNMENT(.ramfunc.$IAP_SRAM))
 *(SORT_BY_ALIGNMENT(.data.$RAM2))
 *(SORT_BY_ALIGNMENT(.data.$IAP_SRAM))
 *(SORT_BY_ALIGNMENT(.data.$RAM2.*))
 *(SORT_BY_ALIGNMENT(.data.$IAP_SRAM.*))
                0x10003fe0                . = ALIGN (0x4)
                [!provide]                PROVIDE (__end_data_RAM2 = .)
                [!provide]                PROVIDE (__end_data_IAP_SRAM = .)

.mtb_buffer_default
                0x10000000       0x80
 *(SORT_BY_ALIGNMENT(.mtb*))
 .mtb.$RAM1     0x10000000       0x80 ./source/mtb.o
                0x10000000                __mtb_buffer__

.uninit_RESERVED
                0x10000080        0x0
                0x10000080                _start_uninit_RESERVED = .
 *(SORT_BY_ALIGNMENT(.bss.$RESERVED*))
                0x10000080                . = ALIGN (0x4)
                0x10000080                _end_uninit_RESERVED = .

.data           0x10000080       0x18 load address 0x00003b50
 FILL mask 0xff
                0x10000080                _data = .
                [!provide]                PROVIDE (__start_data_RAM = .)
                [!provide]                PROVIDE (__start_data_SRAM = .)
 *(SORT_BY_ALIGNMENT(vtable))
 *(SORT_BY_ALIGNMENT(.ramfunc*))
 *(SORT_BY_ALIGNMENT(CodeQuickAccess))
 *(SORT_BY_ALIGNMENT(DataQuickAccess))
 *(SORT_BY_ALIGNMENT(RamFunction))
 *(SORT_BY_ALIGNMENT(.data*))
 .data.DMA0_CH0_TCDs_config
                0x10000080       0x10 ./board/peripherals.o
                0x10000080                DMA0_CH0_TCDs_config
 .data.s_dma_descriptor_table
                0x10000090        0x4 ./drivers/fsl_dma.o
 .data.SystemCoreClock
                0x10000094        0x4 ./device/system_LPC845.o
                0x10000094                SystemCoreClock
                0x10000098                . = ALIGN (0x4)
                0x10000098                _edata = .
                [!provide]                PROVIDE (__end_data_RAM = .)
                [!provide]                PROVIDE (__end_data_SRAM = .)

.igot.plt       0x10000098        0x0 load address 0x00003b68
 .igot.plt      0x10000098        0x0 ./utilities/fsl_assert.o

.bss_RAM2       0x10003fe0        0x0
                [!provide]                PROVIDE (__start_bss_RAM2 = .)
                [!provide]                PROVIDE (__start_bss_IAP_SRAM = .)
 *(SORT_BY_ALIGNMENT(.bss.$RAM2))
 *(SORT_BY_ALIGNMENT(.bss.$IAP_SRAM))
 *(SORT_BY_ALIGNMENT(.bss.$RAM2.*))
 *(SORT_BY_ALIGNMENT(.bss.$IAP_SRAM.*))
                0x10003fe0                . = ALIGN ((. != 0x0)?0x4:0x1)
                [!provide]                PROVIDE (__end_bss_RAM2 = .)
                [!provide]                PROVIDE (__end_bss_IAP_SRAM = .)

.bss            0x10000200      0x314
                0x10000200                _bss = .
                [!provide]                PROVIDE (__start_bss_RAM = .)
                [!provide]                PROVIDE (__start_bss_SRAM = .)
 *(SORT_BY_ALIGNMENT(.bss*))
 .bss.s_dma_descriptor_table0
                0x10000200      0x190 ./drivers/fsl_dma.o
 .bss.s_debugConsole
                0x10000390       0x14 ./utilities/fsl_debug_console.o
 .bss.DestAddrA
                0x100003a4       0x20 ./source/ADC_DMA_test.o
                0x100003a4                DestAddrA
 .bss.g_Ext_Clk_Freq
                0x100003c4        0x4 ./drivers/fsl_clock.o
                0x100003c4                g_Ext_Clk_Freq
 .bss.g_Wdt_Osc_Freq
                0x100003c8        0x4 ./drivers/fsl_clock.o
                0x100003c8                g_Wdt_Osc_Freq
 .bss.s_DMAHandle
                0x100003cc       0x64 ./drivers/fsl_dma.o
 .bss.s_usartHandle
                0x10000430       0x14 ./drivers/fsl_usart.o
 .bss.s_usartIsr
                0x10000444        0x4 ./drivers/fsl_usart.o
 .bss.DMA0_CH0_Handle
                0x10000448       0x10 ./board/peripherals.o
                0x10000448                DMA0_CH0_Handle
 .bss.errno     0x10000458        0x4 d:/nxp/mcuxpressoide_11.6.1_8255/ide/plugins/com.nxp.mcuxpresso.tools.win32_11.6.1.202207200623/tools/bin/../lib/gcc/arm-none-eabi/10.3.1/../../../../arm-none-eabi/lib/thumb/v6-m/nofp\libcr_c.a(errno.o)
                0x10000458                errno
 .bss.__Ciob    0x1000045c       0xb4 d:/nxp/mcuxpressoide_11.6.1_8255/ide/plugins/com.nxp.mcuxpresso.tools.win32_11.6.1.202207200623/tools/bin/../lib/gcc/arm-none-eabi/10.3.1/../../../../arm-none-eabi/lib/thumb/v6-m/nofp\libcr_nohost_nf.a(__ciob.o)
                0x1000045c                __Ciob
 .bss.DmaDone   0x10000510        0x1 ./source/ADC_DMA_test.o
                0x10000510                DmaDone
 *(SORT_BY_ALIGNMENT(COMMON))
                0x10000514                . = ALIGN (0x4)
 *fill*         0x10000511        0x3 
                0x10000514                _ebss = .
                [!provide]                PROVIDE (__end_bss_RAM = .)
                [!provide]                PROVIDE (__end_bss_SRAM = .)
                [!provide]                PROVIDE (end = .)

.noinit_RAM2    0x10003fe0        0x0
                [!provide]                PROVIDE (__start_noinit_RAM2 = .)
                [!provide]                PROVIDE (__start_noinit_IAP_SRAM = .)
 *(SORT_BY_ALIGNMENT(.noinit.$RAM2))
 *(SORT_BY_ALIGNMENT(.noinit.$IAP_SRAM))
 *(SORT_BY_ALIGNMENT(.noinit.$RAM2.*))
 *(SORT_BY_ALIGNMENT(.noinit.$IAP_SRAM.*))
                0x10003fe0                . = ALIGN (0x4)
                [!provide]                PROVIDE (__end_noinit_RAM2 = .)
                [!provide]                PROVIDE (__end_noinit_IAP_SRAM = .)

.noinit         0x10000514        0x0
                0x10000514                _noinit = .
                [!provide]                PROVIDE (__start_noinit_RAM = .)
                [!provide]                PROVIDE (__start_noinit_SRAM = .)
 *(SORT_BY_ALIGNMENT(.noinit*))
                0x10000514                . = ALIGN (0x4)
                0x10000514                _end_noinit = .
                [!provide]                PROVIDE (__end_noinit_RAM = .)
                [!provide]                PROVIDE (__end_noinit_SRAM = .)

.ARM.extab
 *(SORT_BY_ALIGNMENT(.ARM.extab*) SORT_BY_ALIGNMENT(.gnu.linkonce.armextab.*))

.ARM.exidx      0x00003b68        0x0
                0x00003b68                __exidx_start = .
 *(SORT_BY_ALIGNMENT(.ARM.exidx*) SORT_BY_ALIGNMENT(.gnu.linkonce.armexidx.*))
                0x00003b68                __exidx_end = .
                0x000003f8                _HeapSize = 0x3f8

.heap           0x10000514      0x3f8
                0x10000514                _pvHeapStart = .
                0x1000090c                . = (. + _HeapSize)
 *fill*         0x10000514      0x3f8 
                0x1000090c                . = ALIGN (0x4)
                0x1000090c                _pvHeapLimit = .
                0x000003f8                _StackSize = 0x3f8

.heap2stackfill
                0x1000090c      0x3f8
                0x10000d04                . = (. + _StackSize)
 *fill*         0x1000090c      0x3f8 

.stack          0x10003be8        0x0
                0x10003be8                _vStackBase = .
                0x10003be8                . = ALIGN (0x4)
                0x10003fe0                _vStackTop = (. + _StackSize)
                0xefffb863                PROVIDE (__valid_user_code_checksum = (0x0 - (((_vStackTop + (ResetISR + 0x1)) + (DEFINED (NMI_Handler)?NMI_Handler:M0_NMI_Handler + 0x1)) + (DEFINED (HardFault_Handler)?HardFault_Handler:M0_HardFault_Handler + 0x1))))
                0x00000000                _image_start = LOADADDR (.text)
                0x00003b68                _image_end = (LOADADDR (.data) + SIZEOF (.data))
                0x00003b68                _image_size = (_image_end - _image_start)
OUTPUT(ADC_DMA_test.axf elf32-littlearm)
LOAD linker stubs

.debug_info     0x00000000     0xfda7
 .debug_info    0x00000000       0xa3 ./utilities/fsl_assert.o
 .debug_info    0x000000a3     0x11bf ./utilities/fsl_debug_console.o
 .debug_info    0x00001262      0x4a6 ./startup/startup_lpc845.o
 .debug_info    0x00001708     0x1339 ./source/ADC_DMA_test.o
 .debug_info    0x00002a41       0x53 ./source/mtb.o
 .debug_info    0x00002a94       0x3c ./source/semihost_hardfault.o
 .debug_info    0x00002ad0     0x1004 ./drivers/fsl_adc.o
 .debug_info    0x00003ad4     0x11c4 ./drivers/fsl_clock.o
 .debug_info    0x00004c98       0xee ./drivers/fsl_common_arm.o
 .debug_info    0x00004d86     0x1f70 ./drivers/fsl_dma.o
 .debug_info    0x00006cf6      0xda6 ./drivers/fsl_gpio.o
 .debug_info    0x00007a9c      0x96e ./drivers/fsl_inputmux.o
 .debug_info    0x0000840a      0x724 ./drivers/fsl_reset.o
 .debug_info    0x00008b2e      0x71c ./drivers/fsl_swm.o
 .debug_info    0x0000924a     0x1b9a ./drivers/fsl_usart.o
 .debug_info    0x0000ade4      0x77e ./device/system_LPC845.o
 .debug_info    0x0000b562      0xea5 ./component/uart/fsl_adapter_miniusart.o
 .debug_info    0x0000c407      0xc64 ./board/board.o
 .debug_info    0x0000d06b      0xacb ./board/clock_config.o
 .debug_info    0x0000db36     0x11b4 ./board/peripherals.o
 .debug_info    0x0000ecea     0x10bd ./board/pin_mux.o

.debug_abbrev   0x00000000     0x248f
 .debug_abbrev  0x00000000       0x66 ./utilities/fsl_assert.o
 .debug_abbrev  0x00000066      0x2bb ./utilities/fsl_debug_console.o
 .debug_abbrev  0x00000321      0x1ba ./startup/startup_lpc845.o
 .debug_abbrev  0x000004db      0x22c ./source/ADC_DMA_test.o
 .debug_abbrev  0x00000707       0x46 ./source/mtb.o
 .debug_abbrev  0x0000074d       0x31 ./source/semihost_hardfault.o
 .debug_abbrev  0x0000077e      0x210 ./drivers/fsl_adc.o
 .debug_abbrev  0x0000098e      0x2cd ./drivers/fsl_clock.o
 .debug_abbrev  0x00000c5b       0x92 ./drivers/fsl_common_arm.o
 .debug_abbrev  0x00000ced      0x32c ./drivers/fsl_dma.o
 .debug_abbrev  0x00001019      0x1c3 ./drivers/fsl_gpio.o
 .debug_abbrev  0x000011dc      0x19b ./drivers/fsl_inputmux.o
 .debug_abbrev  0x00001377      0x15c ./drivers/fsl_reset.o
 .debug_abbrev  0x000014d3      0x16e ./drivers/fsl_swm.o
 .debug_abbrev  0x00001641      0x316 ./drivers/fsl_usart.o
 .debug_abbrev  0x00001957      0x143 ./device/system_LPC845.o
 .debug_abbrev  0x00001a9a      0x1cb ./component/uart/fsl_adapter_miniusart.o
 .debug_abbrev  0x00001c65      0x188 ./board/board.o
 .debug_abbrev  0x00001ded      0x217 ./board/clock_config.o
 .debug_abbrev  0x00002004      0x237 ./board/peripherals.o
 .debug_abbrev  0x0000223b      0x254 ./board/pin_mux.o

.debug_aranges  0x00000000      0x918
 .debug_aranges
                0x00000000       0x20 ./utilities/fsl_assert.o
 .debug_aranges
                0x00000020       0x78 ./utilities/fsl_debug_console.o
 .debug_aranges
                0x00000098      0x160 ./startup/startup_lpc845.o
 .debug_aranges
                0x000001f8       0x50 ./source/ADC_DMA_test.o
 .debug_aranges
                0x00000248       0x18 ./source/mtb.o
 .debug_aranges
                0x00000260       0x20 ./source/semihost_hardfault.o
 .debug_aranges
                0x00000280       0x78 ./drivers/fsl_adc.o
 .debug_aranges
                0x000002f8      0x100 ./drivers/fsl_clock.o
 .debug_aranges
                0x000003f8       0x28 ./drivers/fsl_common_arm.o
 .debug_aranges
                0x00000420      0x130 ./drivers/fsl_dma.o
 .debug_aranges
                0x00000550       0x38 ./drivers/fsl_gpio.o
 .debug_aranges
                0x00000588       0x40 ./drivers/fsl_inputmux.o
 .debug_aranges
                0x000005c8       0x30 ./drivers/fsl_reset.o
 .debug_aranges
                0x000005f8       0x28 ./drivers/fsl_swm.o
 .debug_aranges
                0x00000620      0x128 ./drivers/fsl_usart.o
 .debug_aranges
                0x00000748       0x30 ./device/system_LPC845.o
 .debug_aranges
                0x00000778       0x50 ./component/uart/fsl_adapter_miniusart.o
 .debug_aranges
                0x000007c8       0x28 ./board/board.o
 .debug_aranges
                0x000007f0       0x68 ./board/clock_config.o
 .debug_aranges
                0x00000858       0x58 ./board/peripherals.o
 .debug_aranges
                0x000008b0       0x68 ./board/pin_mux.o

.debug_ranges   0x00000000      0x7c0
 .debug_ranges  0x00000000       0x10 ./utilities/fsl_assert.o
 .debug_ranges  0x00000010       0x68 ./utilities/fsl_debug_console.o
 .debug_ranges  0x00000078      0x150 ./startup/startup_lpc845.o
 .debug_ranges  0x000001c8       0x40 ./source/ADC_DMA_test.o
 .debug_ranges  0x00000208       0x10 ./source/semihost_hardfault.o
 .debug_ranges  0x00000218       0x68 ./drivers/fsl_adc.o
 .debug_ranges  0x00000280       0xf0 ./drivers/fsl_clock.o
 .debug_ranges  0x00000370       0x18 ./drivers/fsl_common_arm.o
 .debug_ranges  0x00000388      0x120 ./drivers/fsl_dma.o
 .debug_ranges  0x000004a8       0x28 ./drivers/fsl_gpio.o
 .debug_ranges  0x000004d0       0x30 ./drivers/fsl_inputmux.o
 .debug_ranges  0x00000500       0x20 ./drivers/fsl_reset.o
 .debug_ranges  0x00000520       0x18 ./drivers/fsl_swm.o
 .debug_ranges  0x00000538      0x118 ./drivers/fsl_usart.o
 .debug_ranges  0x00000650       0x20 ./device/system_LPC845.o
 .debug_ranges  0x00000670       0x40 ./component/uart/fsl_adapter_miniusart.o
 .debug_ranges  0x000006b0       0x18 ./board/board.o
 .debug_ranges  0x000006c8       0x58 ./board/clock_config.o
 .debug_ranges  0x00000720       0x48 ./board/peripherals.o
 .debug_ranges  0x00000768       0x58 ./board/pin_mux.o

.debug_macro    0x00000000     0x947f
 .debug_macro   0x00000000      0x13b ./utilities/fsl_assert.o
 .debug_macro   0x0000013b      0xa7e ./utilities/fsl_assert.o
 .debug_macro   0x00000bb9       0x10 ./utilities/fsl_assert.o
 .debug_macro   0x00000bc9       0x1c ./utilities/fsl_assert.o
 .debug_macro   0x00000be5       0x22 ./utilities/fsl_assert.o
 .debug_macro   0x00000c07      0x12e ./utilities/fsl_assert.o
 .debug_macro   0x00000d35      0x5b3 ./utilities/fsl_assert.o
 .debug_macro   0x000012e8       0x22 ./utilities/fsl_assert.o
 .debug_macro   0x0000130a       0x10 ./utilities/fsl_assert.o
 .debug_macro   0x0000131a       0x3f ./utilities/fsl_assert.o
 .debug_macro   0x00001359       0x1c ./utilities/fsl_assert.o
 .debug_macro   0x00001375       0x22 ./utilities/fsl_assert.o
 .debug_macro   0x00001397       0xd1 ./utilities/fsl_assert.o
 .debug_macro   0x00001468      0x3ad ./utilities/fsl_assert.o
 .debug_macro   0x00001815       0x22 ./utilities/fsl_assert.o
 .debug_macro   0x00001837     0x58a3 ./utilities/fsl_assert.o
 .debug_macro   0x000070da      0x232 ./utilities/fsl_assert.o
 .debug_macro   0x0000730c       0x7a ./utilities/fsl_assert.o
 .debug_macro   0x00007386       0x96 ./utilities/fsl_assert.o
 .debug_macro   0x0000741c      0x125 ./utilities/fsl_assert.o
 .debug_macro   0x00007541       0x16 ./utilities/fsl_assert.o
 .debug_macro   0x00007557       0x81 ./utilities/fsl_assert.o
 .debug_macro   0x000075d8       0x1c ./utilities/fsl_assert.o
 .debug_macro   0x000075f4       0x1c ./utilities/fsl_assert.o
 .debug_macro   0x00007610       0x34 ./utilities/fsl_assert.o
 .debug_macro   0x00007644      0x161 ./utilities/fsl_debug_console.o
 .debug_macro   0x000077a5       0x16 ./utilities/fsl_debug_console.o
 .debug_macro   0x000077bb       0x10 ./utilities/fsl_debug_console.o
 .debug_macro   0x000077cb       0x28 ./utilities/fsl_debug_console.o
 .debug_macro   0x000077f3       0xc4 ./utilities/fsl_debug_console.o
 .debug_macro   0x000078b7       0x16 ./utilities/fsl_debug_console.o
 .debug_macro   0x000078cd       0x46 ./utilities/fsl_debug_console.o
 .debug_macro   0x00007913       0x32 ./startup/startup_lpc845.o
 .debug_macro   0x00007945       0x34 ./startup/startup_lpc845.o
 .debug_macro   0x00007979      0x1c9 ./source/ADC_DMA_test.o
 .debug_macro   0x00007b42       0xd8 ./source/ADC_DMA_test.o
 .debug_macro   0x00007c1a       0x28 ./source/ADC_DMA_test.o
 .debug_macro   0x00007c42       0x10 ./source/ADC_DMA_test.o
 .debug_macro   0x00007c52       0xf4 ./source/ADC_DMA_test.o
 .debug_macro   0x00007d46       0x76 ./source/ADC_DMA_test.o
 .debug_macro   0x00007dbc       0x10 ./source/ADC_DMA_test.o
 .debug_macro   0x00007dcc       0x28 ./source/ADC_DMA_test.o
 .debug_macro   0x00007df4      0x1ed ./source/ADC_DMA_test.o
 .debug_macro   0x00007fe1       0x28 ./source/ADC_DMA_test.o
 .debug_macro   0x00008009       0x22 ./source/ADC_DMA_test.o
 .debug_macro   0x0000802b       0x2f ./source/mtb.o
 .debug_macro   0x0000805a       0x82 ./source/mtb.o
 .debug_macro   0x000080dc       0x10 ./source/mtb.o
 .debug_macro   0x000080ec       0x11 ./source/semihost_hardfault.o
 .debug_macro   0x000080fd      0x140 ./drivers/fsl_adc.o
 .debug_macro   0x0000823d      0x14e ./drivers/fsl_clock.o
 .debug_macro   0x0000838b      0x12a ./drivers/fsl_common_arm.o
 .debug_macro   0x000084b5      0x139 ./drivers/fsl_dma.o
 .debug_macro   0x000085ee       0x70 ./drivers/fsl_dma.o
 .debug_macro   0x0000865e      0x13a ./drivers/fsl_gpio.o
 .debug_macro   0x00008798      0x13d ./drivers/fsl_inputmux.o
 .debug_macro   0x000088d5      0x12a ./drivers/fsl_reset.o
 .debug_macro   0x000089ff      0x144 ./drivers/fsl_swm.o
 .debug_macro   0x00008b43      0x139 ./drivers/fsl_usart.o
 .debug_macro   0x00008c7c       0x1c ./drivers/fsl_usart.o
 .debug_macro   0x00008c98       0x97 ./device/system_LPC845.o
 .debug_macro   0x00008d2f      0x136 ./component/uart/fsl_adapter_miniusart.o
 .debug_macro   0x00008e65       0x22 ./component/uart/fsl_adapter_miniusart.o
 .debug_macro   0x00008e87      0x162 ./board/board.o
 .debug_macro   0x00008fe9       0x2e ./board/board.o
 .debug_macro   0x00009017      0x14a ./board/clock_config.o
 .debug_macro   0x00009161      0x14f ./board/peripherals.o
 .debug_macro   0x000092b0      0x159 ./board/pin_mux.o
 .debug_macro   0x00009409       0x76 ./board/pin_mux.o

.debug_line     0x00000000     0x75ca
 .debug_line    0x00000000      0x3c2 ./utilities/fsl_assert.o
 .debug_line    0x000003c2      0xc71 ./utilities/fsl_debug_console.o
 .debug_line    0x00001033      0x26f ./startup/startup_lpc845.o
 .debug_line    0x000012a2      0x5f5 ./source/ADC_DMA_test.o
 .debug_line    0x00001897       0xd1 ./source/mtb.o
 .debug_line    0x00001968       0x59 ./source/semihost_hardfault.o
 .debug_line    0x000019c1      0x668 ./drivers/fsl_adc.o
 .debug_line    0x00002029      0xa4b ./drivers/fsl_clock.o
 .debug_line    0x00002a74      0x380 ./drivers/fsl_common_arm.o
 .debug_line    0x00002df4      0xe40 ./drivers/fsl_dma.o
 .debug_line    0x00003c34      0x3e0 ./drivers/fsl_gpio.o
 .debug_line    0x00004014      0x401 ./drivers/fsl_inputmux.o
 .debug_line    0x00004415      0x3ad ./drivers/fsl_reset.o
 .debug_line    0x000047c2      0x401 ./drivers/fsl_swm.o
 .debug_line    0x00004bc3      0xce0 ./drivers/fsl_usart.o
 .debug_line    0x000058a3      0x3f8 ./device/system_LPC845.o
 .debug_line    0x00005c9b      0x54b ./component/uart/fsl_adapter_miniusart.o
 .debug_line    0x000061e6      0x46e ./board/board.o
 .debug_line    0x00006654      0x502 ./board/clock_config.o
 .debug_line    0x00006b56      0x4cd ./board/peripherals.o
 .debug_line    0x00007023      0x5a7 ./board/pin_mux.o

.debug_str      0x00000000    0x405f4
 .debug_str     0x00000000    0x3680c ./utilities/fsl_assert.o
                              0x36896 (size before relaxing)
 .debug_str     0x0003680c     0x1a12 ./utilities/fsl_debug_console.o
                              0x38312 (size before relaxing)
 .debug_str     0x0003821e      0x4cf ./startup/startup_lpc845.o
                               0x31bf (size before relaxing)
 .debug_str     0x000386ed     0x3009 ./source/ADC_DMA_test.o
                              0x3a528 (size before relaxing)
 .debug_str     0x0003b6f6      0x532 ./source/mtb.o
                               0x31f1 (size before relaxing)
 .debug_str     0x0003bc28       0x1f ./source/semihost_hardfault.o
                               0x2cde (size before relaxing)
 .debug_str     0x0003bc47      0x737 ./drivers/fsl_adc.o
                              0x37af7 (size before relaxing)
 .debug_str     0x0003c37e      0x90f ./drivers/fsl_clock.o
                              0x37c3f (size before relaxing)
 .debug_str     0x0003cc8d       0x82 ./drivers/fsl_common_arm.o
                              0x3674a (size before relaxing)
 .debug_str     0x0003cd0f      0xcae ./drivers/fsl_dma.o
                              0x38e5f (size before relaxing)
 .debug_str     0x0003d9bd      0x145 ./drivers/fsl_gpio.o
                              0x37929 (size before relaxing)
 .debug_str     0x0003db02       0x6b ./drivers/fsl_inputmux.o
                              0x373fd (size before relaxing)
 .debug_str     0x0003db6d       0xae ./drivers/fsl_reset.o
                              0x36d41 (size before relaxing)
 .debug_str     0x0003dc1b      0xb13 ./drivers/fsl_swm.o
                              0x3731d (size before relaxing)
 .debug_str     0x0003e72e      0xccf ./drivers/fsl_usart.o
                              0x38883 (size before relaxing)
 .debug_str     0x0003f3fd       0xd0 ./device/system_LPC845.o
                              0x35138 (size before relaxing)
 .debug_str     0x0003f4cd       0xfb ./component/uart/fsl_adapter_miniusart.o
                              0x37c23 (size before relaxing)
 .debug_str     0x0003f5c8      0x6ff ./board/board.o
                              0x38ae1 (size before relaxing)
 .debug_str     0x0003fcc7      0x20d ./board/clock_config.o
                              0x37716 (size before relaxing)
 .debug_str     0x0003fed4      0x21a ./board/peripherals.o
                              0x385d1 (size before relaxing)
 .debug_str     0x000400ee      0x506 ./board/pin_mux.o
                              0x384a8 (size before relaxing)

.comment        0x00000000       0x49
 .comment       0x00000000       0x49 ./utilities/fsl_assert.o
                                 0x4a (size before relaxing)
 .comment       0x00000049       0x4a ./utilities/fsl_debug_console.o
 .comment       0x00000049       0x4a ./startup/startup_lpc845.o
 .comment       0x00000049       0x4a ./source/ADC_DMA_test.o
 .comment       0x00000049       0x4a ./source/mtb.o
 .comment       0x00000049       0x4a ./source/semihost_hardfault.o
 .comment       0x00000049       0x4a ./drivers/fsl_adc.o
 .comment       0x00000049       0x4a ./drivers/fsl_clock.o
 .comment       0x00000049       0x4a ./drivers/fsl_common_arm.o
 .comment       0x00000049       0x4a ./drivers/fsl_dma.o
 .comment       0x00000049       0x4a ./drivers/fsl_gpio.o
 .comment       0x00000049       0x4a ./drivers/fsl_inputmux.o
 .comment       0x00000049       0x4a ./drivers/fsl_reset.o
 .comment       0x00000049       0x4a ./drivers/fsl_swm.o
 .comment       0x00000049       0x4a ./drivers/fsl_usart.o
 .comment       0x00000049       0x4a ./device/system_LPC845.o
 .comment       0x00000049       0x4a ./component/uart/fsl_adapter_miniusart.o
 .comment       0x00000049       0x4a ./board/board.o
 .comment       0x00000049       0x4a ./board/clock_config.o
 .comment       0x00000049       0x4a ./board/peripherals.o
 .comment       0x00000049       0x4a ./board/pin_mux.o
 .comment       0x00000049       0x4a d:/nxp/mcuxpressoide_11.6.1_8255/ide/plugins/com.nxp.mcuxpresso.tools.win32_11.6.1.202207200623/tools/bin/../lib/gcc/arm-none-eabi/10.3.1/../../../../arm-none-eabi/lib/thumb/v6-m/nofp\libcr_nohost_nf.a(_cr__main.o)
 .comment       0x00000049       0x4a d:/nxp/mcuxpressoide_11.6.1_8255/ide/plugins/com.nxp.mcuxpresso.tools.win32_11.6.1.202207200623/tools/bin/../lib/gcc/arm-none-eabi/10.3.1/../../../../arm-none-eabi/lib/thumb/v6-m/nofp\libcr_c.a(memcpy.o)
 .comment       0x00000049       0x4a d:/nxp/mcuxpressoide_11.6.1_8255/ide/plugins/com.nxp.mcuxpresso.tools.win32_11.6.1.202207200623/tools/bin/../lib/gcc/arm-none-eabi/10.3.1/../../../../arm-none-eabi/lib/thumb/v6-m/nofp\libcr_c.a(memset.o)
 .comment       0x00000049       0x4a d:/nxp/mcuxpressoide_11.6.1_8255/ide/plugins/com.nxp.mcuxpresso.tools.win32_11.6.1.202207200623/tools/bin/../lib/gcc/arm-none-eabi/10.3.1/../../../../arm-none-eabi/lib/thumb/v6-m/nofp\libcr_c.a(alloc.o)
 .comment       0x00000049       0x4a d:/nxp/mcuxpressoide_11.6.1_8255/ide/plugins/com.nxp.mcuxpresso.tools.win32_11.6.1.202207200623/tools/bin/../lib/gcc/arm-none-eabi/10.3.1/../../../../arm-none-eabi/lib/thumb/v6-m/nofp\libcr_c.a(initio.o)
 .comment       0x00000049       0x4a d:/nxp/mcuxpressoide_11.6.1_8255/ide/plugins/com.nxp.mcuxpresso.tools.win32_11.6.1.202207200623/tools/bin/../lib/gcc/arm-none-eabi/10.3.1/../../../../arm-none-eabi/lib/thumb/v6-m/nofp\libcr_c.a(setvbuf.o)
 .comment       0x00000049       0x4a d:/nxp/mcuxpressoide_11.6.1_8255/ide/plugins/com.nxp.mcuxpresso.tools.win32_11.6.1.202207200623/tools/bin/../lib/gcc/arm-none-eabi/10.3.1/../../../../arm-none-eabi/lib/thumb/v6-m/nofp\libcr_c.a(strlen.o)
 .comment       0x00000049       0x4a d:/nxp/mcuxpressoide_11.6.1_8255/ide/plugins/com.nxp.mcuxpresso.tools.win32_11.6.1.202207200623/tools/bin/../lib/gcc/arm-none-eabi/10.3.1/../../../../arm-none-eabi/lib/thumb/v6-m/nofp\libcr_c.a(_fdopen.o)
 .comment       0x00000049       0x4a d:/nxp/mcuxpressoide_11.6.1_8255/ide/plugins/com.nxp.mcuxpresso.tools.win32_11.6.1.202207200623/tools/bin/../lib/gcc/arm-none-eabi/10.3.1/../../../../arm-none-eabi/lib/thumb/v6-m/nofp\libcr_c.a(errno.o)
 .comment       0x00000049       0x4a d:/nxp/mcuxpressoide_11.6.1_8255/ide/plugins/com.nxp.mcuxpresso.tools.win32_11.6.1.202207200623/tools/bin/../lib/gcc/arm-none-eabi/10.3.1/../../../../arm-none-eabi/lib/thumb/v6-m/nofp\libcr_c.a(fclose.o)
 .comment       0x00000049       0x4a d:/nxp/mcuxpressoide_11.6.1_8255/ide/plugins/com.nxp.mcuxpresso.tools.win32_11.6.1.202207200623/tools/bin/../lib/gcc/arm-none-eabi/10.3.1/../../../../arm-none-eabi/lib/thumb/v6-m/nofp\libcr_c.a(fflush.o)
 .comment       0x00000049       0x4a d:/nxp/mcuxpressoide_11.6.1_8255/ide/plugins/com.nxp.mcuxpresso.tools.win32_11.6.1.202207200623/tools/bin/../lib/gcc/arm-none-eabi/10.3.1/../../../../arm-none-eabi/lib/thumb/v6-m/nofp\libcr_c.a(fseek.o)
 .comment       0x00000049       0x4a d:/nxp/mcuxpressoide_11.6.1_8255/ide/plugins/com.nxp.mcuxpresso.tools.win32_11.6.1.202207200623/tools/bin/../lib/gcc/arm-none-eabi/10.3.1/../../../../arm-none-eabi/lib/thumb/v6-m/nofp\libcr_c.a(ftell.o)
 .comment       0x00000049       0x4a d:/nxp/mcuxpressoide_11.6.1_8255/ide/plugins/com.nxp.mcuxpresso.tools.win32_11.6.1.202207200623/tools/bin/../lib/gcc/arm-none-eabi/10.3.1/../../../../arm-none-eabi/lib/thumb/v6-m/nofp\libcr_c.a(remove.o)
 .comment       0x00000049       0x4a d:/nxp/mcuxpressoide_11.6.1_8255/ide/plugins/com.nxp.mcuxpresso.tools.win32_11.6.1.202207200623/tools/bin/../lib/gcc/arm-none-eabi/10.3.1/../../../../arm-none-eabi/lib/thumb/v6-m/nofp\libcr_c.a(_do_fflush.o)
 .comment       0x00000049       0x4a d:/nxp/mcuxpressoide_11.6.1_8255/ide/plugins/com.nxp.mcuxpresso.tools.win32_11.6.1.202207200623/tools/bin/../lib/gcc/arm-none-eabi/10.3.1/../../../../arm-none-eabi/lib/thumb/v6-m/nofp\libcr_c.a(_fflush.o)
 .comment       0x00000049       0x4a d:/nxp/mcuxpressoide_11.6.1_8255/ide/plugins/com.nxp.mcuxpresso.tools.win32_11.6.1.202207200623/tools/bin/../lib/gcc/arm-none-eabi/10.3.1/../../../../arm-none-eabi/lib/thumb/v6-m/nofp\libcr_c.a(_writebuf.o)
 .comment       0x00000049       0x4a d:/nxp/mcuxpressoide_11.6.1_8255/ide/plugins/com.nxp.mcuxpresso.tools.win32_11.6.1.202207200623/tools/bin/../lib/gcc/arm-none-eabi/10.3.1/../../../../arm-none-eabi/lib/thumb/v6-m/nofp\libcr_c.a(_deferredlazyseek.o)
 .comment       0x00000049       0x4a d:/nxp/mcuxpressoide_11.6.1_8255/ide/plugins/com.nxp.mcuxpresso.tools.win32_11.6.1.202207200623/tools/bin/../lib/gcc/arm-none-eabi/10.3.1/../../../../arm-none-eabi/lib/thumb/v6-m/nofp\libcr_nohost_nf.a(__ciob.o)
 .comment       0x00000049       0x4a d:/nxp/mcuxpressoide_11.6.1_8255/ide/plugins/com.nxp.mcuxpresso.tools.win32_11.6.1.202207200623/tools/bin/../lib/gcc/arm-none-eabi/10.3.1/../../../../arm-none-eabi/lib/thumb/v6-m/nofp\libcr_nohost_nf.a(__sys_close.o)
 .comment       0x00000049       0x4a d:/nxp/mcuxpressoide_11.6.1_8255/ide/plugins/com.nxp.mcuxpresso.tools.win32_11.6.1.202207200623/tools/bin/../lib/gcc/arm-none-eabi/10.3.1/../../../../arm-none-eabi/lib/thumb/v6-m/nofp\libcr_nohost_nf.a(__sys_flen.o)
 .comment       0x00000049       0x4a d:/nxp/mcuxpressoide_11.6.1_8255/ide/plugins/com.nxp.mcuxpresso.tools.win32_11.6.1.202207200623/tools/bin/../lib/gcc/arm-none-eabi/10.3.1/../../../../arm-none-eabi/lib/thumb/v6-m/nofp\libcr_nohost_nf.a(__sys_istty.o)
 .comment       0x00000049       0x4a d:/nxp/mcuxpressoide_11.6.1_8255/ide/plugins/com.nxp.mcuxpresso.tools.win32_11.6.1.202207200623/tools/bin/../lib/gcc/arm-none-eabi/10.3.1/../../../../arm-none-eabi/lib/thumb/v6-m/nofp\libcr_nohost_nf.a(__sys_remove.o)
 .comment       0x00000049       0x4a d:/nxp/mcuxpressoide_11.6.1_8255/ide/plugins/com.nxp.mcuxpresso.tools.win32_11.6.1.202207200623/tools/bin/../lib/gcc/arm-none-eabi/10.3.1/../../../../arm-none-eabi/lib/thumb/v6-m/nofp\libcr_nohost_nf.a(__sys_seek.o)
 .comment       0x00000049       0x4a d:/nxp/mcuxpressoide_11.6.1_8255/ide/plugins/com.nxp.mcuxpresso.tools.win32_11.6.1.202207200623/tools/bin/../lib/gcc/arm-none-eabi/10.3.1/../../../../arm-none-eabi/lib/thumb/v6-m/nofp\libcr_nohost_nf.a(__sys_tmpnam.o)
 .comment       0x00000049       0x4a d:/nxp/mcuxpressoide_11.6.1_8255/ide/plugins/com.nxp.mcuxpresso.tools.win32_11.6.1.202207200623/tools/bin/../lib/gcc/arm-none-eabi/10.3.1/../../../../arm-none-eabi/lib/thumb/v6-m/nofp\libcr_nohost_nf.a(__sys_write.o)

.ARM.attributes
                0x00000000       0x2a
 .ARM.attributes
                0x00000000       0x2c ./utilities/fsl_assert.o
 .ARM.attributes
                0x0000002c       0x2c ./utilities/fsl_debug_console.o
 .ARM.attributes
                0x00000058       0x2c ./startup/startup_lpc845.o
 .ARM.attributes
                0x00000084       0x2c ./source/ADC_DMA_test.o
 .ARM.attributes
                0x000000b0       0x2c ./source/mtb.o
 .ARM.attributes
                0x000000dc       0x2c ./source/semihost_hardfault.o
 .ARM.attributes
                0x00000108       0x2c ./drivers/fsl_adc.o
 .ARM.attributes
                0x00000134       0x2c ./drivers/fsl_clock.o
 .ARM.attributes
                0x00000160       0x2c ./drivers/fsl_common_arm.o
 .ARM.attributes
                0x0000018c       0x2c ./drivers/fsl_dma.o
 .ARM.attributes
                0x000001b8       0x2c ./drivers/fsl_gpio.o
 .ARM.attributes
                0x000001e4       0x2c ./drivers/fsl_inputmux.o
 .ARM.attributes
                0x00000210       0x2c ./drivers/fsl_reset.o
 .ARM.attributes
                0x0000023c       0x2c ./drivers/fsl_swm.o
 .ARM.attributes
                0x00000268       0x2c ./drivers/fsl_usart.o
 .ARM.attributes
                0x00000294       0x2c ./device/system_LPC845.o
 .ARM.attributes
                0x000002c0       0x2c ./component/uart/fsl_adapter_miniusart.o
 .ARM.attributes
                0x000002ec       0x2c ./board/board.o
 .ARM.attributes
                0x00000318       0x2c ./board/clock_config.o
 .ARM.attributes
                0x00000344       0x2c ./board/peripherals.o
 .ARM.attributes
                0x00000370       0x2c ./board/pin_mux.o
 .ARM.attributes
                0x0000039c       0x2c d:/nxp/mcuxpressoide_11.6.1_8255/ide/plugins/com.nxp.mcuxpresso.tools.win32_11.6.1.202207200623/tools/bin/../lib/gcc/arm-none-eabi/10.3.1/../../../../arm-none-eabi/lib/thumb/v6-m/nofp\libcr_nohost_nf.a(_cr__main.o)
 .ARM.attributes
                0x000003c8       0x2c d:/nxp/mcuxpressoide_11.6.1_8255/ide/plugins/com.nxp.mcuxpresso.tools.win32_11.6.1.202207200623/tools/bin/../lib/gcc/arm-none-eabi/10.3.1/../../../../arm-none-eabi/lib/thumb/v6-m/nofp\libcr_c.a(memcpy.o)
 .ARM.attributes
                0x000003f4       0x2c d:/nxp/mcuxpressoide_11.6.1_8255/ide/plugins/com.nxp.mcuxpresso.tools.win32_11.6.1.202207200623/tools/bin/../lib/gcc/arm-none-eabi/10.3.1/../../../../arm-none-eabi/lib/thumb/v6-m/nofp\libcr_c.a(memset.o)
 .ARM.attributes
                0x00000420       0x2c d:/nxp/mcuxpressoide_11.6.1_8255/ide/plugins/com.nxp.mcuxpresso.tools.win32_11.6.1.202207200623/tools/bin/../lib/gcc/arm-none-eabi/10.3.1/../../../../arm-none-eabi/lib/thumb/v6-m/nofp\libcr_c.a(alloc.o)
 .ARM.attributes
                0x0000044c       0x2c d:/nxp/mcuxpressoide_11.6.1_8255/ide/plugins/com.nxp.mcuxpresso.tools.win32_11.6.1.202207200623/tools/bin/../lib/gcc/arm-none-eabi/10.3.1/../../../../arm-none-eabi/lib/thumb/v6-m/nofp\libcr_c.a(initio.o)
 .ARM.attributes
                0x00000478       0x2c d:/nxp/mcuxpressoide_11.6.1_8255/ide/plugins/com.nxp.mcuxpresso.tools.win32_11.6.1.202207200623/tools/bin/../lib/gcc/arm-none-eabi/10.3.1/../../../../arm-none-eabi/lib/thumb/v6-m/nofp\libcr_c.a(setvbuf.o)
 .ARM.attributes
                0x000004a4       0x2c d:/nxp/mcuxpressoide_11.6.1_8255/ide/plugins/com.nxp.mcuxpresso.tools.win32_11.6.1.202207200623/tools/bin/../lib/gcc/arm-none-eabi/10.3.1/../../../../arm-none-eabi/lib/thumb/v6-m/nofp\libcr_c.a(strlen.o)
 .ARM.attributes
                0x000004d0       0x2c d:/nxp/mcuxpressoide_11.6.1_8255/ide/plugins/com.nxp.mcuxpresso.tools.win32_11.6.1.202207200623/tools/bin/../lib/gcc/arm-none-eabi/10.3.1/../../../../arm-none-eabi/lib/thumb/v6-m/nofp\libcr_c.a(_fdopen.o)
 .ARM.attributes
                0x000004fc       0x2c d:/nxp/mcuxpressoide_11.6.1_8255/ide/plugins/com.nxp.mcuxpresso.tools.win32_11.6.1.202207200623/tools/bin/../lib/gcc/arm-none-eabi/10.3.1/../../../../arm-none-eabi/lib/thumb/v6-m/nofp\libcr_c.a(errno.o)
 .ARM.attributes
                0x00000528       0x2c d:/nxp/mcuxpressoide_11.6.1_8255/ide/plugins/com.nxp.mcuxpresso.tools.win32_11.6.1.202207200623/tools/bin/../lib/gcc/arm-none-eabi/10.3.1/../../../../arm-none-eabi/lib/thumb/v6-m/nofp\libcr_c.a(fclose.o)
 .ARM.attributes
                0x00000554       0x2c d:/nxp/mcuxpressoide_11.6.1_8255/ide/plugins/com.nxp.mcuxpresso.tools.win32_11.6.1.202207200623/tools/bin/../lib/gcc/arm-none-eabi/10.3.1/../../../../arm-none-eabi/lib/thumb/v6-m/nofp\libcr_c.a(fflush.o)
 .ARM.attributes
                0x00000580       0x2c d:/nxp/mcuxpressoide_11.6.1_8255/ide/plugins/com.nxp.mcuxpresso.tools.win32_11.6.1.202207200623/tools/bin/../lib/gcc/arm-none-eabi/10.3.1/../../../../arm-none-eabi/lib/thumb/v6-m/nofp\libcr_c.a(fseek.o)
 .ARM.attributes
                0x000005ac       0x2c d:/nxp/mcuxpressoide_11.6.1_8255/ide/plugins/com.nxp.mcuxpresso.tools.win32_11.6.1.202207200623/tools/bin/../lib/gcc/arm-none-eabi/10.3.1/../../../../arm-none-eabi/lib/thumb/v6-m/nofp\libcr_c.a(ftell.o)
 .ARM.attributes
                0x000005d8       0x2c d:/nxp/mcuxpressoide_11.6.1_8255/ide/plugins/com.nxp.mcuxpresso.tools.win32_11.6.1.202207200623/tools/bin/../lib/gcc/arm-none-eabi/10.3.1/../../../../arm-none-eabi/lib/thumb/v6-m/nofp\libcr_c.a(remove.o)
 .ARM.attributes
                0x00000604       0x2c d:/nxp/mcuxpressoide_11.6.1_8255/ide/plugins/com.nxp.mcuxpresso.tools.win32_11.6.1.202207200623/tools/bin/../lib/gcc/arm-none-eabi/10.3.1/../../../../arm-none-eabi/lib/thumb/v6-m/nofp\libcr_c.a(_do_fflush.o)
 .ARM.attributes
                0x00000630       0x2c d:/nxp/mcuxpressoide_11.6.1_8255/ide/plugins/com.nxp.mcuxpresso.tools.win32_11.6.1.202207200623/tools/bin/../lib/gcc/arm-none-eabi/10.3.1/../../../../arm-none-eabi/lib/thumb/v6-m/nofp\libcr_c.a(_fflush.o)
 .ARM.attributes
                0x0000065c       0x2c d:/nxp/mcuxpressoide_11.6.1_8255/ide/plugins/com.nxp.mcuxpresso.tools.win32_11.6.1.202207200623/tools/bin/../lib/gcc/arm-none-eabi/10.3.1/../../../../arm-none-eabi/lib/thumb/v6-m/nofp\libcr_c.a(_writebuf.o)
 .ARM.attributes
                0x00000688       0x2c d:/nxp/mcuxpressoide_11.6.1_8255/ide/plugins/com.nxp.mcuxpresso.tools.win32_11.6.1.202207200623/tools/bin/../lib/gcc/arm-none-eabi/10.3.1/../../../../arm-none-eabi/lib/thumb/v6-m/nofp\libcr_c.a(_deferredlazyseek.o)
 .ARM.attributes
                0x000006b4       0x1c d:/nxp/mcuxpressoide_11.6.1_8255/ide/plugins/com.nxp.mcuxpresso.tools.win32_11.6.1.202207200623/tools/bin/../lib/gcc/arm-none-eabi/10.3.1/thumb/v6-m/nofp\libcr_eabihelpers.a(division_32.o)
 .ARM.attributes
                0x000006d0       0x1c d:/nxp/mcuxpressoide_11.6.1_8255/ide/plugins/com.nxp.mcuxpresso.tools.win32_11.6.1.202207200623/tools/bin/../lib/gcc/arm-none-eabi/10.3.1/thumb/v6-m/nofp\libcr_eabihelpers.a(division_64.o)
 .ARM.attributes
                0x000006ec       0x1c d:/nxp/mcuxpressoide_11.6.1_8255/ide/plugins/com.nxp.mcuxpresso.tools.win32_11.6.1.202207200623/tools/bin/../lib/gcc/arm-none-eabi/10.3.1/thumb/v6-m/nofp\libcr_eabihelpers.a(division_idiv0.o)
 .ARM.attributes
                0x00000708       0x1c d:/nxp/mcuxpressoide_11.6.1_8255/ide/plugins/com.nxp.mcuxpresso.tools.win32_11.6.1.202207200623/tools/bin/../lib/gcc/arm-none-eabi/10.3.1/thumb/v6-m/nofp\libcr_eabihelpers.a(llong.o)
 .ARM.attributes
                0x00000724       0x1c d:/nxp/mcuxpressoide_11.6.1_8255/ide/plugins/com.nxp.mcuxpresso.tools.win32_11.6.1.202207200623/tools/bin/../lib/gcc/arm-none-eabi/10.3.1/thumb/v6-m/nofp\libcr_eabihelpers.a(memcpy.o)
 .ARM.attributes
                0x00000740       0x2c d:/nxp/mcuxpressoide_11.6.1_8255/ide/plugins/com.nxp.mcuxpresso.tools.win32_11.6.1.202207200623/tools/bin/../lib/gcc/arm-none-eabi/10.3.1/../../../../arm-none-eabi/lib/thumb/v6-m/nofp\libcr_nohost_nf.a(__ciob.o)
 .ARM.attributes
                0x0000076c       0x2c d:/nxp/mcuxpressoide_11.6.1_8255/ide/plugins/com.nxp.mcuxpresso.tools.win32_11.6.1.202207200623/tools/bin/../lib/gcc/arm-none-eabi/10.3.1/../../../../arm-none-eabi/lib/thumb/v6-m/nofp\libcr_nohost_nf.a(__sys_close.o)
 .ARM.attributes
                0x00000798       0x2c d:/nxp/mcuxpressoide_11.6.1_8255/ide/plugins/com.nxp.mcuxpresso.tools.win32_11.6.1.202207200623/tools/bin/../lib/gcc/arm-none-eabi/10.3.1/../../../../arm-none-eabi/lib/thumb/v6-m/nofp\libcr_nohost_nf.a(__sys_flen.o)
 .ARM.attributes
                0x000007c4       0x2c d:/nxp/mcuxpressoide_11.6.1_8255/ide/plugins/com.nxp.mcuxpresso.tools.win32_11.6.1.202207200623/tools/bin/../lib/gcc/arm-none-eabi/10.3.1/../../../../arm-none-eabi/lib/thumb/v6-m/nofp\libcr_nohost_nf.a(__sys_istty.o)
 .ARM.attributes
                0x000007f0       0x2c d:/nxp/mcuxpressoide_11.6.1_8255/ide/plugins/com.nxp.mcuxpresso.tools.win32_11.6.1.202207200623/tools/bin/../lib/gcc/arm-none-eabi/10.3.1/../../../../arm-none-eabi/lib/thumb/v6-m/nofp\libcr_nohost_nf.a(__sys_remove.o)
 .ARM.attributes
                0x0000081c       0x2c d:/nxp/mcuxpressoide_11.6.1_8255/ide/plugins/com.nxp.mcuxpresso.tools.win32_11.6.1.202207200623/tools/bin/../lib/gcc/arm-none-eabi/10.3.1/../../../../arm-none-eabi/lib/thumb/v6-m/nofp\libcr_nohost_nf.a(__sys_seek.o)
 .ARM.attributes
                0x00000848       0x2c d:/nxp/mcuxpressoide_11.6.1_8255/ide/plugins/com.nxp.mcuxpresso.tools.win32_11.6.1.202207200623/tools/bin/../lib/gcc/arm-none-eabi/10.3.1/../../../../arm-none-eabi/lib/thumb/v6-m/nofp\libcr_nohost_nf.a(__sys_tmpnam.o)
 .ARM.attributes
                0x00000874       0x2c d:/nxp/mcuxpressoide_11.6.1_8255/ide/plugins/com.nxp.mcuxpresso.tools.win32_11.6.1.202207200623/tools/bin/../lib/gcc/arm-none-eabi/10.3.1/../../../../arm-none-eabi/lib/thumb/v6-m/nofp\libcr_nohost_nf.a(__sys_write.o)

.debug_frame    0x00000000     0x1be4
 .debug_frame   0x00000000       0x30 ./utilities/fsl_assert.o
 .debug_frame   0x00000030      0x190 ./utilities/fsl_debug_console.o
 .debug_frame   0x000001c0      0x3a8 ./startup/startup_lpc845.o
 .debug_frame   0x00000568       0xec ./source/ADC_DMA_test.o
 .debug_frame   0x00000654       0x20 ./source/semihost_hardfault.o
 .debug_frame   0x00000674      0x190 ./drivers/fsl_adc.o
 .debug_frame   0x00000804      0x3ac ./drivers/fsl_clock.o
 .debug_frame   0x00000bb0       0x54 ./drivers/fsl_common_arm.o
 .debug_frame   0x00000c04      0x474 ./drivers/fsl_dma.o
 .debug_frame   0x00001078       0x90 ./drivers/fsl_gpio.o
 .debug_frame   0x00001108       0xb0 ./drivers/fsl_inputmux.o
 .debug_frame   0x000011b8       0x70 ./drivers/fsl_reset.o
 .debug_frame   0x00001228       0x50 ./drivers/fsl_swm.o
 .debug_frame   0x00001278      0x43c ./drivers/fsl_usart.o
 .debug_frame   0x000016b4       0x68 ./device/system_LPC845.o
 .debug_frame   0x0000171c       0xf0 ./component/uart/fsl_adapter_miniusart.o
 .debug_frame   0x0000180c       0x50 ./board/board.o
 .debug_frame   0x0000185c      0x140 ./board/clock_config.o
 .debug_frame   0x0000199c      0x100 ./board/peripherals.o
 .debug_frame   0x00001a9c      0x148 ./board/pin_mux.o

Cross Reference Table

Symbol                                            File
ADC0ConvSeqAConfigStruct                          ./board/peripherals.o
ADC0_OVR_DriverIRQHandler                         ./startup/startup_lpc845.o
ADC0_OVR_IRQHandler                               ./startup/startup_lpc845.o
ADC0_SEQA_DriverIRQHandler                        ./startup/startup_lpc845.o
ADC0_SEQA_IRQHandler                              ./startup/startup_lpc845.o
ADC0_SEQB_DriverIRQHandler                        ./startup/startup_lpc845.o
ADC0_SEQB_IRQHandler                              ./startup/startup_lpc845.o
ADC0_THCMP_DriverIRQHandler                       ./startup/startup_lpc845.o
ADC0_THCMP_IRQHandler                             ./startup/startup_lpc845.o
ADC0configStruct                                  ./board/peripherals.o
ADC_Deinit                                        ./drivers/fsl_adc.o
ADC_DoSelfCalibration                             ./drivers/fsl_adc.o
                                                  ./board/peripherals.o
ADC_GetChannelConversionResult                    ./drivers/fsl_adc.o
ADC_GetConvSeqAGlobalConversionResult             ./drivers/fsl_adc.o
ADC_GetConvSeqBGlobalConversionResult             ./drivers/fsl_adc.o
ADC_GetDefaultConfig                              ./drivers/fsl_adc.o
ADC_Init                                          ./drivers/fsl_adc.o
                                                  ./board/peripherals.o
ADC_SetConvSeqAConfig                             ./drivers/fsl_adc.o
                                                  ./board/peripherals.o
ADC_SetConvSeqBConfig                             ./drivers/fsl_adc.o
BOARD_BootClockFRO18M                             ./board/clock_config.o
BOARD_BootClockFRO24M                             ./board/clock_config.o
BOARD_BootClockFRO30M                             ./board/clock_config.o
BOARD_BootClockPll24M                             ./board/clock_config.o
BOARD_InitBUTTONsPins                             ./board/pin_mux.o
BOARD_InitBootClocks                              ./board/clock_config.o
                                                  ./source/ADC_DMA_test.o
BOARD_InitBootPeripherals                         ./board/peripherals.o
                                                  ./source/ADC_DMA_test.o
BOARD_InitBootPins                                ./board/pin_mux.o
                                                  ./source/ADC_DMA_test.o
BOARD_InitCAPTPins                                ./board/pin_mux.o
BOARD_InitDEBUG_UARTPins                          ./board/pin_mux.o
BOARD_InitDebugConsole                            ./board/board.o
                                                  ./source/ADC_DMA_test.o
BOARD_InitLEDsPins                                ./board/pin_mux.o
BOARD_InitPeripherals                             ./board/peripherals.o
BOARD_InitPins                                    ./board/pin_mux.o
BOARD_InitSWD_DEBUGPins                           ./board/pin_mux.o
BOD_DriverIRQHandler                              ./startup/startup_lpc845.o
BOD_IRQHandler                                    ./startup/startup_lpc845.o
CLOCK_GetClockOutClkFreq                          ./drivers/fsl_clock.o
CLOCK_GetFRG0ClkFreq                              ./drivers/fsl_clock.o
CLOCK_GetFRG1ClkFreq                              ./drivers/fsl_clock.o
CLOCK_GetFreq                                     ./drivers/fsl_clock.o
CLOCK_GetFroFreq                                  ./drivers/fsl_clock.o
CLOCK_GetMainClkFreq                              ./drivers/fsl_clock.o
                                                  ./board/board.o
CLOCK_GetSystemPLLInClockRate                     ./drivers/fsl_clock.o
CLOCK_GetUart0ClkFreq                             ./drivers/fsl_clock.o
CLOCK_GetUart1ClkFreq                             ./drivers/fsl_clock.o
CLOCK_GetUart2ClkFreq                             ./drivers/fsl_clock.o
CLOCK_GetUart3ClkFreq                             ./drivers/fsl_clock.o
CLOCK_GetUart4ClkFreq                             ./drivers/fsl_clock.o
CLOCK_InitExtClkin                                ./drivers/fsl_clock.o
CLOCK_InitSysOsc                                  ./drivers/fsl_clock.o
CLOCK_InitSystemPll                               ./drivers/fsl_clock.o
                                                  ./board/clock_config.o
CLOCK_InitWdtOsc                                  ./drivers/fsl_clock.o
CLOCK_InitXtalin                                  ./drivers/fsl_clock.o
CLOCK_SetFRG0ClkFreq                              ./drivers/fsl_clock.o
CLOCK_SetFRG1ClkFreq                              ./drivers/fsl_clock.o
CLOCK_SetFroOutClkSrc                             ./drivers/fsl_clock.o
                                                  ./board/clock_config.o
CLOCK_SetMainClkSrc                               ./drivers/fsl_clock.o
                                                  ./board/clock_config.o
CMP_CAPT_DriverIRQHandler                         ./startup/startup_lpc845.o
CMP_CAPT_IRQHandler                               ./startup/startup_lpc845.o
CRP_WORD                                          ./startup/startup_lpc845.o
CTIMER0_DriverIRQHandler                          ./startup/startup_lpc845.o
CTIMER0_IRQHandler                                ./startup/startup_lpc845.o
DAC0_DriverIRQHandler                             ./startup/startup_lpc845.o
DAC0_IRQHandler                                   ./startup/startup_lpc845.o
DMA0_CH0_Callback                                 ./source/ADC_DMA_test.o
                                                  ./board/peripherals.o
DMA0_CH0_Handle                                   ./board/peripherals.o
DMA0_CH0_TCDs_config                              ./board/peripherals.o
DMA0_CH0_trigger_config                           ./board/peripherals.o
DMA0_DriverIRQHandler                             ./drivers/fsl_dma.o
                                                  ./startup/startup_lpc845.o
DMA0_IRQHandler                                   ./startup/startup_lpc845.o
DMA_AbortTransfer                                 ./drivers/fsl_dma.o
DMA_ConfigureChannelTrigger                       ./drivers/fsl_dma.o
DMA_CreateDescriptor                              ./drivers/fsl_dma.o
DMA_CreateHandle                                  ./drivers/fsl_dma.o
                                                  ./board/peripherals.o
DMA_Deinit                                        ./drivers/fsl_dma.o
DMA_GetRemainingBytes                             ./drivers/fsl_dma.o
DMA_IRQHandle                                     ./drivers/fsl_dma.o
DMA_Init                                          ./drivers/fsl_dma.o
                                                  ./board/peripherals.o
DMA_InstallDescriptorMemory                       ./drivers/fsl_dma.o
DMA_LoadChannelDescriptor                         ./drivers/fsl_dma.o
DMA_PrepareChannelTransfer                        ./drivers/fsl_dma.o
DMA_PrepareTransfer                               ./drivers/fsl_dma.o
DMA_SetCallback                                   ./drivers/fsl_dma.o
                                                  ./board/peripherals.o
DMA_SetChannelConfig                              ./drivers/fsl_dma.o
                                                  ./board/peripherals.o
DMA_SetupChannelDescriptor                        ./drivers/fsl_dma.o
DMA_SetupDescriptor                               ./drivers/fsl_dma.o
DMA_StartTransfer                                 ./drivers/fsl_dma.o
DMA_SubmitChannelDescriptor                       ./drivers/fsl_dma.o
                                                  ./board/peripherals.o
DMA_SubmitChannelTransfer                         ./drivers/fsl_dma.o
DMA_SubmitChannelTransferParameter                ./drivers/fsl_dma.o
DMA_SubmitTransfer                                ./drivers/fsl_dma.o
DbgConsole_Deinit                                 ./utilities/fsl_debug_console.o
DbgConsole_Getchar                                ./utilities/fsl_debug_console.o
DbgConsole_Init                                   ./utilities/fsl_debug_console.o
                                                  ./board/board.o
DbgConsole_Printf                                 ./utilities/fsl_debug_console.o
                                                  ./utilities/fsl_assert.o
DbgConsole_Putchar                                ./utilities/fsl_debug_console.o
DbgConsole_Scanf                                  ./utilities/fsl_debug_console.o
DbgConsole_Vprintf                                ./utilities/fsl_debug_console.o
DestAddrA                                         ./source/ADC_DMA_test.o
                                                  ./board/peripherals.o
DestAddrB                                         ./source/ADC_DMA_test.o
DisableDeepSleepIRQ                               ./drivers/fsl_power.o
DmaDone                                           ./source/ADC_DMA_test.o
EnableDeepSleepIRQ                                ./drivers/fsl_power.o
ExtClockIn                                        ./board/board.o
FLASH_DriverIRQHandler                            ./startup/startup_lpc845.o
FLASH_IRQHandler                                  ./startup/startup_lpc845.o
GPIO_PinInit                                      ./drivers/fsl_gpio.o
                                                  ./board/pin_mux.o
GPIO_PortInit                                     ./drivers/fsl_gpio.o
HAL_UartDeinit                                    ./component/uart/fsl_adapter_miniusart.o
                                                  ./utilities/fsl_debug_console.o
HAL_UartEnterLowpower                             ./component/uart/fsl_adapter_miniusart.o
HAL_UartExitLowpower                              ./component/uart/fsl_adapter_miniusart.o
HAL_UartInit                                      ./component/uart/fsl_adapter_miniusart.o
                                                  ./utilities/fsl_debug_console.o
HAL_UartReceiveBlocking                           ./component/uart/fsl_adapter_miniusart.o
                                                  ./utilities/fsl_debug_console.o
HAL_UartSendBlocking                              ./component/uart/fsl_adapter_miniusart.o
                                                  ./utilities/fsl_debug_console.o
HardFault_Handler                                 ./source/semihost_hardfault.o
                                                  ./startup/startup_lpc845.o
I2C0_DriverIRQHandler                             ./startup/startup_lpc845.o
I2C0_IRQHandler                                   ./startup/startup_lpc845.o
I2C1_DriverIRQHandler                             ./startup/startup_lpc845.o
I2C1_IRQHandler                                   ./startup/startup_lpc845.o
I2C2_DriverIRQHandler                             ./startup/startup_lpc845.o
I2C2_IRQHandler                                   ./startup/startup_lpc845.o
I2C3_DriverIRQHandler                             ./startup/startup_lpc845.o
I2C3_IRQHandler                                   ./startup/startup_lpc845.o
INPUTMUX_AttachSignal                             ./drivers/fsl_inputmux.o
                                                  ./source/ADC_DMA_test.o
INPUTMUX_Deinit                                   ./drivers/fsl_inputmux.o
INPUTMUX_Init                                     ./drivers/fsl_inputmux.o
                                                  ./source/ADC_DMA_test.o
IntDefaultHandler                                 ./startup/startup_lpc845.o
MRT0_DriverIRQHandler                             ./startup/startup_lpc845.o
MRT0_IRQHandler                                   ./startup/startup_lpc845.o
NMI_Handler                                       ./startup/startup_lpc845.o
PIN_INT0_DriverIRQHandler                         ./startup/startup_lpc845.o
PIN_INT0_IRQHandler                               ./startup/startup_lpc845.o
PIN_INT1_DriverIRQHandler                         ./startup/startup_lpc845.o
PIN_INT1_IRQHandler                               ./startup/startup_lpc845.o
PIN_INT2_DriverIRQHandler                         ./startup/startup_lpc845.o
PIN_INT2_IRQHandler                               ./startup/startup_lpc845.o
PIN_INT3_DriverIRQHandler                         ./startup/startup_lpc845.o
PIN_INT3_IRQHandler                               ./startup/startup_lpc845.o
PIN_INT4_DriverIRQHandler                         ./startup/startup_lpc845.o
PIN_INT4_IRQHandler                               ./startup/startup_lpc845.o
PIN_INT5_DAC1_DriverIRQHandler                    ./startup/startup_lpc845.o
PIN_INT5_DAC1_IRQHandler                          ./startup/startup_lpc845.o
PIN_INT6_USART3_DriverIRQHandler                  ./drivers/fsl_usart.o
                                                  ./startup/startup_lpc845.o
PIN_INT6_USART3_IRQHandler                        ./startup/startup_lpc845.o
PIN_INT7_USART4_DriverIRQHandler                  ./drivers/fsl_usart.o
                                                  ./startup/startup_lpc845.o
PIN_INT7_USART4_IRQHandler                        ./startup/startup_lpc845.o
POWER_EnterDeepPowerDownMode                      ./drivers/fsl_power.o
POWER_EnterDeepSleep                              ./drivers/fsl_power.o
POWER_EnterPowerDown                              ./drivers/fsl_power.o
POWER_EnterSleep                                  ./drivers/fsl_power.o
PendSV_Handler                                    ./startup/startup_lpc845.o
RESET_PeripheralReset                             ./drivers/fsl_reset.o
                                                  ./board/board.o
                                                  ./drivers/fsl_usart.o
                                                  ./drivers/fsl_gpio.o
                                                  ./drivers/fsl_dma.o
Reserved22_DriverIRQHandler                       ./startup/startup_lpc845.o
Reserved22_IRQHandler                             ./startup/startup_lpc845.o
ResetISR                                          ./startup/startup_lpc845.o
SCT0_DriverIRQHandler                             ./startup/startup_lpc845.o
SCT0_IRQHandler                                   ./startup/startup_lpc845.o
SDK_DelayAtLeastUs                                ./drivers/fsl_common_arm.o
                                                  ./drivers/fsl_clock.o
                                                  ./drivers/fsl_adc.o
SDK_Free                                          ./drivers/fsl_common.o
SDK_Malloc                                        ./drivers/fsl_common.o
SPI0_DriverIRQHandler                             ./startup/startup_lpc845.o
SPI0_IRQHandler                                   ./startup/startup_lpc845.o
SPI1_DriverIRQHandler                             ./startup/startup_lpc845.o
SPI1_IRQHandler                                   ./startup/startup_lpc845.o
SVC_Handler                                       ./startup/startup_lpc845.o
SWM_SetFixedPinSelect                             ./drivers/fsl_swm.o
                                                  ./board/pin_mux.o
SWM_SetMovablePinSelect                           ./drivers/fsl_swm.o
                                                  ./board/pin_mux.o
SysTick_Handler                                   ./startup/startup_lpc845.o
SystemCoreClock                                   ./device/system_LPC845.o
                                                  ./board/clock_config.o
SystemCoreClockUpdate                             ./device/system_LPC845.o
SystemInit                                        ./device/system_LPC845.o
                                                  ./startup/startup_lpc845.o