/home/juan/Documentos/UTN/TC1/Proyecto/LPC845/Sine_generator_DAC_DMA/CMSIS/core_cm0plus.h:741:22:__NVIC_EnableIRQ	16	static
../drivers/fsl_clock.h:558:20:CLOCK_EnableClock	16	static
../drivers/fsl_clock.h:569:20:CLOCK_DisableClock	16	static
../drivers/fsl_common_arm.h:499:24:EnableIRQ	24	static
../drivers/fsl_dma.h:365:20:DMA_ChannelIsActive	16	static
../drivers/fsl_dma.h:390:20:DMA_EnableChannelInterrupts	16	static
../drivers/fsl_dma.h:414:20:DMA_EnableChannel	16	static
../drivers/fsl_dma.h:426:20:DMA_DisableChannel	16	static
../drivers/fsl_dma.h:438:20:DMA_EnableChannelPeriphRq	16	static
../drivers/fsl_dma.h:451:20:DMA_DisableChannelPeriphRq	16	static
../drivers/fsl_dma.c:98:17:DMA_GetInstance	24	static
../drivers/fsl_dma.c:114:17:DMA_GetVirtualStartChannel	32	static
../drivers/fsl_dma.c:138:6:DMA_Init	24	static
../drivers/fsl_dma.c:167:6:DMA_Deinit	16	static
../drivers/fsl_dma.c:184:6:DMA_ConfigureChannelTrigger	32	static
../drivers/fsl_dma.c:203:10:DMA_GetRemainingBytes	16	static
../drivers/fsl_dma.c:228:13:DMA_SetupXferCFG	24	static
../drivers/fsl_dma.c:277:6:DMA_SetupDescriptor	40	static
../drivers/fsl_dma.c:348:6:DMA_SetupChannelDescriptor	40	static
../drivers/fsl_dma.c:452:6:DMA_CreateDescriptor	48	static
../drivers/fsl_dma.c:473:6:DMA_AbortTransfer	16	static
../drivers/fsl_dma.c:497:6:DMA_CreateHandle	32	static
../drivers/fsl_dma.c:527:6:DMA_SetCallback	24	static
../drivers/fsl_dma.c:552:6:DMA_PrepareTransfer	32	static
../drivers/fsl_dma.c:619:6:DMA_SetChannelConfig	32	static
../drivers/fsl_dma.c:657:6:DMA_PrepareChannelTransfer	24	static
../drivers/fsl_dma.c:715:6:DMA_LoadChannelDescriptor	32	static
../drivers/fsl_dma.c:744:6:DMA_InstallDescriptorMemory	16	static
../drivers/fsl_dma.c:798:6:DMA_SubmitChannelTransferParameter	48	static
../drivers/fsl_dma.c:839:6:DMA_SubmitChannelDescriptor	16	static
../drivers/fsl_dma.c:903:10:DMA_SubmitChannelTransfer	56	static
../drivers/fsl_dma.c:946:10:DMA_SubmitTransfer	40	static
../drivers/fsl_dma.c:985:6:DMA_StartTransfer	24	static
../drivers/fsl_dma.c:1002:6:DMA_IRQHandle	40	static
../drivers/fsl_dma.c:1053:6:DMA0_DriverIRQHandler	8	static
