C:\Users\Damian - PC\Documents\MCUXpressoIDE_11.6.1_8255\workspace\RLC_Meter\drivers/fsl_power.h:142:20:POWER_EnablePD	16	static
C:\Users\Damian - PC\Documents\MCUXpressoIDE_11.6.1_8255\workspace\RLC_Meter\drivers/fsl_power.h:153:20:POWER_DisablePD	16	static
../source/sineGenerator.c:48:6:sineGenerator_init	8	static
../source/sineGenerator.c:53:6:sineGenerator_stop	8	static
../source/sineGenerator.c:59:6:sineGenerator_send	16	static
../source/sineGenerator.c:64:6:sineGenerator_freq	16	static
../source/sineGenerator.c:70:9:sineGenerator_getIndex	8	static
../source/sineGenerator.c:74:10:sineGenerator_getPhase	24	static
../source/sineGenerator.c:84:9:sineGenerator_getCycleCount	8	static
../source/sineGenerator.c:88:6:sineGenerator_resetCycleCount	8	static
../source/sineGenerator.c:93:6:DAC0_IRQHandler	16	static
