C:\Users\Damian - PC\Documents\MCUXpressoIDE_11.6.1_8255\workspace\RLC_MeterV2\drivers/fsl_power.h:142:20:POWER_EnablePD	16	static
C:\Users\Damian - PC\Documents\MCUXpressoIDE_11.6.1_8255\workspace\RLC_MeterV2\drivers/fsl_power.h:153:20:POWER_DisablePD	16	static
../source/sineGenerator.c:53:6:sineGenerator_init	8	static
../source/sineGenerator.c:61:6:sineGenerator_stop	8	static
../source/sineGenerator.c:67:6:sineGenerator_freq	16	static
../source/sineGenerator.c:74:9:sineGenerator_getCycleCount	8	static
../source/sineGenerator.c:78:6:sineGenerator_resetCycleCount	8	static
../source/sineGenerator.c:82:6:sineGenerator_CycleStarted	8	static
../source/sineGenerator.c:90:6:DAC_DMA_Callback	24	static
