Archive member included to satisfy reference by file (symbol)

d:/nxp/mcuxpressoide_11.6.1_8255/ide/plugins/com.nxp.mcuxpresso.tools.win32_11.6.1.202207200623/tools/bin/../lib/gcc/arm-none-eabi/10.3.1/../../../../arm-none-eabi/lib/thumb/v6-m/nofp\libcr_nohost_nf.a(_cr__main.o)
                              ./startup/startup_lpc845.o (__main)
d:/nxp/mcuxpressoide_11.6.1_8255/ide/plugins/com.nxp.mcuxpresso.tools.win32_11.6.1.202207200623/tools/bin/../lib/gcc/arm-none-eabi/10.3.1/../../../../arm-none-eabi/lib/thumb/v6-m/nofp\libcr_c.a(cosf.o)
                              ./source/RLC_Meter.o (cosf)
d:/nxp/mcuxpressoide_11.6.1_8255/ide/plugins/com.nxp.mcuxpresso.tools.win32_11.6.1.202207200623/tools/bin/../lib/gcc/arm-none-eabi/10.3.1/../../../../arm-none-eabi/lib/thumb/v6-m/nofp\libcr_c.a(sinf.o)
                              ./source/RLC_Meter.o (sinf)
d:/nxp/mcuxpressoide_11.6.1_8255/ide/plugins/com.nxp.mcuxpresso.tools.win32_11.6.1.202207200623/tools/bin/../lib/gcc/arm-none-eabi/10.3.1/../../../../arm-none-eabi/lib/thumb/v6-m/nofp\libcr_c.a(memcpy.o)
                              ./utilities/fsl_debug_console.o (memcpy)
d:/nxp/mcuxpressoide_11.6.1_8255/ide/plugins/com.nxp.mcuxpresso.tools.win32_11.6.1.202207200623/tools/bin/../lib/gcc/arm-none-eabi/10.3.1/../../../../arm-none-eabi/lib/thumb/v6-m/nofp\libcr_c.a(memset.o)
                              ./source/RLC_Meter.o (memset)
d:/nxp/mcuxpressoide_11.6.1_8255/ide/plugins/com.nxp.mcuxpresso.tools.win32_11.6.1.202207200623/tools/bin/../lib/gcc/arm-none-eabi/10.3.1/../../../../arm-none-eabi/lib/thumb/v6-m/nofp\libcr_c.a(alloc.o)
                              ./drivers/fsl_common.o (malloc)
d:/nxp/mcuxpressoide_11.6.1_8255/ide/plugins/com.nxp.mcuxpresso.tools.win32_11.6.1.202207200623/tools/bin/../lib/gcc/arm-none-eabi/10.3.1/../../../../arm-none-eabi/lib/thumb/v6-m/nofp\libcr_c.a(ceil.o)
                              ./source/signalReader.o (ceil)
d:/nxp/mcuxpressoide_11.6.1_8255/ide/plugins/com.nxp.mcuxpresso.tools.win32_11.6.1.202207200623/tools/bin/../lib/gcc/arm-none-eabi/10.3.1/../../../../arm-none-eabi/lib/thumb/v6-m/nofp\libcr_c.a(initio.o)
                              d:/nxp/mcuxpressoide_11.6.1_8255/ide/plugins/com.nxp.mcuxpresso.tools.win32_11.6.1.202207200623/tools/bin/../lib/gcc/arm-none-eabi/10.3.1/../../../../arm-none-eabi/lib/thumb/v6-m/nofp\libcr_nohost_nf.a(_cr__main.o) (_initio)
d:/nxp/mcuxpressoide_11.6.1_8255/ide/plugins/com.nxp.mcuxpresso.tools.win32_11.6.1.202207200623/tools/bin/../lib/gcc/arm-none-eabi/10.3.1/../../../../arm-none-eabi/lib/thumb/v6-m/nofp\libcr_c.a(printf.o)
                              ./source/RLC_Meter.o (_sprintf)
d:/nxp/mcuxpressoide_11.6.1_8255/ide/plugins/com.nxp.mcuxpresso.tools.win32_11.6.1.202207200623/tools/bin/../lib/gcc/arm-none-eabi/10.3.1/../../../../arm-none-eabi/lib/thumb/v6-m/nofp\libcr_c.a(setvbuf.o)
                              d:/nxp/mcuxpressoide_11.6.1_8255/ide/plugins/com.nxp.mcuxpresso.tools.win32_11.6.1.202207200623/tools/bin/../lib/gcc/arm-none-eabi/10.3.1/../../../../arm-none-eabi/lib/thumb/v6-m/nofp\libcr_c.a(initio.o) (setvbuf)
d:/nxp/mcuxpressoide_11.6.1_8255/ide/plugins/com.nxp.mcuxpresso.tools.win32_11.6.1.202207200623/tools/bin/../lib/gcc/arm-none-eabi/10.3.1/../../../../arm-none-eabi/lib/thumb/v6-m/nofp\libcr_c.a(stdlib.o)
                              ./source/RLC_Meter.o (abs)
d:/nxp/mcuxpressoide_11.6.1_8255/ide/plugins/com.nxp.mcuxpresso.tools.win32_11.6.1.202207200623/tools/bin/../lib/gcc/arm-none-eabi/10.3.1/../../../../arm-none-eabi/lib/thumb/v6-m/nofp\libcr_c.a(strlen.o)
                              ./utilities/fsl_debug_console.o (strlen)
d:/nxp/mcuxpressoide_11.6.1_8255/ide/plugins/com.nxp.mcuxpresso.tools.win32_11.6.1.202207200623/tools/bin/../lib/gcc/arm-none-eabi/10.3.1/../../../../arm-none-eabi/lib/thumb/v6-m/nofp\libcr_c.a(_sincosf.o)
                              d:/nxp/mcuxpressoide_11.6.1_8255/ide/plugins/com.nxp.mcuxpresso.tools.win32_11.6.1.202207200623/tools/bin/../lib/gcc/arm-none-eabi/10.3.1/../../../../arm-none-eabi/lib/thumb/v6-m/nofp\libcr_c.a(cosf.o) (_sincosf)
d:/nxp/mcuxpressoide_11.6.1_8255/ide/plugins/com.nxp.mcuxpresso.tools.win32_11.6.1.202207200623/tools/bin/../lib/gcc/arm-none-eabi/10.3.1/../../../../arm-none-eabi/lib/thumb/v6-m/nofp\libcr_c.a(fabsf.o)
                              d:/nxp/mcuxpressoide_11.6.1_8255/ide/plugins/com.nxp.mcuxpresso.tools.win32_11.6.1.202207200623/tools/bin/../lib/gcc/arm-none-eabi/10.3.1/../../../../arm-none-eabi/lib/thumb/v6-m/nofp\libcr_c.a(_sincosf.o) (fabsf)
d:/nxp/mcuxpressoide_11.6.1_8255/ide/plugins/com.nxp.mcuxpresso.tools.win32_11.6.1.202207200623/tools/bin/../lib/gcc/arm-none-eabi/10.3.1/../../../../arm-none-eabi/lib/thumb/v6-m/nofp\libcr_c.a(__init_alloc.o)
                              d:/nxp/mcuxpressoide_11.6.1_8255/ide/plugins/com.nxp.mcuxpresso.tools.win32_11.6.1.202207200623/tools/bin/../lib/gcc/arm-none-eabi/10.3.1/../../../../arm-none-eabi/lib/thumb/v6-m/nofp\libcr_c.a(alloc.o) (__heaps)
[...]
Memory Configuration

Name             Origin             Length             Attributes
PROGRAM_FLASH    0x00000000         0x00010000         xr
SRAM             0x10000000         0x00003fe0         xrw
IAP_SRAM         0x10003fe0         0x00000020         xrw
*default*        0x00000000         0xffffffff

Linker script and memory map

LOAD ./utilities/fsl_assert.o
LOAD ./utilities/fsl_debug_console.o
LOAD ./startup/startup_lpc845.o
LOAD ./source/RLC_Meter.o
LOAD ./source/UartComm.o
LOAD ./source/globalTimer.o
LOAD ./source/mtb.o
LOAD ./source/semihost_hardfault.o
LOAD ./source/signalReader.o
LOAD ./source/sineGenerator.o
LOAD ./drivers/fsl_adc.o
LOAD ./drivers/fsl_clock.o
LOAD ./drivers/fsl_common.o
LOAD ./drivers/fsl_common_arm.o
LOAD ./drivers/fsl_ctimer.o
LOAD ./drivers/fsl_dac.o
LOAD ./drivers/fsl_dma.o
LOAD ./drivers/fsl_gpio.o
LOAD ./drivers/fsl_inputmux.o
LOAD ./drivers/fsl_power.o
LOAD ./drivers/fsl_reset.o
LOAD ./drivers/fsl_swm.o
LOAD ./drivers/fsl_usart.o
LOAD ./device/system_LPC845.o
LOAD ./component/uart/fsl_adapter_miniusart.o
LOAD ./board/board.o
LOAD ./board/clock_config.o
LOAD ./board/peripherals.o
LOAD ./board/pin_mux.o
START GROUP
LOAD d:/nxp/mcuxpressoide_11.6.1_8255/ide/plugins/com.nxp.mcuxpresso.tools.win32_11.6.1.202207200623/tools/bin/../lib/gcc/arm-none-eabi/10.3.1/../../../../arm-none-eabi/lib/thumb/v6-m/nofp\libcr_nohost_nf.a
LOAD d:/nxp/mcuxpressoide_11.6.1_8255/ide/plugins/com.nxp.mcuxpresso.tools.win32_11.6.1.202207200623/tools/bin/../lib/gcc/arm-none-eabi/10.3.1/../../../../arm-none-eabi/lib/thumb/v6-m/nofp\libcr_c.a
LOAD d:/nxp/mcuxpressoide_11.6.1_8255/ide/plugins/com.nxp.mcuxpresso.tools.win32_11.6.1.202207200623/tools/bin/../lib/gcc/arm-none-eabi/10.3.1/thumb/v6-m/nofp\libcr_eabihelpers.a
LOAD d:/nxp/mcuxpressoide_11.6.1_8255/ide/plugins/com.nxp.mcuxpresso.tools.win32_11.6.1.202207200623/tools/bin/../lib/gcc/arm-none-eabi/10.3.1/thumb/v6-m/nofp\libgcc.a
END GROUP
                0x00000000                __base_PROGRAM_FLASH = 0x0
                0x00000000                __base_Flash = 0x0
                0x00010000                __top_PROGRAM_FLASH = 0x10000
                0x00010000                __top_Flash = 0x10000
                0x10000000                __base_SRAM = 0x10000000
                0x10000000                __base_RAM = 0x10000000
                0x10003fe0                __top_SRAM = 0x10003fe0
                0x10003fe0                __top_RAM = 0x10003fe0
                0x10003fe0                __base_IAP_SRAM = 0x10003fe0
                0x10003fe0                __base_RAM2 = 0x10003fe0
                0x10004000                __top_IAP_SRAM = 0x10004000
                0x10004000                __top_RAM2 = 0x10004000

.text           0x00000000     0x6bdc
 FILL mask 0xff
                0x00000000                __vectors_start__ = ABSOLUTE (.)
 *(SORT_BY_ALIGNMENT(.isr_vector))
 .isr_vector    0x00000000       0xc0 ./startup/startup_lpc845.o
                0x00000000                g_pfnVectors
                0x00000000                __Vectors
                0x000000c0                . = ALIGN (0x4)
                0x000000c0                __section_table_start = .
                0x000000c0                __data_section_table = .
                0x000000c0        0x4 LONG 0x6bdc LOADADDR (.data)
                0x000000c4        0x4 LONG 0x10000080 ADDR (.data)
                0x000000c8        0x4 LONG 0x1a8 SIZEOF (.data)
                0x000000cc        0x4 LONG 0x6bdc LOADADDR (.data_RAM2)
                0x000000d0        0x4 LONG 0x10003fe0 ADDR (.data_RAM2)
                0x000000d4        0x4 LONG 0x0 SIZEOF (.data_RAM2)
                0x000000d8                __data_section_table_end = .
                0x000000d8                __bss_section_table = .
                0x000000d8        0x4 LONG 0x10000400 ADDR (.bss)
                0x000000dc        0x4 LONG 0x32c SIZEOF (.bss)
                0x000000e0        0x4 LONG 0x10003fe0 ADDR (.bss_RAM2)
                0x000000e4        0x4 LONG 0x0 SIZEOF (.bss_RAM2)
                0x000000e8                __bss_section_table_end = .
                0x000000e8                __section_table_end = .
 *(SORT_BY_ALIGNMENT(.after_vectors*))
 .after_vectors.reset
                0x000000e8       0x54 ./startup/startup_lpc845.o
                0x000000e8                ResetISR
 .after_vectors.init_data
                0x0000013c       0x12 ./startup/startup_lpc845.o
                0x0000013c                data_init
 .after_vectors.init_bss
                0x0000014e       0x10 ./startup/startup_lpc845.o
                0x0000014e                bss_init
 .after_vectors
                0x0000015e      0x10c ./startup/startup_lpc845.o
                0x0000015e                NMI_Handler
                0x00000162                SVC_Handler
                0x00000164                PendSV_Handler
                0x00000168                SPI1_DriverIRQHandler
                0x00000168                I2C0_DriverIRQHandler
                0x00000168                SCT0_DriverIRQHandler
                0x00000168                ADC0_OVR_DriverIRQHandler
                0x00000168                BOD_DriverIRQHandler
                0x00000168                I2C1_DriverIRQHandler
                0x00000168                I2C3_DriverIRQHandler
                0x00000168                PIN_INT1_DriverIRQHandler
                0x00000168                PIN_INT3_DriverIRQHandler
                0x00000168                PIN_INT5_DAC1_DriverIRQHandler
                0x00000168                PIN_INT2_DriverIRQHandler
                0x00000168                WDT_DriverIRQHandler
                0x00000168                I2C2_DriverIRQHandler
                0x00000168                PIN_INT0_DriverIRQHandler
                0x00000168                ADC0_SEQA_DriverIRQHandler
                0x00000168                IntDefaultHandler
                0x00000168                FLASH_DriverIRQHandler
                0x00000168                WKT_DriverIRQHandler
                0x00000168                DAC0_DriverIRQHandler
                0x00000168                MRT0_DriverIRQHandler
                0x00000168                PIN_INT4_DriverIRQHandler
                0x00000168                ADC0_SEQB_DriverIRQHandler
                0x00000168                CMP_CAPT_DriverIRQHandler
                0x00000168                ADC0_THCMP_DriverIRQHandler
                0x00000168                SPI0_DriverIRQHandler
                0x00000168                Reserved22_DriverIRQHandler
                0x0000016a                SPI0_IRQHandler
                0x00000172                SPI1_IRQHandler
                0x0000017a                DAC0_IRQHandler
                0x00000182                USART0_IRQHandler
                0x0000018a                USART1_IRQHandler
                0x00000192                USART2_IRQHandler
                0x0000019a                Reserved22_IRQHandler
                0x000001a2                I2C1_IRQHandler
                0x000001aa                I2C0_IRQHandler
                0x000001b2                SCT0_IRQHandler
                0x000001ba                MRT0_IRQHandler
                0x000001c2                CMP_CAPT_IRQHandler
                0x000001ca                WDT_IRQHandler
                0x000001d2                BOD_IRQHandler
                0x000001da                FLASH_IRQHandler
                0x000001e2                WKT_IRQHandler
                0x000001f2                ADC0_SEQB_IRQHandler
                0x000001fa                ADC0_THCMP_IRQHandler
                0x00000202                ADC0_OVR_IRQHandler
                0x0000020a                DMA0_IRQHandler
                0x00000212                I2C2_IRQHandler
                0x0000021a                I2C3_IRQHandler
                0x00000222                CTIMER0_IRQHandler
                0x0000022a                PIN_INT0_IRQHandler
                0x00000232                PIN_INT1_IRQHandler
                0x0000023a                PIN_INT2_IRQHandler
                0x00000242                PIN_INT3_IRQHandler
                0x0000024a                PIN_INT4_IRQHandler
                0x00000252                PIN_INT5_DAC1_IRQHandler
                0x0000025a                PIN_INT6_USART3_IRQHandler
                0x00000262                PIN_INT7_USART4_IRQHandler
                0x000002fc                . = 0x2fc
 *fill*         0x0000026a       0x92 ff
                0x000002fc                PROVIDE (__CRP_WORD_START__ = .)
 *(SORT_BY_ALIGNMENT(.crp))
 .crp           0x000002fc        0x4 ./startup/startup_lpc845.o
                0x000002fc                CRP_WORD
                0x00000300                PROVIDE (__CRP_WORD_END__ = .)
                0x00000001                ASSERT (! ((__CRP_WORD_START__ == __CRP_WORD_END__)), Linker CRP Enabled, but no CRP_WORD provided within application)
 *(SORT_BY_ALIGNMENT(.text*))
 .text.__assertion_failed
                0x00000300       0x1c ./utilities/fsl_assert.o
                0x00000300                __assertion_failed
 .text.DbgConsole_Init
                0x0000031c       0x9c ./utilities/fsl_debug_console.o
                0x0000031c                DbgConsole_Init
 .text.DbgConsole_Vprintf
                0x000003b8       0x40 ./utilities/fsl_debug_console.o
                0x000003b8                DbgConsole_Vprintf
 .text.DbgConsole_Putchar
                0x000003f8       0x30 ./utilities/fsl_debug_console.o
                0x000003f8                DbgConsole_Putchar
 .text.__NVIC_SetPriority
                0x00000428       0xdc ./source/RLC_Meter.o
 .text.SysTick_Config
                0x00000504       0x48 ./source/RLC_Meter.o
 .text.main     0x0000054c      0x2a4 ./source/RLC_Meter.o
                0x0000054c                main
 .text.UartComm_available
                0x000007f0       0x24 ./source/UartComm.o
                0x000007f0                UartComm_available
 .text.UartComm_cmdDetected
                0x00000814       0x44 ./source/UartComm.o
                0x00000814                UartComm_cmdDetected
 .text.UartComm_readCmd
                0x00000858       0x14 ./source/UartComm.o
                0x00000858                UartComm_readCmd
 .text.SysTick_Handler
                0x0000086c       0x90 ./source/globalTimer.o
                0x0000086c                SysTick_Handler
 .text.timer_setValue
                0x000008fc       0x38 ./source/globalTimer.o
                0x000008fc                timer_setValue
 .text.timer_reset
                0x00000934       0x24 ./source/globalTimer.o
                0x00000934                timer_reset
 .text.timer_getStatus
                0x00000958       0x54 ./source/globalTimer.o
                0x00000958                timer_getStatus
 .text.delayMs  0x000009ac       0x30 ./source/globalTimer.o
                0x000009ac                delayMs
 .text.HardFault_Handler
                0x000009dc       0x30 ./source/semihost_hardfault.o
                0x000009dc                HardFault_Handler
 .text.POWER_DisablePD
                0x00000a0c       0x2c ./source/signalReader.o
 .text.signalReader_update
                0x00000a38       0x18 ./source/signalReader.o
                0x00000a38                signalReader_update
 .text.signalReader_readSample
                0x00000a50       0x24 ./source/signalReader.o
                0x00000a50                signalReader_readSample
 .text.signalReader_getCurrentScale
                0x00000a74       0x14 ./source/signalReader.o
                0x00000a74                signalReader_getCurrentScale
 .text.signalReader_resetIndex
                0x00000a88       0x14 ./source/signalReader.o
                0x00000a88                signalReader_resetIndex
 .text.signalReader_getPhaseFromIndex
                0x00000a9c       0xdc ./source/signalReader.o
                0x00000a9c                signalReader_getPhaseFromIndex
 .text.ADC0_SEQA_IRQHandler
                0x00000b78       0x80 ./source/signalReader.o
                0x00000b78                ADC0_SEQA_IRQHandler
 .text.POWER_EnablePD
                0x00000bf8       0x28 ./source/sineGenerator.o
 .text.POWER_DisablePD
                0x00000c20       0x2c ./source/sineGenerator.o
 .text.sineGenerator_init
                0x00000c4c       0x2c ./source/sineGenerator.o
                0x00000c4c                sineGenerator_init
 .text.sineGenerator_stop
                0x00000c78       0x28 ./source/sineGenerator.o
                0x00000c78                sineGenerator_stop
 .text.sineGenerator_freq
                0x00000ca0       0x34 ./source/sineGenerator.o
                0x00000ca0                sineGenerator_freq
 .text.sineGenerator_getCycleCount
                0x00000cd4       0x14 ./source/sineGenerator.o
                0x00000cd4                sineGenerator_getCycleCount
 .text.sineGenerator_resetCycleCount
                0x00000ce8       0x14 ./source/sineGenerator.o
                0x00000ce8                sineGenerator_resetCycleCount
 .text.sineGenerator_CycleStarted
                0x00000cfc       0x24 ./source/sineGenerator.o
                0x00000cfc                sineGenerator_CycleStarted
 .text.DAC_DMA_Callback
                0x00000d20       0x50 ./source/sineGenerator.o
                0x00000d20                DAC_DMA_Callback
 .text.CLOCK_EnableClock
                0x00000d70       0x54 ./drivers/fsl_adc.o
 .text.ADC_GetInstance
                0x00000dc4       0x48 ./drivers/fsl_adc.o
 .text.ADC_Init
                0x00000e0c       0x98 ./drivers/fsl_adc.o
                0x00000e0c                ADC_Init
 .text.ADC_DoSelfCalibration
                0x00000ea4       0xb4 ./drivers/fsl_adc.o
                0x00000ea4                ADC_DoSelfCalibration
 .text.ADC_SetConvSeqAConfig
                0x00000f58       0x94 ./drivers/fsl_adc.o
                0x00000f58                ADC_SetConvSeqAConfig
 .text.ADC_GetChannelConversionResult
                0x00000fec       0xa4 ./drivers/fsl_adc.o
                0x00000fec                ADC_GetChannelConversionResult
 .text.CLOCK_GetSystemPLLFreq
                0x00001090       0x20 ./drivers/fsl_clock.o
 .text.CLOCK_GetWdtOscFreq
                0x000010b0       0x14 ./drivers/fsl_clock.o
 .text.CLOCK_GetExtClkFreq
                0x000010c4       0x14 ./drivers/fsl_clock.o
 .text.CLOCK_UpdateClkSrc
                0x000010d8       0x4c ./drivers/fsl_clock.o
 .text.CLOCK_GetMainClkFreq
                0x00001124       0x78 ./drivers/fsl_clock.o
                0x00001124                CLOCK_GetMainClkFreq
 .text.CLOCK_GetFroFreq
                0x0000119c       0x78 ./drivers/fsl_clock.o
                0x0000119c                CLOCK_GetFroFreq
 .text.CLOCK_GetSystemPLLInClockRate
                0x00001214       0x64 ./drivers/fsl_clock.o
                0x00001214                CLOCK_GetSystemPLLInClockRate
 .text.CLOCK_SetMainClkSrc
                0x00001278       0x9c ./drivers/fsl_clock.o
                0x00001278                CLOCK_SetMainClkSrc
 .text.CLOCK_SetFroOutClkSrc
                0x00001314       0x48 ./drivers/fsl_clock.o
                0x00001314                CLOCK_SetFroOutClkSrc
 .text.SDK_DelayAtLeastUs
                0x0000135c       0x78 ./drivers/fsl_common_arm.o
                0x0000135c                SDK_DelayAtLeastUs
 .text.CTIMER_GenericIRQHandler
                0x000013d4       0xb0 ./drivers/fsl_ctimer.o
 .text.CLOCK_EnableClock
                0x00001484       0x54 ./drivers/fsl_dac.o
 .text.DAC_GetInstance
                0x000014d8       0x4c ./drivers/fsl_dac.o
 .text.DAC_Init
                0x00001524       0x80 ./drivers/fsl_dac.o
                0x00001524                DAC_Init
 .text.DAC_SetBufferValue
                0x000015a4       0x44 ./drivers/fsl_dac.o
                0x000015a4                DAC_SetBufferValue
 .text.DAC_SetCounterValue
                0x000015e8       0x44 ./drivers/fsl_dac.o
                0x000015e8                DAC_SetCounterValue
 .text.__NVIC_EnableIRQ
                0x0000162c       0x34 ./drivers/fsl_dma.o
 .text.CLOCK_EnableClock
                0x00001660       0x54 ./drivers/fsl_dma.o
 .text.DMA_EnableChannelInterrupts
                0x000016b4       0x5c ./drivers/fsl_dma.o
 .text.DMA_EnableChannel
                0x00001710       0x5c ./drivers/fsl_dma.o
 .text.DMA_GetInstance
                0x0000176c       0x48 ./drivers/fsl_dma.o
 .text.DMA_Init
                0x000017b4       0x5c ./drivers/fsl_dma.o
                0x000017b4                DMA_Init
 .text.DMA_CreateHandle
                0x00001810       0x8c ./drivers/fsl_dma.o
                0x00001810                DMA_CreateHandle
 .text.DMA_SetCallback
                0x0000189c       0x34 ./drivers/fsl_dma.o
                0x0000189c                DMA_SetCallback
 .text.DMA_LoadChannelDescriptor
                0x000018d0       0x8c ./drivers/fsl_dma.o
                0x000018d0                DMA_LoadChannelDescriptor
 .text.DMA_SubmitChannelDescriptor
                0x0000195c       0x3c ./drivers/fsl_dma.o
                0x0000195c                DMA_SubmitChannelDescriptor
 .text.DMA_StartTransfer
                0x00001998       0x84 ./drivers/fsl_dma.o
                0x00001998                DMA_StartTransfer
 .text.DMA_IRQHandle
                0x00001a1c      0x1f0 ./drivers/fsl_dma.o
                0x00001a1c                DMA_IRQHandle
 .text.DMA0_DriverIRQHandler
                0x00001c0c       0x18 ./drivers/fsl_dma.o
                0x00001c0c                DMA0_DriverIRQHandler
 .text.CLOCK_EnableClock
                0x00001c24       0x54 ./drivers/fsl_gpio.o
 .text.GPIO_EnablePortClock
                0x00001c78       0x38 ./drivers/fsl_gpio.o
 .text.RESET_SetPeripheralReset
                0x00001cb0       0x70 ./drivers/fsl_reset.o
 .text.RESET_ClearPeripheralReset
                0x00001d20       0x6c ./drivers/fsl_reset.o
 .text.SWM_SetMovablePinSelect
                0x00001d8c       0x98 ./drivers/fsl_swm.o
                0x00001d8c                SWM_SetMovablePinSelect
 .text.SWM_SetFixedPinSelect
                0x00001e24       0xa0 ./drivers/fsl_swm.o
                0x00001e24                SWM_SetFixedPinSelect
 .text.CLOCK_EnableClock
                0x00001ec4       0x54 ./drivers/fsl_usart.o
 .text.USART_EnableContinuousSCLK
                0x00001f18       0x40 ./drivers/fsl_usart.o
 .text.USART_GetInstance
                0x00001f58       0x4c ./drivers/fsl_usart.o
                0x00001f58                USART_GetInstance
 .text.USART_Init
                0x00001fa4      0x12c ./drivers/fsl_usart.o
                0x00001fa4                USART_Init
 .text.USART_GetDefaultConfig
                0x000020d0       0x74 ./drivers/fsl_usart.o
                0x000020d0                USART_GetDefaultConfig
 .text.USART_SetBaudRate
                0x00002144      0x148 ./drivers/fsl_usart.o
                0x00002144                USART_SetBaudRate
 .text.USART_WriteBlocking
                0x0000228c       0x64 ./drivers/fsl_usart.o
                0x0000228c                USART_WriteBlocking
 .text.USART_ReadBlocking
                0x000022f0       0xc0 ./drivers/fsl_usart.o
                0x000022f0                USART_ReadBlocking
 .text.USART0_DriverIRQHandler
                0x000023b0       0x24 ./drivers/fsl_usart.o
                0x000023b0                USART0_DriverIRQHandler
 .text.USART1_DriverIRQHandler
                0x000023d4       0x24 ./drivers/fsl_usart.o
                0x000023d4                USART1_DriverIRQHandler
 .text.USART2_DriverIRQHandler
                0x000023f8       0x24 ./drivers/fsl_usart.o
                0x000023f8                USART2_DriverIRQHandler
 .text.PIN_INT6_USART3_DriverIRQHandler
                0x0000241c       0x24 ./drivers/fsl_usart.o
                0x0000241c                PIN_INT6_USART3_DriverIRQHandler
 .text.PIN_INT7_USART4_DriverIRQHandler
                0x00002440       0x24 ./drivers/fsl_usart.o
                0x00002440                PIN_INT7_USART4_DriverIRQHandler
 .text.SystemInit
                0x00002464       0x3c ./device/system_LPC845.o
                0x00002464                SystemInit
 .text.HAL_UartGetStatus
                0x000024a0       0x20 ./component/uart/fsl_adapter_miniusart.o
 .text.HAL_UartInit
                0x000024c0      0x11c ./component/uart/fsl_adapter_miniusart.o
                0x000024c0                HAL_UartInit
 .text.HAL_UartReceiveBlocking
                0x000025dc       0x78 ./component/uart/fsl_adapter_miniusart.o
                0x000025dc                HAL_UartReceiveBlocking
 .text.HAL_UartSendBlocking
                0x00002654       0x6c ./component/uart/fsl_adapter_miniusart.o
                0x00002654                HAL_UartSendBlocking
 .text.CLOCK_Select
                0x000026c0       0x38 ./board/board.o
 .text.BOARD_InitDebugConsole
                0x000026f8       0x4c ./board/board.o
                0x000026f8                BOARD_InitDebugConsole
 .text.CLOCK_Select
                0x00002744       0x38 ./board/clock_config.o
 .text.CLOCK_SetClkDivider
                0x0000277c       0x30 ./board/clock_config.o
 .text.CLOCK_SetCoreSysClkDiv
                0x000027ac       0x3c ./board/clock_config.o
 .text.CLOCK_SetFroOscFreq
                0x000027e8       0x24 ./board/clock_config.o
 .text.POWER_DisablePD
                0x0000280c       0x2c ./board/clock_config.o
 .text.BOARD_BootClockFRO18M
                0x00002838       0x74 ./board/clock_config.o
                0x00002838                BOARD_BootClockFRO18M
 .text.__NVIC_EnableIRQ
                0x000028ac       0x34 ./board/peripherals.o
 .text.DMA_EnableChannel
                0x000028e0       0x5c ./board/peripherals.o
 .text.DMA_EnableChannelPeriphRq
                0x0000293c       0x40 ./board/peripherals.o
 .text.DMA0_init
                0x0000297c       0x54 ./board/peripherals.o
 .text.ADC0_init
                0x000029d0       0x70 ./board/peripherals.o
 .text.USART0_init
                0x00002a40       0x24 ./board/peripherals.o
 .text.DAC0_init
                0x00002a64       0x58 ./board/peripherals.o
 .text.BOARD_InitPeripherals
                0x00002abc       0x28 ./board/peripherals.o
                0x00002abc                BOARD_InitPeripherals
 .text.CLOCK_EnableClock
                0x00002ae4       0x54 ./board/pin_mux.o
 .text.CLOCK_DisableClock
                0x00002b38       0x58 ./board/pin_mux.o
 .text.BOARD_InitPins
                0x00002b90       0xec ./board/pin_mux.o
                0x00002b90                BOARD_InitPins
 .text.BOARD_InitLEDsPins
                0x00002c7c       0x9c ./board/pin_mux.o
                0x00002c7c                BOARD_InitLEDsPins
 .text.BOARD_InitDEBUG_UARTPins
                0x00002d18       0x60 ./board/pin_mux.o
                0x00002d18                BOARD_InitDEBUG_UARTPins
 .text.BOARD_InitSWD_DEBUGPins
                0x00002d78       0x80 ./board/pin_mux.o
                0x00002d78                BOARD_InitSWD_DEBUGPins
 .text.BOARD_InitBUTTONsPins
                0x00002df8       0x50 ./board/pin_mux.o
                0x00002df8                BOARD_InitBUTTONsPins
 .text.BOARD_InitCAPTPins
                0x00002e48       0xa4 ./board/pin_mux.o
                0x00002e48                BOARD_InitCAPTPins
 .text.cosf     0x00002eec       0x40 d:/nxp/mcuxpressoide_11.6.1_8255/ide/plugins/com.nxp.mcuxpresso.tools.win32_11.6.1.202207200623/tools/bin/../lib/gcc/arm-none-eabi/10.3.1/../../../../arm-none-eabi/lib/thumb/v6-m/nofp\libcr_c.a(cosf.o)
                0x00002eec                cosf
 .text.malloc   0x00002f2c       0xcc d:/nxp/mcuxpressoide_11.6.1_8255/ide/plugins/com.nxp.mcuxpresso.tools.win32_11.6.1.202207200623/tools/bin/../lib/gcc/arm-none-eabi/10.3.1/../../../../arm-none-eabi/lib/thumb/v6-m/nofp\libcr_c.a(alloc.o)
                0x00002f2c                malloc
 .text._Csys_alloc
                0x00002ff8       0x20 d:/nxp/mcuxpressoide_11.6.1_8255/ide/plugins/com.nxp.mcuxpresso.tools.win32_11.6.1.202207200623/tools/bin/../lib/gcc/arm-none-eabi/10.3.1/../../../../arm-none-eabi/lib/thumb/v6-m/nofp\libcr_c.a(alloc.o)
                0x00002ff8                _Csys_alloc
 .text.ceil     0x00003018       0x9c d:/nxp/mcuxpressoide_11.6.1_8255/ide/plugins/com.nxp.mcuxpresso.tools.win32_11.6.1.202207200623/tools/bin/../lib/gcc/arm-none-eabi/10.3.1/../../../../arm-none-eabi/lib/thumb/v6-m/nofp\libcr_c.a(ceil.o)
                0x00003018                ceil
 .text._initio  0x000030b4       0x7c d:/nxp/mcuxpressoide_11.6.1_8255/ide/plugins/com.nxp.mcuxpresso.tools.win32_11.6.1.202207200623/tools/bin/../lib/gcc/arm-none-eabi/10.3.1/../../../../arm-none-eabi/lib/thumb/v6-m/nofp\libcr_c.a(initio.o)
                0x000030b4                _initio
 .text.__vfprintf
                0x00003130      0xd40 d:/nxp/mcuxpressoide_11.6.1_8255/ide/plugins/com.nxp.mcuxpresso.tools.win32_11.6.1.202207200623/tools/bin/../lib/gcc/arm-none-eabi/10.3.1/../../../../arm-none-eabi/lib/thumb/v6-m/nofp\libcr_c.a(printf.o)
                0x00003130                __vfprintf
 .text._sprintf
                0x00003e70       0x6c d:/nxp/mcuxpressoide_11.6.1_8255/ide/plugins/com.nxp.mcuxpresso.tools.win32_11.6.1.202207200623/tools/bin/../lib/gcc/arm-none-eabi/10.3.1/../../../../arm-none-eabi/lib/thumb/v6-m/nofp\libcr_c.a(printf.o)
                0x00003e70                _sprintf
 .text.setvbuf  0x00003edc       0x4c d:/nxp/mcuxpressoide_11.6.1_8255/ide/plugins/com.nxp.mcuxpresso.tools.win32_11.6.1.202207200623/tools/bin/../lib/gcc/arm-none-eabi/10.3.1/../../../../arm-none-eabi/lib/thumb/v6-m/nofp\libcr_c.a(setvbuf.o)
                0x00003edc                setvbuf
 .text.strlen   0x00003f28       0x58 d:/nxp/mcuxpressoide_11.6.1_8255/ide/plugins/com.nxp.mcuxpresso.tools.win32_11.6.1.202207200623/tools/bin/../lib/gcc/arm-none-eabi/10.3.1/../../../../arm-none-eabi/lib/thumb/v6-m/nofp\libcr_c.a(strlen.o)
                0x00003f28                strlen
 .text._sincosf
                0x00003f80      0x150 d:/nxp/mcuxpressoide_11.6.1_8255/ide/plugins/com.nxp.mcuxpresso.tools.win32_11.6.1.202207200623/tools/bin/../lib/gcc/arm-none-eabi/10.3.1/../../../../arm-none-eabi/lib/thumb/v6-m/nofp\libcr_c.a(_sincosf.o)
                0x00003f80                _sincosf
 .text._sbrk    0x000040d0       0x44 d:/nxp/mcuxpressoide_11.6.1_8255/ide/plugins/com.nxp.mcuxpresso.tools.win32_11.6.1.202207200623/tools/bin/../lib/gcc/arm-none-eabi/10.3.1/../../../../arm-none-eabi/lib/thumb/v6-m/nofp\libcr_c.a(_cr_sbrk.o)
                0x000040d0                _sbrk
 .text._deferredlazyseek
                0x00004114       0x40 d:/nxp/mcuxpressoide_11.6.1_8255/ide/plugins/com.nxp.mcuxpresso.tools.win32_11.6.1.202207200623/tools/bin/../lib/gcc/arm-none-eabi/10.3.1/../../../../arm-none-eabi/lib/thumb/v6-m/nofp\libcr_c.a(_deferredlazyseek.o)
                0x00004114                _deferredlazyseek
 .text.__flsbuf
                0x00004154      0x150 d:/nxp/mcuxpressoide_11.6.1_8255/ide/plugins/com.nxp.mcuxpresso.tools.win32_11.6.1.202207200623/tools/bin/../lib/gcc/arm-none-eabi/10.3.1/../../../../arm-none-eabi/lib/thumb/v6-m/nofp\libcr_c.a(_deferredlazyseek.o)
                0x00004154                __flsbuf
 .text._fdopen  0x000042a4       0x74 d:/nxp/mcuxpressoide_11.6.1_8255/ide/plugins/com.nxp.mcuxpresso.tools.win32_11.6.1.202207200623/tools/bin/../lib/gcc/arm-none-eabi/10.3.1/../../../../arm-none-eabi/lib/thumb/v6-m/nofp\libcr_c.a(_fdopen.o)
                0x000042a4                _fdopen
 .text._fflush  0x00004318       0x60 d:/nxp/mcuxpressoide_11.6.1_8255/ide/plugins/com.nxp.mcuxpresso.tools.win32_11.6.1.202207200623/tools/bin/../lib/gcc/arm-none-eabi/10.3.1/../../../../arm-none-eabi/lib/thumb/v6-m/nofp\libcr_c.a(_fflush.o)
                0x00004318                _fflush
 .text._Cwritebuf
                0x00004378       0x68 d:/nxp/mcuxpressoide_11.6.1_8255/ide/plugins/com.nxp.mcuxpresso.tools.win32_11.6.1.202207200623/tools/bin/../lib/gcc/arm-none-eabi/10.3.1/../../../../arm-none-eabi/lib/thumb/v6-m/nofp\libcr_c.a(_writebuf.o)
                0x00004378                _Cwritebuf
 .text.fclose   0x000043e0       0x5c d:/nxp/mcuxpressoide_11.6.1_8255/ide/plugins/com.nxp.mcuxpresso.tools.win32_11.6.1.202207200623/tools/bin/../lib/gcc/arm-none-eabi/10.3.1/../../../../arm-none-eabi/lib/thumb/v6-m/nofp\libcr_c.a(fclose.o)
                0x000043e0                fclose
 .text.fflush   0x0000443c       0x44 d:/nxp/mcuxpressoide_11.6.1_8255/ide/plugins/com.nxp.mcuxpresso.tools.win32_11.6.1.202207200623/tools/bin/../lib/gcc/arm-none-eabi/10.3.1/../../../../arm-none-eabi/lib/thumb/v6-m/nofp\libcr_c.a(fflush.o)
                0x0000443c                fflush
 .text.fseek    0x00004480       0xf0 d:/nxp/mcuxpressoide_11.6.1_8255/ide/plugins/com.nxp.mcuxpresso.tools.win32_11.6.1.202207200623/tools/bin/../lib/gcc/arm-none-eabi/10.3.1/../../../../arm-none-eabi/lib/thumb/v6-m/nofp\libcr_c.a(fseek.o)
                0x00004480                fseek
 .text.ftell    0x00004570       0x48 d:/nxp/mcuxpressoide_11.6.1_8255/ide/plugins/com.nxp.mcuxpresso.tools.win32_11.6.1.202207200623/tools/bin/../lib/gcc/arm-none-eabi/10.3.1/../../../../arm-none-eabi/lib/thumb/v6-m/nofp\libcr_c.a(ftell.o)
                0x00004570                ftell
 .text.__check_heap_overflow
                0x000045b8       0x18 d:/nxp/mcuxpressoide_11.6.1_8255/ide/plugins/com.nxp.mcuxpresso.tools.win32_11.6.1.202207200623/tools/bin/../lib/gcc/arm-none-eabi/10.3.1/../../../../arm-none-eabi/lib/thumb/v6-m/nofp\libcr_c.a(_cr_check_heap.o)
                0x000045b8                __check_heap_overflow
 .text._do_fflush
                0x000045d0       0x48 d:/nxp/mcuxpressoide_11.6.1_8255/ide/plugins/com.nxp.mcuxpresso.tools.win32_11.6.1.202207200623/tools/bin/../lib/gcc/arm-none-eabi/10.3.1/../../../../arm-none-eabi/lib/thumb/v6-m/nofp\libcr_c.a(_do_fflush.o)
                0x000045d0                _do_fflush
 .text.__aeabi_dmul
                0x00004618      0x184 d:/nxp/mcuxpressoide_11.6.1_8255/ide/plugins/com.nxp.mcuxpresso.tools.win32_11.6.1.202207200623/tools/bin/../lib/gcc/arm-none-eabi/10.3.1/thumb/v6-m/nofp\libcr_eabihelpers.a(double.o)
                0x00004618                __aeabi_dmul
 .text.__aeabi_ddiv
                0x0000479c      0x14c d:/nxp/mcuxpressoide_11.6.1_8255/ide/plugins/com.nxp.mcuxpresso.tools.win32_11.6.1.202207200623/tools/bin/../lib/gcc/arm-none-eabi/10.3.1/thumb/v6-m/nofp\libcr_eabihelpers.a(double.o)
                0x0000479c                __aeabi_ddiv
 .text.__aeabi_dsub
                0x000048e8      0x1c0 d:/nxp/mcuxpressoide_11.6.1_8255/ide/plugins/com.nxp.mcuxpresso.tools.win32_11.6.1.202207200623/tools/bin/../lib/gcc/arm-none-eabi/10.3.1/thumb/v6-m/nofp\libcr_eabihelpers.a(double.o)
                0x000048e8                __aeabi_dsub
 .text.__aeabi_dadd
                0x00004aa8      0x134 d:/nxp/mcuxpressoide_11.6.1_8255/ide/plugins/com.nxp.mcuxpresso.tools.win32_11.6.1.202207200623/tools/bin/../lib/gcc/arm-none-eabi/10.3.1/thumb/v6-m/nofp\libcr_eabihelpers.a(double.o)
                0x00004aa8                __aeabi_dadd
 .text.__aeabi_d2f
                0x00004bdc       0x60 d:/nxp/mcuxpressoide_11.6.1_8255/ide/plugins/com.nxp.mcuxpresso.tools.win32_11.6.1.202207200623/tools/bin/../lib/gcc/arm-none-eabi/10.3.1/thumb/v6-m/nofp\libcr_eabihelpers.a(double.o)
                0x00004bdc                __aeabi_d2f
 .text.__aeabi_d2iz
                0x00004c3c       0x50 d:/nxp/mcuxpressoide_11.6.1_8255/ide/plugins/com.nxp.mcuxpresso.tools.win32_11.6.1.202207200623/tools/bin/../lib/gcc/arm-none-eabi/10.3.1/thumb/v6-m/nofp\libcr_eabihelpers.a(double.o)
                0x00004c3c                __aeabi_d2iz
 .text.__aeabi_dcmpeq
                0x00004c8c       0x30 d:/nxp/mcuxpressoide_11.6.1_8255/ide/plugins/com.nxp.mcuxpresso.tools.win32_11.6.1.202207200623/tools/bin/../lib/gcc/arm-none-eabi/10.3.1/thumb/v6-m/nofp\libcr_eabihelpers.a(double.o)
                0x00004c8c                __aeabi_dcmpeq
 .text.__aeabi_fmul
                0x00004cbc       0xc0 d:/nxp/mcuxpressoide_11.6.1_8255/ide/plugins/com.nxp.mcuxpresso.tools.win32_11.6.1.202207200623/tools/bin/../lib/gcc/arm-none-eabi/10.3.1/thumb/v6-m/nofp\libcr_eabihelpers.a(float.o)
                0x00004cbc                __aeabi_fmul
 .text.__aeabi_fdiv
                0x00004d7c       0xe8 d:/nxp/mcuxpressoide_11.6.1_8255/ide/plugins/com.nxp.mcuxpresso.tools.win32_11.6.1.202207200623/tools/bin/../lib/gcc/arm-none-eabi/10.3.1/thumb/v6-m/nofp\libcr_eabihelpers.a(float.o)
                0x00004d7c                __aeabi_fdiv
 .text.__aeabi_fsub
                0x00004e64      0x128 d:/nxp/mcuxpressoide_11.6.1_8255/ide/plugins/com.nxp.mcuxpresso.tools.win32_11.6.1.202207200623/tools/bin/../lib/gcc/arm-none-eabi/10.3.1/thumb/v6-m/nofp\libcr_eabihelpers.a(float.o)
                0x00004e64                __aeabi_fsub
 .text.__aeabi_fadd
                0x00004f8c       0xac d:/nxp/mcuxpressoide_11.6.1_8255/ide/plugins/com.nxp.mcuxpresso.tools.win32_11.6.1.202207200623/tools/bin/../lib/gcc/arm-none-eabi/10.3.1/thumb/v6-m/nofp\libcr_eabihelpers.a(float.o)
                0x00004f8c                __aeabi_fadd
 .text.__aeabi_f2iz
                0x00005038       0x3c d:/nxp/mcuxpressoide_11.6.1_8255/ide/plugins/com.nxp.mcuxpresso.tools.win32_11.6.1.202207200623/tools/bin/../lib/gcc/arm-none-eabi/10.3.1/thumb/v6-m/nofp\libcr_eabihelpers.a(float.o)
                0x00005038                __aeabi_f2iz
 .text.__aeabi_f2d
                0x00005074       0x40 d:/nxp/mcuxpressoide_11.6.1_8255/ide/plugins/com.nxp.mcuxpresso.tools.win32_11.6.1.202207200623/tools/bin/../lib/gcc/arm-none-eabi/10.3.1/thumb/v6-m/nofp\libcr_eabihelpers.a(float.o)
                0x00005074                __aeabi_f2d
 .text.DbgConsole_Printf
                0x000050b4       0x32 ./utilities/fsl_debug_console.o
                0x000050b4                DbgConsole_Printf
 .text.DbgConsole_PrintfPaddingCharacter
                0x000050e6       0x48 ./utilities/fsl_debug_console.o
 .text.DbgConsole_ConvertRadixNumToString
                0x0000512e       0xc2 ./utilities/fsl_debug_console.o
 .text.DbgConsole_PrintfFormattedData
                0x000051f0      0x3da ./utilities/fsl_debug_console.o
 .text.GPIO_PortToggle
                0x000055ca       0x26 ./source/RLC_Meter.o
 .text.USART_GetStatusFlags
                0x000055f0       0x14 ./source/UartComm.o
 .text.GPIO_PortSet
                0x00005604       0x26 ./source/signalReader.o
 .text.GPIO_PortClear
                0x0000562a       0x26 ./source/signalReader.o
 .text.ADC_DoSoftwareTriggerConvSeqA
                0x00005650       0x1e ./source/signalReader.o
 .text.ADC_GetStatusFlags
                0x0000566e       0x14 ./source/signalReader.o
 .text.ADC_ClearStatusFlags
                0x00005682       0x18 ./source/signalReader.o
 .text.signalReader_init
                0x0000569a       0x10 ./source/signalReader.o
                0x0000569a                signalReader_init
 .text.signalReader_resetScale
                0x000056aa       0x56 ./source/signalReader.o
                0x000056aa                signalReader_resetScale
 .text.signalReader_incrementScale
                0x00005700       0x6a ./source/signalReader.o
                0x00005700                signalReader_incrementScale
 .text.DelayLoop
                0x0000576a       0x1a ./drivers/fsl_common_arm.o
 .text.CTIMER_GetStatusFlags
                0x00005784       0x14 ./drivers/fsl_ctimer.o
 .text.CTIMER_ClearStatusFlags
                0x00005798       0x18 ./drivers/fsl_ctimer.o
 .text.CTIMER0_DriverIRQHandler
                0x000057b0       0x10 ./drivers/fsl_ctimer.o
                0x000057b0                CTIMER0_DriverIRQHandler
 .text.DAC_EnableDoubleBuffering
                0x000057c0       0x54 ./drivers/fsl_dac.o
                0x000057c0                DAC_EnableDoubleBuffering
 .text.EnableIRQ
                0x00005814       0x36 ./drivers/fsl_dma.o
 .text.DMA_GetVirtualStartChannel
                0x0000584a       0x44 ./drivers/fsl_dma.o
 .text.GPIO_PinInit
                0x0000588e       0xc0 ./drivers/fsl_gpio.o
                0x0000588e                GPIO_PinInit
 .text.RESET_PeripheralReset
                0x0000594e       0x20 ./drivers/fsl_reset.o
                0x0000594e                RESET_PeripheralReset
 .text.USART_EnableTx
                0x0000596e       0x46 ./drivers/fsl_usart.o
 .text.USART_EnableRx
                0x000059b4       0x44 ./drivers/fsl_usart.o
 .text.SystemInitHook
                0x000059f8        0xa ./device/system_LPC845.o
                0x000059f8                SystemInitHook
 .text.BOARD_InitBootClocks
                0x00005a02        0xe ./board/clock_config.o
                0x00005a02                BOARD_InitBootClocks
 .text.EnableIRQ
                0x00005a10       0x36 ./board/peripherals.o
 .text.ADC_EnableConvSeqA
                0x00005a46       0x3a ./board/peripherals.o
 .text.ADC_EnableInterrupts
                0x00005a80       0x22 ./board/peripherals.o
 .text.ADC_EnableThresholdCompareInterrupt
                0x00005aa2       0x3e ./board/peripherals.o
 .text.DAC_EnableDMA
                0x00005ae0       0x3a ./board/peripherals.o
 .text.DAC_EnableCounter
                0x00005b1a       0x3a ./board/peripherals.o
 .text.BOARD_InitBootPeripherals
                0x00005b54        0xe ./board/peripherals.o
                0x00005b54                BOARD_InitBootPeripherals
 .text.IOCON_PinMuxSet
                0x00005b62       0x26 ./board/pin_mux.o
 .text.BOARD_InitBootPins
                0x00005b88       0x22 ./board/pin_mux.o
                0x00005b88                BOARD_InitBootPins
 .text.__main   0x00005baa        0xc d:/nxp/mcuxpressoide_11.6.1_8255/ide/plugins/com.nxp.mcuxpresso.tools.win32_11.6.1.202207200623/tools/bin/../lib/gcc/arm-none-eabi/10.3.1/../../../../arm-none-eabi/lib/thumb/v6-m/nofp\libcr_nohost_nf.a(_cr__main.o)
                0x00005baa                __main
 .text.sinf     0x00005bb6       0x2a d:/nxp/mcuxpressoide_11.6.1_8255/ide/plugins/com.nxp.mcuxpresso.tools.win32_11.6.1.202207200623/tools/bin/../lib/gcc/arm-none-eabi/10.3.1/../../../../arm-none-eabi/lib/thumb/v6-m/nofp\libcr_c.a(sinf.o)
                0x00005bb6                sinf
 .text.memcpy   0x00005be0        0x8 d:/nxp/mcuxpressoide_11.6.1_8255/ide/plugins/com.nxp.mcuxpresso.tools.win32_11.6.1.202207200623/tools/bin/../lib/gcc/arm-none-eabi/10.3.1/../../../../arm-none-eabi/lib/thumb/v6-m/nofp\libcr_c.a(memcpy.o)
                0x00005be0                memcpy
 .text.memset   0x00005be8        0x8 d:/nxp/mcuxpressoide_11.6.1_8255/ide/plugins/com.nxp.mcuxpresso.tools.win32_11.6.1.202207200623/tools/bin/../lib/gcc/arm-none-eabi/10.3.1/../../../../arm-none-eabi/lib/thumb/v6-m/nofp\libcr_c.a(memset.o)
                0x00005be8                memset
 .text.free     0x00005bf0       0x2c d:/nxp/mcuxpressoide_11.6.1_8255/ide/plugins/com.nxp.mcuxpresso.tools.win32_11.6.1.202207200623/tools/bin/../lib/gcc/arm-none-eabi/10.3.1/../../../../arm-none-eabi/lib/thumb/v6-m/nofp\libcr_c.a(alloc.o)
                0x00005bf0                free
 .text.no_fp_display
                0x00005c1c        0x4 d:/nxp/mcuxpressoide_11.6.1_8255/ide/plugins/com.nxp.mcuxpresso.tools.win32_11.6.1.202207200623/tools/bin/../lib/gcc/arm-none-eabi/10.3.1/../../../../arm-none-eabi/lib/thumb/v6-m/nofp\libcr_c.a(printf.o)
 .text.abs      0x00005c20        0x8 d:/nxp/mcuxpressoide_11.6.1_8255/ide/plugins/com.nxp.mcuxpresso.tools.win32_11.6.1.202207200623/tools/bin/../lib/gcc/arm-none-eabi/10.3.1/../../../../arm-none-eabi/lib/thumb/v6-m/nofp\libcr_c.a(stdlib.o)
                0x00005c20                abs
 .text.fabsf    0x00005c28       0x18 d:/nxp/mcuxpressoide_11.6.1_8255/ide/plugins/com.nxp.mcuxpresso.tools.win32_11.6.1.202207200623/tools/bin/../lib/gcc/arm-none-eabi/10.3.1/../../../../arm-none-eabi/lib/thumb/v6-m/nofp\libcr_c.a(fabsf.o)
                0x00005c28                fabsf
 .text.remove   0x00005c40       0x12 d:/nxp/mcuxpressoide_11.6.1_8255/ide/plugins/com.nxp.mcuxpresso.tools.win32_11.6.1.202207200623/tools/bin/../lib/gcc/arm-none-eabi/10.3.1/../../../../arm-none-eabi/lib/thumb/v6-m/nofp\libcr_c.a(remove.o)
                0x00005c40                remove
 .text.__aeabi_division_idivmod
                0x00005c52       0x78 d:/nxp/mcuxpressoide_11.6.1_8255/ide/plugins/com.nxp.mcuxpresso.tools.win32_11.6.1.202207200623/tools/bin/../lib/gcc/arm-none-eabi/10.3.1/thumb/v6-m/nofp\libcr_eabihelpers.a(division_32.o)
                0x00005c52                __aeabi_idivmod
                0x00005c52                __aeabi_idiv
                0x00005c58                __aeabi_uidivmod
                0x00005c58                __aeabi_uidiv
 .text.__aeabi_division_uldivmod
                0x00005cca       0x5a d:/nxp/mcuxpressoide_11.6.1_8255/ide/plugins/com.nxp.mcuxpresso.tools.win32_11.6.1.202207200623/tools/bin/../lib/gcc/arm-none-eabi/10.3.1/thumb/v6-m/nofp\libcr_eabihelpers.a(division_64.o)
                0x00005cca                __aeabi_uldivmod
 .text.__aeabi_division_idiv0
                0x00005d24        0x2 d:/nxp/mcuxpressoide_11.6.1_8255/ide/plugins/com.nxp.mcuxpresso.tools.win32_11.6.1.202207200623/tools/bin/../lib/gcc/arm-none-eabi/10.3.1/thumb/v6-m/nofp\libcr_eabihelpers.a(division_idiv0.o)
                0x00005d24                __aeabi_idiv0
 .text.__bhs_ui2d
                0x00005d26       0x5e d:/nxp/mcuxpressoide_11.6.1_8255/ide/plugins/com.nxp.mcuxpresso.tools.win32_11.6.1.202207200623/tools/bin/../lib/gcc/arm-none-eabi/10.3.1/thumb/v6-m/nofp\libcr_eabihelpers.a(double.o)
                0x00005d26                __bhs_ui2d
 .text.__aeabi_i2d
                0x00005d84       0x18 d:/nxp/mcuxpressoide_11.6.1_8255/ide/plugins/com.nxp.mcuxpresso.tools.win32_11.6.1.202207200623/tools/bin/../lib/gcc/arm-none-eabi/10.3.1/thumb/v6-m/nofp\libcr_eabihelpers.a(double.o)
                0x00005d84                __aeabi_i2d
 .text.__bhs_ui2f
                0x00005d9c       0x60 d:/nxp/mcuxpressoide_11.6.1_8255/ide/plugins/com.nxp.mcuxpresso.tools.win32_11.6.1.202207200623/tools/bin/../lib/gcc/arm-none-eabi/10.3.1/thumb/v6-m/nofp\libcr_eabihelpers.a(float.o)
                0x00005d9c                __bhs_ui2f
 .text.__aeabi_i2f
                0x00005dfc       0x18 d:/nxp/mcuxpressoide_11.6.1_8255/ide/plugins/com.nxp.mcuxpresso.tools.win32_11.6.1.202207200623/tools/bin/../lib/gcc/arm-none-eabi/10.3.1/thumb/v6-m/nofp\libcr_eabihelpers.a(float.o)
                0x00005dfc                __aeabi_i2f
 .text.__aeabi_ui2f
                0x00005e14        0xc d:/nxp/mcuxpressoide_11.6.1_8255/ide/plugins/com.nxp.mcuxpresso.tools.win32_11.6.1.202207200623/tools/bin/../lib/gcc/arm-none-eabi/10.3.1/thumb/v6-m/nofp\libcr_eabihelpers.a(float.o)
                0x00005e14                __aeabi_ui2f
 .text.__aeabi_fcmplt
                0x00005e20       0x42 d:/nxp/mcuxpressoide_11.6.1_8255/ide/plugins/com.nxp.mcuxpresso.tools.win32_11.6.1.202207200623/tools/bin/../lib/gcc/arm-none-eabi/10.3.1/thumb/v6-m/nofp\libcr_eabihelpers.a(float.o)
                0x00005e20                __aeabi_fcmplt
 .text.__aeabi_fcmpge
                0x00005e62       0x42 d:/nxp/mcuxpressoide_11.6.1_8255/ide/plugins/com.nxp.mcuxpresso.tools.win32_11.6.1.202207200623/tools/bin/../lib/gcc/arm-none-eabi/10.3.1/thumb/v6-m/nofp\libcr_eabihelpers.a(float.o)
                0x00005e62                __aeabi_fcmpge
 .text.__aeabi_llong_lmul
                0x00005ea4       0x2e d:/nxp/mcuxpressoide_11.6.1_8255/ide/plugins/com.nxp.mcuxpresso.tools.win32_11.6.1.202207200623/tools/bin/../lib/gcc/arm-none-eabi/10.3.1/thumb/v6-m/nofp\libcr_eabihelpers.a(llong.o)
                0x00005ea4                __aeabi_lmul
 .text.__aeabi_memcpy
                0x00005ed2       0x2c d:/nxp/mcuxpressoide_11.6.1_8255/ide/plugins/com.nxp.mcuxpresso.tools.win32_11.6.1.202207200623/tools/bin/../lib/gcc/arm-none-eabi/10.3.1/thumb/v6-m/nofp\libcr_eabihelpers.a(memcpy.o)
                0x00005ed2                __aeabi_memcpy4
                0x00005ed2                __aeabi_memcpy8
                0x00005ed2                __aeabi_memcpy
 .text.__aeabi_memset_lowlevel
                0x00005efe       0x2a d:/nxp/mcuxpressoide_11.6.1_8255/ide/plugins/com.nxp.mcuxpresso.tools.win32_11.6.1.202207200623/tools/bin/../lib/gcc/arm-none-eabi/10.3.1/thumb/v6-m/nofp\libcr_eabihelpers.a(memcpy.o)
                0x00005efe                __aeabi_lowlevel_memset
 .text.__gnu_thumb1_case_shi
                0x00005f28       0x10 d:/nxp/mcuxpressoide_11.6.1_8255/ide/plugins/com.nxp.mcuxpresso.tools.win32_11.6.1.202207200623/tools/bin/../lib/gcc/arm-none-eabi/10.3.1/thumb/v6-m/nofp\libcr_eabihelpers.a(thumb1_switch_helpers.o)
                0x00005f28                __gnu_thumb1_case_shi
 .text.__sys_appexit
                0x00005f38        0x2 d:/nxp/mcuxpressoide_11.6.1_8255/ide/plugins/com.nxp.mcuxpresso.tools.win32_11.6.1.202207200623/tools/bin/../lib/gcc/arm-none-eabi/10.3.1/../../../../arm-none-eabi/lib/thumb/v6-m/nofp\libcr_nohost_nf.a(__sys_appexit.o)
                0x00005f38                __sys_appexit
                0x00005f38                __exit
 .text.__sys_close
                0x00005f3a        0x6 d:/nxp/mcuxpressoide_11.6.1_8255/ide/plugins/com.nxp.mcuxpresso.tools.win32_11.6.1.202207200623/tools/bin/../lib/gcc/arm-none-eabi/10.3.1/../../../../arm-none-eabi/lib/thumb/v6-m/nofp\libcr_nohost_nf.a(__sys_close.o)
                0x00005f3a                __sys_close
 .text.__sys_flen
                0x00005f40        0x6 d:/nxp/mcuxpressoide_11.6.1_8255/ide/plugins/com.nxp.mcuxpresso.tools.win32_11.6.1.202207200623/tools/bin/../lib/gcc/arm-none-eabi/10.3.1/../../../../arm-none-eabi/lib/thumb/v6-m/nofp\libcr_nohost_nf.a(__sys_flen.o)
                0x00005f40                __sys_flen
 .text.__sys_istty
                0x00005f46        0x6 d:/nxp/mcuxpressoide_11.6.1_8255/ide/plugins/com.nxp.mcuxpresso.tools.win32_11.6.1.202207200623/tools/bin/../lib/gcc/arm-none-eabi/10.3.1/../../../../arm-none-eabi/lib/thumb/v6-m/nofp\libcr_nohost_nf.a(__sys_istty.o)
                0x00005f46                __sys_istty
 .text.__sys_remove
                0x00005f4c        0x6 d:/nxp/mcuxpressoide_11.6.1_8255/ide/plugins/com.nxp.mcuxpresso.tools.win32_11.6.1.202207200623/tools/bin/../lib/gcc/arm-none-eabi/10.3.1/../../../../arm-none-eabi/lib/thumb/v6-m/nofp\libcr_nohost_nf.a(__sys_remove.o)
                0x00005f4c                __sys_remove
 .text.__sys_seek
                0x00005f52        0x6 d:/nxp/mcuxpressoide_11.6.1_8255/ide/plugins/com.nxp.mcuxpresso.tools.win32_11.6.1.202207200623/tools/bin/../lib/gcc/arm-none-eabi/10.3.1/../../../../arm-none-eabi/lib/thumb/v6-m/nofp\libcr_nohost_nf.a(__sys_seek.o)
                0x00005f52                __sys_seek
 .text.__sys_tmpnam
                0x00005f58        0x6 d:/nxp/mcuxpressoide_11.6.1_8255/ide/plugins/com.nxp.mcuxpresso.tools.win32_11.6.1.202207200623/tools/bin/../lib/gcc/arm-none-eabi/10.3.1/../../../../arm-none-eabi/lib/thumb/v6-m/nofp\libcr_nohost_nf.a(__sys_tmpnam.o)
                0x00005f58                __sys_tmpnam
 .text.__sys_write
                0x00005f5e        0x4 d:/nxp/mcuxpressoide_11.6.1_8255/ide/plugins/com.nxp.mcuxpresso.tools.win32_11.6.1.202207200623/tools/bin/../lib/gcc/arm-none-eabi/10.3.1/../../../../arm-none-eabi/lib/thumb/v6-m/nofp\libcr_nohost_nf.a(__sys_write.o)
                0x00005f5e                __sys_write
 *(SORT_BY_ALIGNMENT(.rodata) SORT_BY_ALIGNMENT(.rodata.*) SORT_BY_ALIGNMENT(.constdata) SORT_BY_ALIGNMENT(.constdata.*))
 *fill*         0x00005f62        0x2 ff
 .rodata.__assertion_failed.str1.4
                0x00005f64       0x14 ./utilities/fsl_assert.o
 .rodata.main.str1.4
                0x00005f78        0xb ./source/RLC_Meter.o
 *fill*         0x00005f83        0x1 ff
 .rodata.ADC_GetInstance.str1.4
                0x00005f84       0x31 ./drivers/fsl_adc.o
 *fill*         0x00005fb5        0x3 ff
 .rodata.ADC_Init.str1.4
                0x00005fb8       0x1e ./drivers/fsl_adc.o
 *fill*         0x00005fd6        0x2 ff
 .rodata.ADC_DoSelfCalibration.str1.4
                0x00005fd8       0x20 ./drivers/fsl_adc.o
 .rodata.ADC_SetConvSeqAConfig.str1.4
                0x00005ff8       0x1f ./drivers/fsl_adc.o
 *fill*         0x00006017        0x1 ff
 .rodata.ADC_GetChannelConversionResult.str1.4
                0x00006018       0x48 ./drivers/fsl_adc.o
 .rodata.CLOCK_UpdateClkSrc.str1.4
                0x00006060       0x17 ./drivers/fsl_clock.o
 *fill*         0x00006077        0x1 ff
 .rodata.SDK_DelayAtLeastUs.str1.4
                0x00006078       0x2b ./drivers/fsl_common_arm.o
 *fill*         0x000060a3        0x1 ff
 .rodata.s_dacBases
                0x000060a4        0x8 ./drivers/fsl_dac.o
 .rodata.s_dacClocks
                0x000060ac        0x4 ./drivers/fsl_dac.o
 .rodata.s_dacResets
                0x000060b0        0x8 ./drivers/fsl_dac.o
 .rodata.DAC_GetInstance.str1.4
                0x000060b8       0x31 ./drivers/fsl_dac.o
 *fill*         0x000060e9        0x3 ff
 .rodata.DAC_Init.str1.4
                0x000060ec       0x1e ./drivers/fsl_dac.o
 *fill*         0x0000610a        0x2 ff
 .rodata.DAC_SetBufferValue.str1.4
                0x0000610c       0x1e ./drivers/fsl_dac.o
 *fill*         0x0000612a        0x2 ff
 .rodata.DAC_SetCounterValue.str1.4
                0x0000612c       0x1f ./drivers/fsl_dac.o
 *fill*         0x0000614b        0x1 ff
 .rodata.DMA_EnableChannelInterrupts.str1.4
                0x0000614c       0x85 ./drivers/fsl_dma.o
 *fill*         0x000061d1        0x3 ff
 .rodata.DMA_EnableChannel.str1.4
                0x000061d4       0x85 ./drivers/fsl_dma.o
 *fill*         0x00006259        0x3 ff
 .rodata.DMA_GetInstance.str1.4
                0x0000625c       0x32 ./drivers/fsl_dma.o
 *fill*         0x0000628e        0x2 ff
 .rodata.DMA_CreateHandle.str1.4
                0x00006290       0x64 ./drivers/fsl_dma.o
 .rodata.DMA_SetCallback.str1.4
                0x000062f4       0x1f ./drivers/fsl_dma.o
 *fill*         0x00006313        0x1 ff
 .rodata.DMA_LoadChannelDescriptor.str1.4
                0x00006314       0x72 ./drivers/fsl_dma.o
 *fill*         0x00006386        0x2 ff
 .rodata.DMA_SubmitChannelDescriptor.str1.4
                0x00006388       0x39 ./drivers/fsl_dma.o
 *fill*         0x000063c1        0x3 ff
 .rodata.DMA_StartTransfer.str1.4
                0x000063c4       0x76 ./drivers/fsl_dma.o
 *fill*         0x0000643a        0x2 ff
 .rodata.s_gpioClockName
                0x0000643c        0x4 ./drivers/fsl_gpio.o
 .rodata.GPIO_EnablePortClock.str1.4
                0x00006440       0x33 ./drivers/fsl_gpio.o
 *fill*         0x00006473        0x1 ff
 .rodata.RESET_SetPeripheralReset.str1.4
                0x00006474       0x1f ./drivers/fsl_reset.o
 *fill*         0x00006493        0x1 ff
 .rodata.RESET_ClearPeripheralReset.str1.4
                0x00006494       0x1f ./drivers/fsl_reset.o
 *fill*         0x000064b3        0x1 ff
 .rodata.SWM_SetMovablePinSelect.str1.4
                0x000064b4       0x49 ./drivers/fsl_swm.o
 *fill*         0x000064fd        0x3 ff
 .rodata.SWM_SetFixedPinSelect.str1.4
                0x00006500       0x1d ./drivers/fsl_swm.o
 *fill*         0x0000651d        0x3 ff
 .rodata.s_usartBaseAddrs
                0x00006520       0x14 ./drivers/fsl_usart.o
 .rodata.s_usartClock
                0x00006534        0xa ./drivers/fsl_usart.o
 *fill*         0x0000653e        0x2 ff
 .rodata.s_usartRest
                0x00006540       0x14 ./drivers/fsl_usart.o
 .rodata.USART_GetInstance.str1.4
                0x00006554       0x3b ./drivers/fsl_usart.o
 *fill*         0x0000658f        0x1 ff
 .rodata.USART_Init.str1.4
                0x00006590       0x4f ./drivers/fsl_usart.o
 *fill*         0x000065df        0x1 ff
 .rodata.USART_GetDefaultConfig.str1.4
                0x000065e0       0x21 ./drivers/fsl_usart.o
 *fill*         0x00006601        0x3 ff
 .rodata.USART_SetBaudRate.str1.4
                0x00006604       0x8f ./drivers/fsl_usart.o
 *fill*         0x00006693        0x1 ff
 .rodata.USART_WriteBlocking.str1.4
                0x00006694       0x36 ./drivers/fsl_usart.o
 *fill*         0x000066ca        0x2 ff
 .rodata.USART_ReadBlocking.str1.4
                0x000066cc       0x36 ./drivers/fsl_usart.o
 *fill*         0x00006702        0x2 ff
 .rodata.s_UsartAdapterBase
                0x00006704       0x14 ./component/uart/fsl_adapter_miniusart.o
 .rodata.HAL_UartInit.str1.4
                0x00006718       0xfb ./component/uart/fsl_adapter_miniusart.o
 *fill*         0x00006813        0x1 ff
 .rodata.HAL_UartReceiveBlocking.str1.4
                0x00006814       0x71 ./component/uart/fsl_adapter_miniusart.o
 *fill*         0x00006885        0x3 ff
 .rodata.HAL_UartSendBlocking.str1.4
                0x00006888       0x71 ./component/uart/fsl_adapter_miniusart.o
 *fill*         0x000068f9        0x3 ff
 .rodata.BOARD_InitDebugConsole.str1.4
                0x000068fc       0x27 ./board/board.o
 *fill*         0x00006923        0x1 ff
 .rodata.CLOCK_SetCoreSysClkDiv.str1.4
                0x00006924       0x75 ./board/clock_config.o
 *fill*         0x00006999        0x3 ff
 .rodata.DMA_EnableChannel.str1.4
                0x0000699c       0xdc ./board/peripherals.o
 .rodata.DMA_EnableChannelPeriphRq.str1.4
                0x00006a78       0xdc ./board/peripherals.o
 .rodata.ADC0configStruct
                0x00006b54        0xc ./board/peripherals.o
                0x00006b54                ADC0configStruct
 .rodata.ADC0ConvSeqAConfigStruct
                0x00006b60        0xc ./board/peripherals.o
                0x00006b60                ADC0ConvSeqAConfigStruct
 .rodata.USART0_config
                0x00006b6c       0x10 ./board/peripherals.o
                0x00006b6c                USART0_config
 .rodata.DAC0_config
                0x00006b7c        0x1 ./board/peripherals.o
                0x00006b7c                DAC0_config
 *fill*         0x00006b7d        0x3 ff
 .rodata        0x00006b80        0x2 ./board/pin_mux.o
 *fill*         0x00006b82        0x2 ff
 .rodata.__num_Ciob_streams
                0x00006b84        0x4 d:/nxp/mcuxpressoide_11.6.1_8255/ide/plugins/com.nxp.mcuxpresso.tools.win32_11.6.1.202207200623/tools/bin/../lib/gcc/arm-none-eabi/10.3.1/../../../../arm-none-eabi/lib/thumb/v6-m/nofp\libcr_nohost_nf.a(__ciob.o)
                0x00006b84                __num_Ciob_streams
 .rodata._Csys_alloc.str1.1
                0x00006b88       0x18 d:/nxp/mcuxpressoide_11.6.1_8255/ide/plugins/com.nxp.mcuxpresso.tools.win32_11.6.1.202207200623/tools/bin/../lib/gcc/arm-none-eabi/10.3.1/../../../../arm-none-eabi/lib/thumb/v6-m/nofp\libcr_c.a(alloc.o)
 .rodata._initio.str1.1
                0x00006ba0        0x4 d:/nxp/mcuxpressoide_11.6.1_8255/ide/plugins/com.nxp.mcuxpresso.tools.win32_11.6.1.202207200623/tools/bin/../lib/gcc/arm-none-eabi/10.3.1/../../../../arm-none-eabi/lib/thumb/v6-m/nofp\libcr_c.a(initio.o)
 .rodata.__vfprintf.str1.1
                0x00006ba4       0x37 d:/nxp/mcuxpressoide_11.6.1_8255/ide/plugins/com.nxp.mcuxpresso.tools.win32_11.6.1.202207200623/tools/bin/../lib/gcc/arm-none-eabi/10.3.1/../../../../arm-none-eabi/lib/thumb/v6-m/nofp\libcr_c.a(printf.o)
                                 0x38 (size before relaxing)
                0x00006bdc                . = ALIGN (0x4)
 *fill*         0x00006bdb        0x1 ff

.glue_7         0x00006bdc        0x0
 .glue_7        0x00006bdc        0x0 linker stubs

.glue_7t        0x00006bdc        0x0
 .glue_7t       0x00006bdc        0x0 linker stubs

.vfp11_veneer   0x00006bdc        0x0
 .vfp11_veneer  0x00006bdc        0x0 linker stubs

.v4_bx          0x00006bdc        0x0
 .v4_bx         0x00006bdc        0x0 linker stubs

.iplt           0x00006bdc        0x0
 .iplt          0x00006bdc        0x0 ./utilities/fsl_assert.o

.rel.dyn        0x00006bdc        0x0
 .rel.iplt      0x00006bdc        0x0 ./utilities/fsl_assert.o

.ARM.extab
 *(SORT_BY_ALIGNMENT(.ARM.extab*) SORT_BY_ALIGNMENT(.gnu.linkonce.armextab.*))

.ARM.exidx      0x00006bdc        0x0
                0x00006bdc                __exidx_start = .
 *(SORT_BY_ALIGNMENT(.ARM.exidx*) SORT_BY_ALIGNMENT(.gnu.linkonce.armexidx.*))
                0x00006bdc                __exidx_end = .
                0x00006bdc                _etext = .

.mtb_buffer_RAM2
 *(SORT_BY_ALIGNMENT(.mtb.$RAM2*))
 *(SORT_BY_ALIGNMENT(.mtb.$IAP_SRAM*))

.data_RAM2      0x10003fe0        0x0 load address 0x00006bdc
 FILL mask 0xff
                [!provide]                PROVIDE (__start_data_RAM2 = .)
                [!provide]                PROVIDE (__start_data_IAP_SRAM = .)
 *(SORT_BY_ALIGNMENT(.ramfunc.$RAM2))
 *(SORT_BY_ALIGNMENT(.ramfunc.$IAP_SRAM))
 *(SORT_BY_ALIGNMENT(.data.$RAM2))
 *(SORT_BY_ALIGNMENT(.data.$IAP_SRAM))
 *(SORT_BY_ALIGNMENT(.data.$RAM2.*))
 *(SORT_BY_ALIGNMENT(.data.$IAP_SRAM.*))
                0x10003fe0                . = ALIGN (0x4)
                [!provide]                PROVIDE (__end_data_RAM2 = .)
                [!provide]                PROVIDE (__end_data_IAP_SRAM = .)

.mtb_buffer_default
                0x10000000       0x80
 *(SORT_BY_ALIGNMENT(.mtb*))
 .mtb.$RAM1     0x10000000       0x80 ./source/mtb.o
                0x10000000                __mtb_buffer__

.uninit_RESERVED
                0x10000080        0x0
                0x10000080                _start_uninit_RESERVED = .
 *(SORT_BY_ALIGNMENT(.bss.$RESERVED*))
                0x10000080                . = ALIGN (0x4)
                0x10000080                _end_uninit_RESERVED = .

.data           0x10000080      0x1a8 load address 0x00006bdc
 FILL mask 0xff
                0x10000080                _data = .
                [!provide]                PROVIDE (__start_data_RAM = .)
                [!provide]                PROVIDE (__start_data_SRAM = .)
 *(SORT_BY_ALIGNMENT(vtable))
 *(SORT_BY_ALIGNMENT(.ramfunc*))
 *(SORT_BY_ALIGNMENT(CodeQuickAccess))
 *(SORT_BY_ALIGNMENT(DataQuickAccess))
 *(SORT_BY_ALIGNMENT(RamFunction))
 *(SORT_BY_ALIGNMENT(.data*))
 .data.DMA0_CH0_TCDs_config
                0x10000080       0x10 ./board/peripherals.o
                0x10000080                DMA0_CH0_TCDs_config
 .data.SinusOutputData
                0x10000090      0x190 ./source/sineGenerator.o
                0x10000090                SinusOutputData
 .data.s_dma_descriptor_table
                0x10000220        0x4 ./drivers/fsl_dma.o
 .data.SystemCoreClock
                0x10000224        0x4 ./device/system_LPC845.o
                0x10000224                SystemCoreClock
                0x10000228                . = ALIGN (0x4)
                0x10000228                _edata = .
                [!provide]                PROVIDE (__end_data_RAM = .)
                [!provide]                PROVIDE (__end_data_SRAM = .)

.igot.plt       0x10000228        0x0 load address 0x00006d84
 .igot.plt      0x10000228        0x0 ./utilities/fsl_assert.o

.bss_RAM2       0x10003fe0        0x0
                [!provide]                PROVIDE (__start_bss_RAM2 = .)
                [!provide]                PROVIDE (__start_bss_IAP_SRAM = .)
 *(SORT_BY_ALIGNMENT(.bss.$RAM2))
 *(SORT_BY_ALIGNMENT(.bss.$IAP_SRAM))
 *(SORT_BY_ALIGNMENT(.bss.$RAM2.*))
 *(SORT_BY_ALIGNMENT(.bss.$IAP_SRAM.*))
                0x10003fe0                . = ALIGN ((. != 0x0)?0x4:0x1)
                [!provide]                PROVIDE (__end_bss_RAM2 = .)
                [!provide]                PROVIDE (__end_bss_IAP_SRAM = .)

.bss            0x10000400      0x32c
                0x10000400                _bss = .
                [!provide]                PROVIDE (__start_bss_RAM = .)
                [!provide]                PROVIDE (__start_bss_SRAM = .)
 *(SORT_BY_ALIGNMENT(.bss*))
 .bss.s_dma_descriptor_table0
                0x10000400      0x190 ./drivers/fsl_dma.o
 .bss.s_debugConsole
                0x10000590       0x14 ./utilities/fsl_debug_console.o
 .bss.timerCounter
                0x100005a4        0x8 ./source/globalTimer.o
                0x100005a4                timerCounter
 .bss.timerValue
                0x100005ac        0x8 ./source/globalTimer.o
                0x100005ac                timerValue
 .bss.signals   0x100005b4        0x8 ./source/signalReader.o
                0x100005b4                signals
 .bss.cycleCounter
                0x100005bc        0x4 ./source/sineGenerator.o
                0x100005bc                cycleCounter
 .bss.frec      0x100005c0        0x4 ./source/sineGenerator.o
 .bss.g_Ext_Clk_Freq
                0x100005c4        0x4 ./drivers/fsl_clock.o
                0x100005c4                g_Ext_Clk_Freq
 .bss.g_Wdt_Osc_Freq
                0x100005c8        0x4 ./drivers/fsl_clock.o
                0x100005c8                g_Wdt_Osc_Freq
 .bss.s_ctimerCallback
                0x100005cc        0x4 ./drivers/fsl_ctimer.o
 .bss.ctimerCallbackType
                0x100005d0        0x1 ./drivers/fsl_ctimer.o
 *fill*         0x100005d1        0x3 
 .bss.s_DMAHandle
                0x100005d4       0x64 ./drivers/fsl_dma.o
 .bss.s_usartHandle
                0x10000638       0x14 ./drivers/fsl_usart.o
 .bss.s_usartIsr
                0x1000064c        0x4 ./drivers/fsl_usart.o
 .bss.DMA0_CH0_Handle
                0x10000650       0x10 ./board/peripherals.o
                0x10000650                DMA0_CH0_Handle
 .bss.__end_of_heap
                0x10000660        0x4 d:/nxp/mcuxpressoide_11.6.1_8255/ide/plugins/com.nxp.mcuxpresso.tools.win32_11.6.1.202207200623/tools/bin/../lib/gcc/arm-none-eabi/10.3.1/../../../../arm-none-eabi/lib/thumb/v6-m/nofp\libcr_c.a(__init_alloc.o)
                0x10000660                __end_of_heap
 .bss.__heaps   0x10000664        0x4 d:/nxp/mcuxpressoide_11.6.1_8255/ide/plugins/com.nxp.mcuxpresso.tools.win32_11.6.1.202207200623/tools/bin/../lib/gcc/arm-none-eabi/10.3.1/../../../../arm-none-eabi/lib/thumb/v6-m/nofp\libcr_c.a(__init_alloc.o)
                0x10000664                __heaps
 .bss.errno     0x10000668        0x4 d:/nxp/mcuxpressoide_11.6.1_8255/ide/plugins/com.nxp.mcuxpresso.tools.win32_11.6.1.202207200623/tools/bin/../lib/gcc/arm-none-eabi/10.3.1/../../../../arm-none-eabi/lib/thumb/v6-m/nofp\libcr_c.a(errno.o)
                0x10000668                errno
 .bss.__Ciob    0x1000066c       0xb4 d:/nxp/mcuxpressoide_11.6.1_8255/ide/plugins/com.nxp.mcuxpresso.tools.win32_11.6.1.202207200623/tools/bin/../lib/gcc/arm-none-eabi/10.3.1/../../../../arm-none-eabi/lib/thumb/v6-m/nofp\libcr_nohost_nf.a(__ciob.o)
                0x1000066c                __Ciob
 .bss.delayTime
                0x10000720        0x2 ./source/globalTimer.o
                0x10000720                delayTime
 .bss.signalIndex
                0x10000722        0x2 ./source/signalReader.o
                0x10000722                signalIndex
 .bss.uartCommand
                0x10000724        0x1 ./source/UartComm.o
                0x10000724                uartCommand
 .bss.timerFlags
                0x10000725        0x1 ./source/globalTimer.o
                0x10000725                timerFlags
 .bss.sequenceReady
                0x10000726        0x1 ./source/signalReader.o
                0x10000726                sequenceReady
 .bss.currentScale
                0x10000727        0x1 ./source/signalReader.o
                0x10000727                currentScale
 .bss.RunSignal_f
                0x10000728        0x1 ./source/sineGenerator.o
                0x10000728                RunSignal_f
 .bss.cycleStarted_f
                0x10000729        0x1 ./source/sineGenerator.o
                0x10000729                cycleStarted_f
 *(SORT_BY_ALIGNMENT(COMMON))
                0x1000072c                . = ALIGN (0x4)
 *fill*         0x1000072a        0x2 
                0x1000072c                _ebss = .
                [!provide]                PROVIDE (__end_bss_RAM = .)
                [!provide]                PROVIDE (__end_bss_SRAM = .)
                [!provide]                PROVIDE (end = .)

.noinit_RAM2    0x10003fe0        0x0
                [!provide]                PROVIDE (__start_noinit_RAM2 = .)
                [!provide]                PROVIDE (__start_noinit_IAP_SRAM = .)
 *(SORT_BY_ALIGNMENT(.noinit.$RAM2))
 *(SORT_BY_ALIGNMENT(.noinit.$IAP_SRAM))
 *(SORT_BY_ALIGNMENT(.noinit.$RAM2.*))
 *(SORT_BY_ALIGNMENT(.noinit.$IAP_SRAM.*))
                0x10003fe0                . = ALIGN (0x4)
                [!provide]                PROVIDE (__end_noinit_RAM2 = .)
                [!provide]                PROVIDE (__end_noinit_IAP_SRAM = .)

.noinit         0x1000072c        0x0
                0x1000072c                _noinit = .
                [!provide]                PROVIDE (__start_noinit_RAM = .)
                [!provide]                PROVIDE (__start_noinit_SRAM = .)
 *(SORT_BY_ALIGNMENT(.noinit*))
                0x1000072c                . = ALIGN (0x4)
                0x1000072c                _end_noinit = .
                [!provide]                PROVIDE (__end_noinit_RAM = .)
                [!provide]                PROVIDE (__end_noinit_SRAM = .)
                0x1000072c                PROVIDE (_pvHeapStart = DEFINED (__user_heap_base)?__user_heap_base:.)
                0x10003fe0                PROVIDE (_vStackTop = DEFINED (__user_stack_top)?__user_stack_top:(__top_SRAM - 0x0))
                0xefffb3fb                PROVIDE (__valid_user_code_checksum = (0x0 - (((_vStackTop + (ResetISR + 0x1)) + (DEFINED (NMI_Handler)?NMI_Handler:M0_NMI_Handler + 0x1)) + (DEFINED (HardFault_Handler)?HardFault_Handler:M0_HardFault_Handler + 0x1))))
                0x00000000                _image_start = LOADADDR (.text)
                0x00006d84                _image_end = (LOADADDR (.data) + SIZEOF (.data))
                0x00006d84                _image_size = (_image_end - _image_start)
OUTPUT(RLC_MeterV2.axf elf32-littlearm)
LOAD linker stubs

.debug_info     0x00000000    0x145ad
 .debug_info    0x00000000       0xa3 ./utilities/fsl_assert.o
 .debug_info    0x000000a3     0x11bf ./utilities/fsl_debug_console.o
 .debug_info    0x00001262      0x4a6 ./startup/startup_lpc845.o
 .debug_info    0x00001708      0x7c7 ./source/RLC_Meter.o
 .debug_info    0x00001ecf      0xa66 ./source/UartComm.o
 .debug_info    0x00002935      0x9ec ./source/globalTimer.o
 .debug_info    0x00003321       0x53 ./source/mtb.o
 .debug_info    0x00003374       0x3c ./source/semihost_hardfault.o
 .debug_info    0x000033b0     0x1130 ./source/signalReader.o
 .debug_info    0x000044e0      0xdf9 ./source/sineGenerator.o
 .debug_info    0x000052d9     0x1004 ./drivers/fsl_adc.o
 .debug_info    0x000062dd     0x11c4 ./drivers/fsl_clock.o
 .debug_info    0x000074a1       0xee ./drivers/fsl_common_arm.o
 .debug_info    0x0000758f     0x1713 ./drivers/fsl_ctimer.o
 .debug_info    0x00008ca2      0xce9 ./drivers/fsl_dac.o
 .debug_info    0x0000998b     0x1f70 ./drivers/fsl_dma.o
 .debug_info    0x0000b8fb      0xda6 ./drivers/fsl_gpio.o
 .debug_info    0x0000c6a1      0x724 ./drivers/fsl_reset.o
 .debug_info    0x0000cdc5      0x71c ./drivers/fsl_swm.o
 .debug_info    0x0000d4e1     0x1b9a ./drivers/fsl_usart.o
 .debug_info    0x0000f07b      0x77e ./device/system_LPC845.o
 .debug_info    0x0000f7f9      0xea5 ./component/uart/fsl_adapter_miniusart.o
 .debug_info    0x0001069e      0xc64 ./board/board.o
 .debug_info    0x00011302      0xacb ./board/clock_config.o
 .debug_info    0x00011dcd     0x16ee ./board/peripherals.o
 .debug_info    0x000134bb     0x10f2 ./board/pin_mux.o

.debug_abbrev   0x00000000     0x30a9
 .debug_abbrev  0x00000000       0x66 ./utilities/fsl_assert.o
 .debug_abbrev  0x00000066      0x2bb ./utilities/fsl_debug_console.o
 .debug_abbrev  0x00000321      0x1ba ./startup/startup_lpc845.o
 .debug_abbrev  0x000004db      0x1dc ./source/RLC_Meter.o
 .debug_abbrev  0x000006b7      0x1dd ./source/UartComm.o
 .debug_abbrev  0x00000894      0x1a2 ./source/globalTimer.o
 .debug_abbrev  0x00000a36       0x46 ./source/mtb.o
 .debug_abbrev  0x00000a7c       0x31 ./source/semihost_hardfault.o
 .debug_abbrev  0x00000aad      0x2dc ./source/signalReader.o
 .debug_abbrev  0x00000d89      0x228 ./source/sineGenerator.o
 .debug_abbrev  0x00000fb1      0x210 ./drivers/fsl_adc.o
 .debug_abbrev  0x000011c1      0x2cd ./drivers/fsl_clock.o
 .debug_abbrev  0x0000148e       0x92 ./drivers/fsl_common_arm.o
 .debug_abbrev  0x00001520      0x32a ./drivers/fsl_ctimer.o
 .debug_abbrev  0x0000184a      0x1d9 ./drivers/fsl_dac.o
 .debug_abbrev  0x00001a23      0x32c ./drivers/fsl_dma.o
 .debug_abbrev  0x00001d4f      0x1c3 ./drivers/fsl_gpio.o
 .debug_abbrev  0x00001f12      0x15c ./drivers/fsl_reset.o
 .debug_abbrev  0x0000206e      0x16e ./drivers/fsl_swm.o
 .debug_abbrev  0x000021dc      0x316 ./drivers/fsl_usart.o
 .debug_abbrev  0x000024f2      0x143 ./device/system_LPC845.o
 .debug_abbrev  0x00002635      0x1cb ./component/uart/fsl_adapter_miniusart.o
 .debug_abbrev  0x00002800      0x188 ./board/board.o
 .debug_abbrev  0x00002988      0x217 ./board/clock_config.o
 .debug_abbrev  0x00002b9f      0x2b6 ./board/peripherals.o
 .debug_abbrev  0x00002e55      0x254 ./board/pin_mux.o

.debug_aranges  0x00000000      0xba8
 .debug_aranges
                0x00000000       0x20 ./utilities/fsl_assert.o
 .debug_aranges
                0x00000020       0x78 ./utilities/fsl_debug_console.o
 .debug_aranges
                0x00000098      0x160 ./startup/startup_lpc845.o
 .debug_aranges
                0x000001f8       0x38 ./source/RLC_Meter.o
 .debug_aranges
                0x00000230       0x40 ./source/UartComm.o
 .debug_aranges
                0x00000270       0x40 ./source/globalTimer.o
 .debug_aranges
                0x000002b0       0x18 ./source/mtb.o
 .debug_aranges
                0x000002c8       0x20 ./source/semihost_hardfault.o
 .debug_aranges
                0x000002e8       0xb0 ./source/signalReader.o
 .debug_aranges
                0x00000398       0x60 ./source/sineGenerator.o
 .debug_aranges
                0x000003f8       0x78 ./drivers/fsl_adc.o
 .debug_aranges
                0x00000470      0x100 ./drivers/fsl_clock.o
 .debug_aranges
                0x00000570       0x28 ./drivers/fsl_common_arm.o
 .debug_aranges
                0x00000598       0xc0 ./drivers/fsl_ctimer.o
 .debug_aranges
                0x00000658       0x60 ./drivers/fsl_dac.o
 .debug_aranges
                0x000006b8      0x130 ./drivers/fsl_dma.o
 .debug_aranges
                0x000007e8       0x38 ./drivers/fsl_gpio.o
 .debug_aranges
                0x00000820       0x30 ./drivers/fsl_reset.o
 .debug_aranges
                0x00000850       0x28 ./drivers/fsl_swm.o
 .debug_aranges
                0x00000878      0x128 ./drivers/fsl_usart.o
 .debug_aranges
                0x000009a0       0x30 ./device/system_LPC845.o
 .debug_aranges
                0x000009d0       0x50 ./component/uart/fsl_adapter_miniusart.o
 .debug_aranges
                0x00000a20       0x28 ./board/board.o
 .debug_aranges
                0x00000a48       0x68 ./board/clock_config.o
 .debug_aranges
                0x00000ab0       0x90 ./board/peripherals.o
 .debug_aranges
                0x00000b40       0x68 ./board/pin_mux.o

.debug_ranges   0x00000000      0xa00
 .debug_ranges  0x00000000       0x10 ./utilities/fsl_assert.o
 .debug_ranges  0x00000010       0x68 ./utilities/fsl_debug_console.o
 .debug_ranges  0x00000078      0x150 ./startup/startup_lpc845.o
 .debug_ranges  0x000001c8       0x28 ./source/RLC_Meter.o
 .debug_ranges  0x000001f0       0x30 ./source/UartComm.o
 .debug_ranges  0x00000220       0x30 ./source/globalTimer.o
 .debug_ranges  0x00000250       0x10 ./source/semihost_hardfault.o
 .debug_ranges  0x00000260       0xa0 ./source/signalReader.o
 .debug_ranges  0x00000300       0x50 ./source/sineGenerator.o
 .debug_ranges  0x00000350       0x68 ./drivers/fsl_adc.o
 .debug_ranges  0x000003b8       0xf0 ./drivers/fsl_clock.o
 .debug_ranges  0x000004a8       0x18 ./drivers/fsl_common_arm.o
 .debug_ranges  0x000004c0       0xb0 ./drivers/fsl_ctimer.o
 .debug_ranges  0x00000570       0x50 ./drivers/fsl_dac.o
 .debug_ranges  0x000005c0      0x120 ./drivers/fsl_dma.o
 .debug_ranges  0x000006e0       0x28 ./drivers/fsl_gpio.o
 .debug_ranges  0x00000708       0x20 ./drivers/fsl_reset.o
 .debug_ranges  0x00000728       0x18 ./drivers/fsl_swm.o
 .debug_ranges  0x00000740      0x118 ./drivers/fsl_usart.o
 .debug_ranges  0x00000858       0x20 ./device/system_LPC845.o
 .debug_ranges  0x00000878       0x40 ./component/uart/fsl_adapter_miniusart.o
 .debug_ranges  0x000008b8       0x18 ./board/board.o
 .debug_ranges  0x000008d0       0x58 ./board/clock_config.o
 .debug_ranges  0x00000928       0x80 ./board/peripherals.o
 .debug_ranges  0x000009a8       0x58 ./board/pin_mux.o

.debug_macro    0x00000000     0x9d7e
 .debug_macro   0x00000000      0x13b ./utilities/fsl_assert.o
 .debug_macro   0x0000013b      0xa7e ./utilities/fsl_assert.o
 .debug_macro   0x00000bb9       0x10 ./utilities/fsl_assert.o
 .debug_macro   0x00000bc9       0x1c ./utilities/fsl_assert.o
 .debug_macro   0x00000be5       0x22 ./utilities/fsl_assert.o
 .debug_macro   0x00000c07      0x12e ./utilities/fsl_assert.o
 .debug_macro   0x00000d35      0x5b3 ./utilities/fsl_assert.o
 .debug_macro   0x000012e8       0x22 ./utilities/fsl_assert.o
 .debug_macro   0x0000130a       0x10 ./utilities/fsl_assert.o
 .debug_macro   0x0000131a       0x3f ./utilities/fsl_assert.o
 .debug_macro   0x00001359       0x1c ./utilities/fsl_assert.o
 .debug_macro   0x00001375       0x22 ./utilities/fsl_assert.o
 .debug_macro   0x00001397       0xd1 ./utilities/fsl_assert.o
 .debug_macro   0x00001468      0x3ad ./utilities/fsl_assert.o
 .debug_macro   0x00001815       0x22 ./utilities/fsl_assert.o
 .debug_macro   0x00001837     0x58a3 ./utilities/fsl_assert.o
 .debug_macro   0x000070da      0x232 ./utilities/fsl_assert.o
 .debug_macro   0x0000730c       0x7a ./utilities/fsl_assert.o
 .debug_macro   0x00007386       0x96 ./utilities/fsl_assert.o
 .debug_macro   0x0000741c      0x125 ./utilities/fsl_assert.o
 .debug_macro   0x00007541       0x16 ./utilities/fsl_assert.o
 .debug_macro   0x00007557       0x81 ./utilities/fsl_assert.o
 .debug_macro   0x000075d8       0x1c ./utilities/fsl_assert.o
 .debug_macro   0x000075f4       0x1c ./utilities/fsl_assert.o
 .debug_macro   0x00007610       0x34 ./utilities/fsl_assert.o
 .debug_macro   0x00007644      0x161 ./utilities/fsl_debug_console.o
 .debug_macro   0x000077a5       0x16 ./utilities/fsl_debug_console.o
 .debug_macro   0x000077bb       0x10 ./utilities/fsl_debug_console.o
 .debug_macro   0x000077cb       0x28 ./utilities/fsl_debug_console.o
 .debug_macro   0x000077f3       0xc4 ./utilities/fsl_debug_console.o
 .debug_macro   0x000078b7       0x16 ./utilities/fsl_debug_console.o
 .debug_macro   0x000078cd       0x46 ./utilities/fsl_debug_console.o
 .debug_macro   0x00007913       0x32 ./startup/startup_lpc845.o
 .debug_macro   0x00007945       0x34 ./startup/startup_lpc845.o
 .debug_macro   0x00007979      0x203 ./source/RLC_Meter.o
 .debug_macro   0x00007b7c       0x28 ./source/RLC_Meter.o
 .debug_macro   0x00007ba4       0x10 ./source/RLC_Meter.o
 .debug_macro   0x00007bb4       0xf4 ./source/RLC_Meter.o
 .debug_macro   0x00007ca8       0x1c ./source/RLC_Meter.o
 .debug_macro   0x00007cc4       0x34 ./source/RLC_Meter.o
 .debug_macro   0x00007cf8       0xd2 ./source/RLC_Meter.o
 .debug_macro   0x00007dca       0x76 ./source/RLC_Meter.o
 .debug_macro   0x00007e40       0x10 ./source/RLC_Meter.o
 .debug_macro   0x00007e50       0x22 ./source/RLC_Meter.o
 .debug_macro   0x00007e72       0x10 ./source/RLC_Meter.o
 .debug_macro   0x00007e82       0x52 ./source/RLC_Meter.o
 .debug_macro   0x00007ed4      0x263 ./source/RLC_Meter.o
 .debug_macro   0x00008137       0x16 ./source/RLC_Meter.o
 .debug_macro   0x0000814d      0x19b ./source/UartComm.o
 .debug_macro   0x000082e8       0x10 ./source/UartComm.o
 .debug_macro   0x000082f8      0x155 ./source/globalTimer.o
 .debug_macro   0x0000844d       0x2f ./source/mtb.o
 .debug_macro   0x0000847c       0x82 ./source/mtb.o
 .debug_macro   0x000084fe       0x10 ./source/mtb.o
 .debug_macro   0x0000850e       0x11 ./source/semihost_hardfault.o
 .debug_macro   0x0000851f      0x1bf ./source/signalReader.o
 .debug_macro   0x000086de       0x22 ./source/signalReader.o
 .debug_macro   0x00008700      0x1a3 ./source/sineGenerator.o
 .debug_macro   0x000088a3       0x2e ./source/sineGenerator.o
 .debug_macro   0x000088d1      0x140 ./drivers/fsl_adc.o
 .debug_macro   0x00008a11      0x14e ./drivers/fsl_clock.o
 .debug_macro   0x00008b5f      0x12a ./drivers/fsl_common_arm.o
 .debug_macro   0x00008c89      0x13a ./drivers/fsl_ctimer.o
 .debug_macro   0x00008dc3      0x13a ./drivers/fsl_dac.o
 .debug_macro   0x00008efd      0x139 ./drivers/fsl_dma.o
 .debug_macro   0x00009036       0x70 ./drivers/fsl_dma.o
 .debug_macro   0x000090a6      0x13a ./drivers/fsl_gpio.o
 .debug_macro   0x000091e0      0x12a ./drivers/fsl_reset.o
 .debug_macro   0x0000930a      0x144 ./drivers/fsl_swm.o
 .debug_macro   0x0000944e      0x139 ./drivers/fsl_usart.o
 .debug_macro   0x00009587       0x1c ./drivers/fsl_usart.o
 .debug_macro   0x000095a3       0x97 ./device/system_LPC845.o
 .debug_macro   0x0000963a      0x136 ./component/uart/fsl_adapter_miniusart.o
 .debug_macro   0x00009770      0x162 ./board/board.o
 .debug_macro   0x000098d2       0x2e ./board/board.o
 .debug_macro   0x00009900      0x14a ./board/clock_config.o
 .debug_macro   0x00009a4a      0x165 ./board/peripherals.o
 .debug_macro   0x00009baf      0x159 ./board/pin_mux.o
 .debug_macro   0x00009d08       0x76 ./board/pin_mux.o

.debug_line     0x00000000     0x99d9
 .debug_line    0x00000000      0x3bf ./utilities/fsl_assert.o
 .debug_line    0x000003bf      0xc6d ./utilities/fsl_debug_console.o
 .debug_line    0x0000102c      0x26f ./startup/startup_lpc845.o
 .debug_line    0x0000129b      0x74b ./source/RLC_Meter.o
 .debug_line    0x000019e6      0x54c ./source/UartComm.o
 .debug_line    0x00001f32      0x529 ./source/globalTimer.o
 .debug_line    0x0000245b       0xd1 ./source/mtb.o
 .debug_line    0x0000252c       0x59 ./source/semihost_hardfault.o
 .debug_line    0x00002585      0x810 ./source/signalReader.o
 .debug_line    0x00002d95      0x5e0 ./source/sineGenerator.o
 .debug_line    0x00003375      0x666 ./drivers/fsl_adc.o
 .debug_line    0x000039db      0xa49 ./drivers/fsl_clock.o
 .debug_line    0x00004424      0x37e ./drivers/fsl_common_arm.o
 .debug_line    0x000047a2      0x86f ./drivers/fsl_ctimer.o
 .debug_line    0x00005011      0x4b2 ./drivers/fsl_dac.o
 .debug_line    0x000054c3      0xe3e ./drivers/fsl_dma.o
 .debug_line    0x00006301      0x3de ./drivers/fsl_gpio.o
 .debug_line    0x000066df      0x3ab ./drivers/fsl_reset.o
 .debug_line    0x00006a8a      0x3ff ./drivers/fsl_swm.o
 .debug_line    0x00006e89      0xcde ./drivers/fsl_usart.o
 .debug_line    0x00007b67      0x3f7 ./device/system_LPC845.o
 .debug_line    0x00007f5e      0x548 ./component/uart/fsl_adapter_miniusart.o
 .debug_line    0x000084a6      0x46a ./board/board.o
 .debug_line    0x00008910      0x500 ./board/clock_config.o
 .debug_line    0x00008e10      0x5e0 ./board/peripherals.o
 .debug_line    0x000093f0      0x5e9 ./board/pin_mux.o

.debug_str      0x00000000    0x41061
 .debug_str     0x00000000    0x3680b ./utilities/fsl_assert.o
                              0x36895 (size before relaxing)
 .debug_str     0x0003680b     0x1a12 ./utilities/fsl_debug_console.o
                              0x38311 (size before relaxing)
 .debug_str     0x0003821d      0x4ba ./startup/startup_lpc845.o
                               0x31be (size before relaxing)
 .debug_str     0x000386d7     0x28cb ./source/RLC_Meter.o
                              0x3974d (size before relaxing)
 .debug_str     0x0003afa2      0x1ea ./source/UartComm.o
                              0x38b89 (size before relaxing)
 .debug_str     0x0003b18c       0x7e ./source/globalTimer.o
                              0x37f01 (size before relaxing)
 .debug_str     0x0003b20a      0x532 ./source/mtb.o
                               0x31f0 (size before relaxing)
 .debug_str     0x0003b73c       0x1f ./source/semihost_hardfault.o
                               0x2cdd (size before relaxing)
 .debug_str     0x0003b75b      0x93d ./source/signalReader.o
                              0x3a357 (size before relaxing)
 .debug_str     0x0003c098      0x225 ./source/sineGenerator.o
                              0x39363 (size before relaxing)
 .debug_str     0x0003c2bd      0x595 ./drivers/fsl_adc.o
                              0x37af6 (size before relaxing)
 .debug_str     0x0003c852      0x90f ./drivers/fsl_clock.o
                              0x37c3e (size before relaxing)
 .debug_str     0x0003d161       0x82 ./drivers/fsl_common_arm.o
                              0x36749 (size before relaxing)
 .debug_str     0x0003d1e3      0x9d1 ./drivers/fsl_ctimer.o
                              0x38235 (size before relaxing)
 .debug_str     0x0003dbb4      0x15a ./drivers/fsl_dac.o
                              0x3797c (size before relaxing)
 .debug_str     0x0003dd0e      0x9ae ./drivers/fsl_dma.o
                              0x38e5e (size before relaxing)
 .debug_str     0x0003e6bc      0x11c ./drivers/fsl_gpio.o
                              0x37928 (size before relaxing)
 .debug_str     0x0003e7d8       0xae ./drivers/fsl_reset.o
                              0x36d40 (size before relaxing)
 .debug_str     0x0003e886      0xb13 ./drivers/fsl_swm.o
                              0x3731c (size before relaxing)
 .debug_str     0x0003f399      0xab9 ./drivers/fsl_usart.o
                              0x38882 (size before relaxing)
 .debug_str     0x0003fe52       0x9b ./device/system_LPC845.o
                              0x35137 (size before relaxing)
 .debug_str     0x0003feed       0xfb ./component/uart/fsl_adapter_miniusart.o
                              0x37c22 (size before relaxing)
 .debug_str     0x0003ffe8      0x6ff ./board/board.o
                              0x38ae0 (size before relaxing)
 .debug_str     0x000406e7      0x207 ./board/clock_config.o
                              0x37715 (size before relaxing)
 .debug_str     0x000408ee      0x242 ./board/peripherals.o
                              0x38bdc (size before relaxing)
 .debug_str     0x00040b30      0x531 ./board/pin_mux.o
                              0x3873a (size before relaxing)

.comment        0x00000000       0x49
 .comment       0x00000000       0x49 ./utilities/fsl_assert.o
                                 0x4a (size before relaxing)
 .comment       0x00000049       0x4a ./utilities/fsl_debug_console.o
 .comment       0x00000049       0x4a ./startup/startup_lpc845.o
 .comment       0x00000049       0x4a ./source/RLC_Meter.o
 .comment       0x00000049       0x4a ./source/UartComm.o
 .comment       0x00000049       0x4a ./source/globalTimer.o
 .comment       0x00000049       0x4a ./source/mtb.o
 .comment       0x00000049       0x4a ./source/semihost_hardfault.o
 .comment       0x00000049       0x4a ./source/signalReader.o
 .comment       0x00000049       0x4a ./source/sineGenerator.o
 .comment       0x00000049       0x4a ./drivers/fsl_adc.o
 .comment       0x00000049       0x4a ./drivers/fsl_clock.o
 .comment       0x00000049       0x4a ./drivers/fsl_common_arm.o
 .comment       0x00000049       0x4a ./drivers/fsl_ctimer.o
 .comment       0x00000049       0x4a ./drivers/fsl_dac.o
 .comment       0x00000049       0x4a ./drivers/fsl_dma.o
 .comment       0x00000049       0x4a ./drivers/fsl_gpio.o
 .comment       0x00000049       0x4a ./drivers/fsl_reset.o
 .comment       0x00000049       0x4a ./drivers/fsl_swm.o
 .comment       0x00000049       0x4a ./drivers/fsl_usart.o
 .comment       0x00000049       0x4a ./device/system_LPC845.o
 .comment       0x00000049       0x4a ./component/uart/fsl_adapter_miniusart.o
 .comment       0x00000049       0x4a ./board/board.o
 .comment       0x00000049       0x4a ./board/clock_config.o
 .comment       0x00000049       0x4a ./board/peripherals.o
 .comment       0x00000049       0x4a ./board/pin_mux.o
 .comment       0x00000049       0x4a d:/nxp/mcuxpressoide_11.6.1_8255/ide/plugins/com.nxp.mcuxpresso.tools.win32_11.6.1.202207200623/tools/bin/../lib/gcc/arm-none-eabi/10.3.1/../../../../arm-none-eabi/lib/thumb/v6-m/nofp\libcr_nohost_nf.a(_cr__main.o)
 .comment       0x00000049       0x4a d:/nxp/mcuxpressoide_11.6.1_8255/ide/plugins/com.nxp.mcuxpresso.tools.win32_11.6.1.202207200623/tools/bin/../lib/gcc/arm-none-eabi/10.3.1/../../../../arm-none-eabi/lib/thumb/v6-m/nofp\libcr_c.a(cosf.o)
 .comment       0x00000049       0x4a d:/nxp/mcuxpressoide_11.6.1_8255/ide/plugins/com.nxp.mcuxpresso.tools.win32_11.6.1.202207200623/tools/bin/../lib/gcc/arm-none-eabi/10.3.1/../../../../arm-none-eabi/lib/thumb/v6-m/nofp\libcr_c.a(sinf.o)
 .comment       0x00000049       0x4a d:/nxp/mcuxpressoide_11.6.1_8255/ide/plugins/com.nxp.mcuxpresso.tools.win32_11.6.1.202207200623/tools/bin/../lib/gcc/arm-none-eabi/10.3.1/../../../../arm-none-eabi/lib/thumb/v6-m/nofp\libcr_c.a(memcpy.o)
 .comment       0x00000049       0x4a d:/nxp/mcuxpressoide_11.6.1_8255/ide/plugins/com.nxp.mcuxpresso.tools.win32_11.6.1.202207200623/tools/bin/../lib/gcc/arm-none-eabi/10.3.1/../../../../arm-none-eabi/lib/thumb/v6-m/nofp\libcr_c.a(memset.o)
 .comment       0x00000049       0x4a d:/nxp/mcuxpressoide_11.6.1_8255/ide/plugins/com.nxp.mcuxpresso.tools.win32_11.6.1.202207200623/tools/bin/../lib/gcc/arm-none-eabi/10.3.1/../../../../arm-none-eabi/lib/thumb/v6-m/nofp\libcr_c.a(alloc.o)
 .comment       0x00000049       0x4a d:/nxp/mcuxpressoide_11.6.1_8255/ide/plugins/com.nxp.mcuxpresso.tools.win32_11.6.1.202207200623/tools/bin/../lib/gcc/arm-none-eabi/10.3.1/../../../../arm-none-eabi/lib/thumb/v6-m/nofp\libcr_c.a(ceil.o)
 .comment       0x00000049       0x4a d:/nxp/mcuxpressoide_11.6.1_8255/ide/plugins/com.nxp.mcuxpresso.tools.win32_11.6.1.202207200623/tools/bin/../lib/gcc/arm-none-eabi/10.3.1/../../../../arm-none-eabi/lib/thumb/v6-m/nofp\libcr_c.a(initio.o)
 .comment       0x00000049       0x4a d:/nxp/mcuxpressoide_11.6.1_8255/ide/plugins/com.nxp.mcuxpresso.tools.win32_11.6.1.202207200623/tools/bin/../lib/gcc/arm-none-eabi/10.3.1/../../../../arm-none-eabi/lib/thumb/v6-m/nofp\libcr_c.a(printf.o)
 .comment       0x00000049       0x4a d:/nxp/mcuxpressoide_11.6.1_8255/ide/plugins/com.nxp.mcuxpresso.tools.win32_11.6.1.202207200623/tools/bin/../lib/gcc/arm-none-eabi/10.3.1/../../../../arm-none-eabi/lib/thumb/v6-m/nofp\libcr_c.a(setvbuf.o)
 .comment       0x00000049       0x4a d:/nxp/mcuxpressoide_11.6.1_8255/ide/plugins/com.nxp.mcuxpresso.tools.win32_11.6.1.202207200623/tools/bin/../lib/gcc/arm-none-eabi/10.3.1/../../../../arm-none-eabi/lib/thumb/v6-m/nofp\libcr_c.a(stdlib.o)
 .comment       0x00000049       0x4a d:/nxp/mcuxpressoide_11.6.1_8255/ide/plugins/com.nxp.mcuxpresso.tools.win32_11.6.1.202207200623/tools/bin/../lib/gcc/arm-none-eabi/10.3.1/../../../../arm-none-eabi/lib/thumb/v6-m/nofp\libcr_c.a(strlen.o)
 .comment       0x00000049       0x4a d:/nxp/mcuxpressoide_11.6.1_8255/ide/plugins/com.nxp.mcuxpresso.tools.win32_11.6.1.202207200623/tools/bin/../lib/gcc/arm-none-eabi/10.3.1/../../../../arm-none-eabi/lib/thumb/v6-m/nofp\libcr_c.a(_sincosf.o)
 .comment       0x00000049       0x4a d:/nxp/mcuxpressoide_11.6.1_8255/ide/plugins/com.nxp.mcuxpresso.tools.win32_11.6.1.202207200623/tools/bin/../lib/gcc/arm-none-eabi/10.3.1/../../../../arm-none-eabi/lib/thumb/v6-m/nofp\libcr_c.a(fabsf.o)
 .comment       0x00000049       0x4a d:/nxp/mcuxpressoide_11.6.1_8255/ide/plugins/com.nxp.mcuxpresso.tools.win32_11.6.1.202207200623/tools/bin/../lib/gcc/arm-none-eabi/10.3.1/../../../../arm-none-eabi/lib/thumb/v6-m/nofp\libcr_c.a(__init_alloc.o)
 .comment       0x00000049       0x4a d:/nxp/mcuxpressoide_11.6.1_8255/ide/plugins/com.nxp.mcuxpresso.tools.win32_11.6.1.202207200623/tools/bin/../lib/gcc/arm-none-eabi/10.3.1/../../../../arm-none-eabi/lib/thumb/v6-m/nofp\libcr_c.a(_cr_sbrk.o)
 .comment       0x00000049       0x4a d:/nxp/mcuxpressoide_11.6.1_8255/ide/plugins/com.nxp.mcuxpresso.tools.win32_11.6.1.202207200623/tools/bin/../lib/gcc/arm-none-eabi/10.3.1/../../../../arm-none-eabi/lib/thumb/v6-m/nofp\libcr_c.a(_deferredlazyseek.o)
 .comment       0x00000049       0x4a d:/nxp/mcuxpressoide_11.6.1_8255/ide/plugins/com.nxp.mcuxpresso.tools.win32_11.6.1.202207200623/tools/bin/../lib/gcc/arm-none-eabi/10.3.1/../../../../arm-none-eabi/lib/thumb/v6-m/nofp\libcr_c.a(_fdopen.o)
 .comment       0x00000049       0x4a d:/nxp/mcuxpressoide_11.6.1_8255/ide/plugins/com.nxp.mcuxpresso.tools.win32_11.6.1.202207200623/tools/bin/../lib/gcc/arm-none-eabi/10.3.1/../../../../arm-none-eabi/lib/thumb/v6-m/nofp\libcr_c.a(_fflush.o)
 .comment       0x00000049       0x4a d:/nxp/mcuxpressoide_11.6.1_8255/ide/plugins/com.nxp.mcuxpresso.tools.win32_11.6.1.202207200623/tools/bin/../lib/gcc/arm-none-eabi/10.3.1/../../../../arm-none-eabi/lib/thumb/v6-m/nofp\libcr_c.a(_writebuf.o)
 .comment       0x00000049       0x4a d:/nxp/mcuxpressoide_11.6.1_8255/ide/plugins/com.nxp.mcuxpresso.tools.win32_11.6.1.202207200623/tools/bin/../lib/gcc/arm-none-eabi/10.3.1/../../../../arm-none-eabi/lib/thumb/v6-m/nofp\libcr_c.a(errno.o)
 .comment       0x00000049       0x4a d:/nxp/mcuxpressoide_11.6.1_8255/ide/plugins/com.nxp.mcuxpresso.tools.win32_11.6.1.202207200623/tools/bin/../lib/gcc/arm-none-eabi/10.3.1/../../../../arm-none-eabi/lib/thumb/v6-m/nofp\libcr_c.a(fclose.o)
 .comment       0x00000049       0x4a d:/nxp/mcuxpressoide_11.6.1_8255/ide/plugins/com.nxp.mcuxpresso.tools.win32_11.6.1.202207200623/tools/bin/../lib/gcc/arm-none-eabi/10.3.1/../../../../arm-none-eabi/lib/thumb/v6-m/nofp\libcr_c.a(fflush.o)
 .comment       0x00000049       0x4a d:/nxp/mcuxpressoide_11.6.1_8255/ide/plugins/com.nxp.mcuxpresso.tools.win32_11.6.1.202207200623/tools/bin/../lib/gcc/arm-none-eabi/10.3.1/../../../../arm-none-eabi/lib/thumb/v6-m/nofp\libcr_c.a(fseek.o)
 .comment       0x00000049       0x4a d:/nxp/mcuxpressoide_11.6.1_8255/ide/plugins/com.nxp.mcuxpresso.tools.win32_11.6.1.202207200623/tools/bin/../lib/gcc/arm-none-eabi/10.3.1/../../../../arm-none-eabi/lib/thumb/v6-m/nofp\libcr_c.a(ftell.o)
 .comment       0x00000049       0x4a d:/nxp/mcuxpressoide_11.6.1_8255/ide/plugins/com.nxp.mcuxpresso.tools.win32_11.6.1.202207200623/tools/bin/../lib/gcc/arm-none-eabi/10.3.1/../../../../arm-none-eabi/lib/thumb/v6-m/nofp\libcr_c.a(remove.o)
 .comment       0x00000049       0x4a d:/nxp/mcuxpressoide_11.6.1_8255/ide/plugins/com.nxp.mcuxpresso.tools.win32_11.6.1.202207200623/tools/bin/../lib/gcc/arm-none-eabi/10.3.1/../../../../arm-none-eabi/lib/thumb/v6-m/nofp\libcr_c.a(_cr_check_heap.o)
 .comment       0x00000049       0x4a d:/nxp/mcuxpressoide_11.6.1_8255/ide/plugins/com.nxp.mcuxpresso.tools.win32_11.6.1.202207200623/tools/bin/../lib/gcc/arm-none-eabi/10.3.1/../../../../arm-none-eabi/lib/thumb/v6-m/nofp\libcr_c.a(_do_fflush.o)
 .comment       0x00000049       0x4a d:/nxp/mcuxpressoide_11.6.1_8255/ide/plugins/com.nxp.mcuxpresso.tools.win32_11.6.1.202207200623/tools/bin/../lib/gcc/arm-none-eabi/10.3.1/thumb/v6-m/nofp\libcr_eabihelpers.a(double.o)
 .comment       0x00000049       0x4a d:/nxp/mcuxpressoide_11.6.1_8255/ide/plugins/com.nxp.mcuxpresso.tools.win32_11.6.1.202207200623/tools/bin/../lib/gcc/arm-none-eabi/10.3.1/thumb/v6-m/nofp\libcr_eabihelpers.a(float.o)
 .comment       0x00000049       0x4a d:/nxp/mcuxpressoide_11.6.1_8255/ide/plugins/com.nxp.mcuxpresso.tools.win32_11.6.1.202207200623/tools/bin/../lib/gcc/arm-none-eabi/10.3.1/../../../../arm-none-eabi/lib/thumb/v6-m/nofp\libcr_nohost_nf.a(__ciob.o)
 .comment       0x00000049       0x4a d:/nxp/mcuxpressoide_11.6.1_8255/ide/plugins/com.nxp.mcuxpresso.tools.win32_11.6.1.202207200623/tools/bin/../lib/gcc/arm-none-eabi/10.3.1/../../../../arm-none-eabi/lib/thumb/v6-m/nofp\libcr_nohost_nf.a(__sys_appexit.o)
 .comment       0x00000049       0x4a d:/nxp/mcuxpressoide_11.6.1_8255/ide/plugins/com.nxp.mcuxpresso.tools.win32_11.6.1.202207200623/tools/bin/../lib/gcc/arm-none-eabi/10.3.1/../../../../arm-none-eabi/lib/thumb/v6-m/nofp\libcr_nohost_nf.a(__sys_close.o)
 .comment       0x00000049       0x4a d:/nxp/mcuxpressoide_11.6.1_8255/ide/plugins/com.nxp.mcuxpresso.tools.win32_11.6.1.202207200623/tools/bin/../lib/gcc/arm-none-eabi/10.3.1/../../../../arm-none-eabi/lib/thumb/v6-m/nofp\libcr_nohost_nf.a(__sys_flen.o)
 .comment       0x00000049       0x4a d:/nxp/mcuxpressoide_11.6.1_8255/ide/plugins/com.nxp.mcuxpresso.tools.win32_11.6.1.202207200623/tools/bin/../lib/gcc/arm-none-eabi/10.3.1/../../../../arm-none-eabi/lib/thumb/v6-m/nofp\libcr_nohost_nf.a(__sys_istty.o)
 .comment       0x00000049       0x4a d:/nxp/mcuxpressoide_11.6.1_8255/ide/plugins/com.nxp.mcuxpresso.tools.win32_11.6.1.202207200623/tools/bin/../lib/gcc/arm-none-eabi/10.3.1/../../../../arm-none-eabi/lib/thumb/v6-m/nofp\libcr_nohost_nf.a(__sys_remove.o)
 .comment       0x00000049       0x4a d:/nxp/mcuxpressoide_11.6.1_8255/ide/plugins/com.nxp.mcuxpresso.tools.win32_11.6.1.202207200623/tools/bin/../lib/gcc/arm-none-eabi/10.3.1/../../../../arm-none-eabi/lib/thumb/v6-m/nofp\libcr_nohost_nf.a(__sys_seek.o)
 .comment       0x00000049       0x4a d:/nxp/mcuxpressoide_11.6.1_8255/ide/plugins/com.nxp.mcuxpresso.tools.win32_11.6.1.202207200623/tools/bin/../lib/gcc/arm-none-eabi/10.3.1/../../../../arm-none-eabi/lib/thumb/v6-m/nofp\libcr_nohost_nf.a(__sys_tmpnam.o)
 .comment       0x00000049       0x4a d:/nxp/mcuxpressoide_11.6.1_8255/ide/plugins/com.nxp.mcuxpresso.tools.win32_11.6.1.202207200623/tools/bin/../lib/gcc/arm-none-eabi/10.3.1/../../../../arm-none-eabi/lib/thumb/v6-m/nofp\libcr_nohost_nf.a(__sys_write.o)

.ARM.attributes
                0x00000000       0x2a
 .ARM.attributes
                0x00000000       0x2c ./utilities/fsl_assert.o
 .ARM.attributes
                0x0000002c       0x2c ./utilities/fsl_debug_console.o
 .ARM.attributes
                0x00000058       0x2c ./startup/startup_lpc845.o
 .ARM.attributes
                0x00000084       0x2c ./source/RLC_Meter.o
 .ARM.attributes
                0x000000b0       0x2c ./source/UartComm.o
 .ARM.attributes