C:\Users\Damian - PC\Documents\MCUXpressoIDE_11.6.1_8255\workspace\RLC_Meter\drivers/fsl_clock.h:558:20:CLOCK_EnableClock	16	static
C:\Users\Damian - PC\Documents\MCUXpressoIDE_11.6.1_8255\workspace\RLC_Meter\drivers/fsl_clock.h:569:20:CLOCK_DisableClock	16	static
C:\Users\Damian - PC\Documents\MCUXpressoIDE_11.6.1_8255\workspace\RLC_Meter\drivers/fsl_iocon.h:102:22:IOCON_PinMuxSet	24	static
../board/pin_mux.c:40:6:BOARD_InitBootPins	8	static
../board/pin_mux.c:73:6:BOARD_InitPins	24	static
../board/pin_mux.c:177:6:BOARD_InitLEDsPins	32	static
../board/pin_mux.c:275:6:BOARD_InitDEBUG_UARTPins	16	static
../board/pin_mux.c:345:6:BOARD_InitSWD_DEBUGPins	24	static
../board/pin_mux.c:429:6:BOARD_InitBUTTONsPins	16	static
../board/pin_mux.c:487:6:BOARD_InitCAPTPins	24	static
